ARM Linker, RVCT4.0 [Build 524] for uVision [Evaluation]
Selecting library startup.o.Selecting library lab12.o.
==============================================================================

Loading Objects.

Loading object startup.o.
              definition:  __ARM_asm.debug_abbrev
              definition:  __user_initial_stackheap
              definition:  Reset_Handler
              reference :  __main
              reference :  __use_two_region_memory
Loading object lab12.o.
              definition:  __ARM_use_no_argv
              definition:  __ARM_grp..debug_abbrev.group.2_Am0000_lbphKItke$2_000000
              definition:  __ARM_grp..debug_info$LPC214x.H$.2_od8000_lqCUW9GRIef_300000
              definition:  __ARM_grp..debug_info$lab12.c$.2_4A0000_V1QIyyjPdlc_300000
              definition:  __ARM_grp..debug_info$stdio.h$.2_kp1000_P5Kqf8iZ5Pb_700000
              definition:  __ARM_grp.LPC214x.H.2_od8000_lqCUW9GRIef_300000
              definition:  __ARM_grp.lab12.c.2_4A0000_V1QIyyjPdlc_300000
              definition:  __ARM_grp.stdio.h.2_kp1000_P5Kqf8iZ5Pb_700000
              definition:  __ARM_grp..debug_line$LPC214x.H$.2_od8000_lqCUW9GRIef_300000
              definition:  __ARM_grp..debug_line$lab12.c$.2_4A0000_V1QIyyjPdlc_300000
              definition:  __ARM_grp..debug_line$stdio.h$.2_kp1000_P5Kqf8iZ5Pb_700000
              definition:  __ARM_grp..debug_macinfo$LPC214x.H$.2_od8000_lqCUW9GRIef_300000
              definition:  __ARM_grp..debug_macinfo$lab12.c$.2_4A0000_V1QIyyjPdlc_300000
              definition:  __ARM_grp..debug_macinfo$stdio.h$.2_kp1000_P5Kqf8iZ5Pb_700000
              definition:  __ARM_grp..debug_pubnames$stdio.h$.2_kp1000_P5Kqf8iZ5Pb_700000
              definition:  delay
              definition:  enable
              definition:  LCD_CMD
              definition:  LCD_DATA
              definition:  init_LCD
              definition:  change_Adress
              definition:  send_Text
              definition:  main
              reference :  __aeabi_memcpy4
Add decompression support symbols.
              reference :  __decompress_flags
              weak ref  :  __decompress_sizes

==============================================================================

Loading User Libraries.

Adding attributes $THM_ISAv1 from cpu and fpu.

==============================================================================

Loading System Libraries.

Searching for ARM libraries in directory D:\APPS\Keil\ARM\RV31\LIB\armlib\
Selecting library D:\APPS\Keil\ARM\RV31\LIB\armlib\c_t.l.Selecting library D:\APPS\Keil\ARM\RV31\LIB\armlib\c_t.l.
Selecting library D:\APPS\Keil\ARM\RV31\LIB\armlib\fz_ts.l.Selecting library D:\APPS\Keil\ARM\RV31\LIB\armlib\fz_ts.l.
Selecting library D:\APPS\Keil\ARM\RV31\LIB\armlib\h_t.l.Selecting library D:\APPS\Keil\ARM\RV31\LIB\armlib\h_t.l.
Selecting library D:\APPS\Keil\ARM\RV31\LIB\armlib\m_ts.l.Selecting library D:\APPS\Keil\ARM\RV31\LIB\armlib\m_ts.l.
Selecting library D:\APPS\Keil\ARM\RV31\LIB\armlib\vfpsupport.l.Selecting library D:\APPS\Keil\ARM\RV31\LIB\armlib\vfpsupport.l.
Selecting member __main.o(c_t.l) to define __main.
Selecting member heapauxi.o(c_t.l) to define __use_two_region_memory.
Selecting member rt_memcpy_w.o(c_t.l) to define __aeabi_memcpy4.
Selecting member dc.o(c_t.l) to define __decompress_flags.
Loading member dc.o from c_t.l.
              definition:  __decompress_flags
              definition:  __decompress_sizes
Loading member rt_memcpy_w.o from c_t.l.
              definition:  __aeabi_memcpy4
              definition:  __aeabi_memcpy8
              definition:  __rt_memcpy_w
              definition:  _memcpy_lastbytes_aligned
Loading member heapauxi.o from c_t.l.
              definition:  __use_two_region_memory
              definition:  __rt_heap_escrow$2region
              definition:  __rt_heap_expand$2region
Loading member __main.o from c_t.l.
              definition:  __main
              reference :  __rt_entry
              weak ref  :  __scatterload
Selecting member rtentry.o(c_t.l) to define __rt_entry.
Loading member rtentry.o from c_t.l.
              definition:  __rt_entry
              reference :  __rt_entry_li
              reference :  __rt_entry_main
              reference :  __rt_entry_postli_1
              reference :  __rt_entry_postsh_1
              reference :  __rt_entry_presh_1
              reference :  __rt_entry_sh
Selecting member rtentry2.o(c_t.l) to define __rt_entry_li.
Selecting member rtentry2.o(c_t.l) to define __rt_entry_main.
Running selection script in c_t.l to resolve __rt_entry_postli_1.
Selecting member rtentry2.o(c_t.l) to define __rt_entry_postli_1.
Selecting member rtentry2.o(c_t.l) to define __rt_entry_postli_2.
Running selection script in c_t.l to resolve __rt_entry_postsh_1.
Selecting member rtentry2.o(c_t.l) to define __rt_entry_postsh_1.
Selecting member rtentry2.o(c_t.l) to define __rt_entry_postsh_2.
Running selection script in c_t.l to resolve __rt_entry_presh_1.
Selecting member rtentry2.o(c_t.l) to define __rt_entry_presh_1.
Selecting member rtentry2.o(c_t.l) to define __rt_entry_presh_2.
Running selection script in c_t.l to resolve __rt_entry_sh.
Selecting member rtentry4.o(c_t.l) to define __rt_entry_sh.
Loading member rtentry2.o from c_t.l.
              definition:  __rt_entry_presh_1
              definition:  __rt_entry_presh_2
              definition:  __rt_entry_postsh_1
              definition:  __rt_entry_postsh_2
              definition:  __rt_entry_li
              definition:  __rt_entry_postli_1
              definition:  __rt_entry_postli_2
              definition:  __rt_entry_main
              reference :  __rt_lib_init
              reference :  _platform_post_lib_init
              reference :  _platform_post_stackheap_init
              reference :  _platform_pre_stackheap_init
              reference :  exit
              reference :  main
Loading member rtentry4.o from c_t.l.
              definition:  __rt_entry_sh
              reference :  __user_setup_stackheap
Selecting member libinit.o(c_t.l) to define __rt_lib_init.
Selecting member boardinit3.o(c_t.l) to define _platform_post_lib_init.
Selecting member boardinit2.o(c_t.l) to define _platform_post_stackheap_init.
Selecting member boardinit1.o(c_t.l) to define _platform_pre_stackheap_init.
Selecting member exit.o(c_t.l) to define exit.
Selecting member sys_stackheap_outer.o(c_t.l) to define __user_setup_stackheap.
Loading member sys_stackheap_outer.o from c_t.l.
              definition:  __user_setup_stackheap
              reference :  __user_initial_stackheap
              reference :  __user_perproc_libspace
Loading member exit.o from c_t.l.
              definition:  exit
              reference :  __rt_exit
              weak ref  :  _call_atexit_fns
Loading member boardinit1.o from c_t.l.
              definition:  _platform_pre_stackheap_init
Loading member boardinit2.o from c_t.l.
              definition:  _platform_post_stackheap_init
Loading member boardinit3.o from c_t.l.
              definition:  _platform_post_lib_init
Loading member libinit.o from c_t.l.
              definition:  __rt_lib_init
              reference :  __rt_lib_init_alloca_1
              reference :  __rt_lib_init_argv_1
              reference :  __rt_lib_init_atexit_1
              reference :  __rt_lib_init_clock_1
              reference :  __rt_lib_init_cpp_1
              reference :  __rt_lib_init_exceptions_1
              reference :  __rt_lib_init_fp_trap_1
              reference :  __rt_lib_init_getenv_1
              reference :  __rt_lib_init_heap_1
              reference :  __rt_lib_init_lc_collate_1
              reference :  __rt_lib_init_lc_ctype_1
              reference :  __rt_lib_init_lc_monetary_1
              reference :  __rt_lib_init_lc_numeric_1
              reference :  __rt_lib_init_lc_time_1
              reference :  __rt_lib_init_rand_1
              reference :  __rt_lib_init_return
              reference :  __rt_lib_init_signal_1
              reference :  __rt_lib_init_stdio_1
              reference :  __rt_lib_init_user_alloc_1
              reference :  _fp_init
Selecting member libspace.o(c_t.l) to define __user_perproc_libspace.
Selecting member rtexit.o(c_t.l) to define __rt_exit.
Running selection script in c_t.l to resolve __rt_lib_init_alloca_1.
Selecting member libinit2.o(c_t.l) to define __rt_lib_init_alloca_1.
Selecting member libinit2.o(c_t.l) to define __rt_lib_init_alloca_2.
Running selection script in c_t.l to resolve __rt_lib_init_argv_1.
Selecting member libinit2.o(c_t.l) to define __rt_lib_init_argv_1$b.
Selecting member libinit2.o(c_t.l) to define __rt_lib_init_argv_2.
Running selection script in c_t.l to resolve __rt_lib_init_atexit_1.
Selecting member libinit2.o(c_t.l) to define __rt_lib_init_atexit_1.
Selecting member libinit2.o(c_t.l) to define __rt_lib_init_atexit_2.
Running selection script in c_t.l to resolve __rt_lib_init_clock_1.
Selecting member libinit2.o(c_t.l) to define __rt_lib_init_clock_1.
Selecting member libinit2.o(c_t.l) to define __rt_lib_init_clock_2.
Running selection script in c_t.l to resolve __rt_lib_init_cpp_1.
Selecting member libinit2.o(c_t.l) to define __rt_lib_init_cpp_1.
Selecting member libinit2.o(c_t.l) to define __rt_lib_init_cpp_2.
Running selection script in c_t.l to resolve __rt_lib_init_exceptions_1.
Selecting member libinit2.o(c_t.l) to define __rt_lib_init_exceptions_1.
Selecting member libinit2.o(c_t.l) to define __rt_lib_init_exceptions_2.
Running selection script in c_t.l to resolve __rt_lib_init_fp_trap_1.
Selecting member libinit2.o(c_t.l) to define __rt_lib_init_fp_trap_1.
Selecting member libinit2.o(c_t.l) to define __rt_lib_init_fp_trap_2.
Running selection script in c_t.l to resolve __rt_lib_init_getenv_1.
Selecting member libinit2.o(c_t.l) to define __rt_lib_init_getenv_1.
Selecting member libinit2.o(c_t.l) to define __rt_lib_init_getenv_2.
Running selection script in c_t.l to resolve __rt_lib_init_heap_1.
Selecting member libinit2.o(c_t.l) to define __rt_lib_init_heap_1.
Selecting member libinit2.o(c_t.l) to define __rt_lib_init_heap_2.
Running selection script in c_t.l to resolve __rt_lib_init_lc_collate_1.
Selecting member libinit2.o(c_t.l) to define __rt_lib_init_lc_collate_1.
Selecting member libinit2.o(c_t.l) to define __rt_lib_init_lc_collate_2.
Running selection script in c_t.l to resolve __rt_lib_init_lc_ctype_1.
Selecting member libinit2.o(c_t.l) to define __rt_lib_init_lc_ctype_1.
Selecting member libinit2.o(c_t.l) to define __rt_lib_init_lc_ctype_2.
Running selection script in c_t.l to resolve __rt_lib_init_lc_monetary_1.
Selecting member libinit2.o(c_t.l) to define __rt_lib_init_lc_monetary_1.
Selecting member libinit2.o(c_t.l) to define __rt_lib_init_lc_monetary_2.
Running selection script in c_t.l to resolve __rt_lib_init_lc_numeric_1.
Selecting member libinit2.o(c_t.l) to define __rt_lib_init_lc_numeric_1.
Selecting member libinit2.o(c_t.l) to define __rt_lib_init_lc_numeric_2.
Running selection script in c_t.l to resolve __rt_lib_init_lc_time_1.
Selecting member libinit2.o(c_t.l) to define __rt_lib_init_lc_time_1.
Selecting member libinit2.o(c_t.l) to define __rt_lib_init_lc_time_2.
Running selection script in c_t.l to resolve __rt_lib_init_rand_1.
Selecting member libinit2.o(c_t.l) to define __rt_lib_init_rand_1.
Selecting member libinit2.o(c_t.l) to define __rt_lib_init_rand_2.
Selecting member libinit2.o(c_t.l) to define __rt_lib_init_return.
Running selection script in c_t.l to resolve __rt_lib_init_signal_1.
Selecting member libinit2.o(c_t.l) to define __rt_lib_init_signal_1.
Selecting member libinit2.o(c_t.l) to define __rt_lib_init_signal_2.
Running selection script in c_t.l to resolve __rt_lib_init_stdio_1.
Selecting member libinit2.o(c_t.l) to define __rt_lib_init_stdio_1.
Selecting member libinit2.o(c_t.l) to define __rt_lib_init_stdio_2.
Running selection script in c_t.l to resolve __rt_lib_init_user_alloc_1.
Selecting member libinit2.o(c_t.l) to define __rt_lib_init_user_alloc_1.
Selecting member libinit2.o(c_t.l) to define __rt_lib_init_user_alloc_2.
Selecting member fpinit.o(fz_ts.l) to define _fp_init.
Loading member libspace.o from c_t.l.
              definition:  __libspace_start
              definition:  __temporary_stack_top$libspace
              weak defn :  __user_libspace
              weak defn :  __user_perproc_libspace
              weak defn :  __user_perthread_libspace
Loading member rtexit.o from c_t.l.
              definition:  __rt_exit
              reference :  __rt_exit_exit
              reference :  __rt_exit_ls
              reference :  __rt_exit_prels_1
Loading member libinit2.o from c_t.l.
              definition:  __rt_lib_init_heap_1
              definition:  __rt_lib_init_heap_1$b$error
              definition:  __rt_lib_init_heap_error
              definition:  __rt_lib_init_heap_2
              definition:  __rt_lib_init_user_alloc_1
              definition:  __rt_lib_init_user_alloc_2
              definition:  __rt_lib_init_rand_1
              definition:  __rt_lib_init_rand_2
              definition:  __rt_lib_init_lc_common
              definition:  __rt_lib_init_lc_collate_1
              definition:  __rt_lib_init_lc_collate_2
              definition:  __rt_lib_init_lc_ctype_1
              definition:  __rt_lib_init_lc_ctype_2
              definition:  __rt_lib_init_lc_monetary_1
              definition:  __rt_lib_init_lc_monetary_2
              definition:  __rt_lib_init_lc_numeric_1
              definition:  __rt_lib_init_lc_numeric_2
              definition:  __rt_lib_init_lc_time_1
              definition:  __rt_lib_init_lc_time_2
              definition:  __rt_lib_init_atexit_1
              definition:  __rt_lib_init_atexit_2
              definition:  __rt_lib_init_signal_1
              definition:  __rt_lib_init_signal_2
              definition:  __rt_lib_init_fp_trap_1
              definition:  __rt_lib_init_fp_trap_2
              definition:  __rt_lib_init_clock_1
              definition:  __rt_lib_init_clock_2
              definition:  __rt_lib_init_getenv_1
              definition:  __rt_lib_init_getenv_2
              definition:  __rt_lib_init_stdio_1
              definition:  __rt_lib_init_stdio_2
              definition:  __rt_lib_init_argv_1
              definition:  __rt_lib_init_argv_1$b
              definition:  __rt_lib_init_heapregion_libspace_used
              definition:  __rt_lib_init_argv_1$b$error
              definition:  __rt_lib_init_heapregion_error
              definition:  __rt_lib_init_argv_2
              definition:  __rt_lib_init_alloca_1
              definition:  __rt_lib_init_alloca_2
              definition:  __rt_lib_init_exceptions_1
              definition:  __rt_lib_init_exceptions_2
              definition:  __rt_lib_init_cpp_1
              definition:  __rt_lib_init_cpp_2
              definition:  __rt_lib_init_return
              reference :  __ARM_argv_veneer
              weak ref  :  __ARM_exceptions_init
              weak ref  :  __alloca_initialize
              weak ref  :  __cpp_initialize__aeabi_
              weak ref  :  __rt_locale
              weak ref  :  _atexit_init
              weak ref  :  _clock_init
              weak ref  :  _fp_trap_init
              weak ref  :  _get_lc_collate
              weak ref  :  _get_lc_ctype
              weak ref  :  _get_lc_monetary
              weak ref  :  _get_lc_numeric
              weak ref  :  _get_lc_time
              weak ref  :  _getenv_init
              weak ref  :  _init_alloc
              weak ref  :  _init_user_alloc
              weak ref  :  _initio
              weak ref  :  _rand_init
              weak ref  :  _signal_init
Loading member fpinit.o from fz_ts.l.
              definition:  __fplib_config_pureend_doubles
              definition:  _fp_init
Selecting member rtexit2.o(c_t.l) to define __rt_exit_exit.
Selecting member rtexit2.o(c_t.l) to define __rt_exit_ls.
Running selection script in c_t.l to resolve __rt_exit_prels_1.
Selecting member rtexit2.o(c_t.l) to define __rt_exit_prels_1.
Selecting member rtexit2.o(c_t.l) to define __rt_exit_prels_2.
Selecting member argv_veneer.o(c_t.l) to define __ARM_argv_veneer.
Loading member rtexit2.o from c_t.l.
              definition:  __rt_exit_prels_1
              definition:  __rt_exit_prels_2
              definition:  __rt_exit_ls
              definition:  __rt_exit_exit
              reference :  __rt_lib_shutdown
              reference :  _platform_pre_lib_shutdown
              reference :  _sys_exit
Loading member argv_veneer.o from c_t.l.
              definition:  __ARM_argv_veneer
              reference :  __ARM_get_argv
Selecting member libshutdown.o(c_t.l) to define __rt_lib_shutdown.
Selecting member boardshut.o(c_t.l) to define _platform_pre_lib_shutdown.
Selecting member sys_exit.o(c_t.l) to define _sys_exit.
Running selection script in c_t.l to resolve __ARM_get_argv.
Selecting member no_argv.o(c_t.l) to define __ARM_get_argv$stub.
Selecting member _get_argv_nomalloc.o(c_t.l) to define __ARM_get_argv$nomalloc.
Loading member sys_exit.o from c_t.l.
              definition:  _sys_exit
              reference :  __I$use$semihosting
Loading member boardshut.o from c_t.l.
              definition:  _platform_pre_lib_shutdown
Loading member _get_argv_nomalloc.o from c_t.l.
              definition:  __argv_alloc
              definition:  __ARM_get_argv$nomalloc
              reference :  __heap_region$guard
              reference :  __rt_SIGRTMEM
              reference :  _sys_command_string
              weak ref  :  _handle_redirection
Loading member no_argv.o from c_t.l.
              definition:  __ARM_get_argv$stub
Loading member libshutdown.o from c_t.l.
              definition:  __rt_lib_shutdown
              reference :  __rt_lib_shutdown_fp_trap_1
              reference :  __rt_lib_shutdown_heap_1
              reference :  __rt_lib_shutdown_return
              reference :  __rt_lib_shutdown_signal_1
              reference :  __rt_lib_shutdown_stdio_1
              reference :  __rt_lib_shutdown_user_alloc_1
Running selection script in c_t.l to resolve __I$use$semihosting.
Selecting member use_no_semi.o(c_t.l) to define __use_no_semihosting_swi.
Running selection script in c_t.l to resolve __heap_region$guard.
Selecting member hrguard.o(c_t.l) to define __use_no_heap_region.
Running selection script in c_t.l to resolve __rt_SIGRTMEM.
Selecting member defsig_rtmem_outer.o(c_t.l) to define __rt_SIGRTMEM.
Selecting member defsig_rtmem_formal.o(c_t.l) to define __rt_SIGRTMEM$formal.
Selecting member sys_command.o(c_t.l) to define _sys_command_string.
Running selection script in c_t.l to resolve __rt_lib_shutdown_fp_trap_1.
Selecting member libshutdown2.o(c_t.l) to define __rt_lib_shutdown_fp_trap_1.
Selecting member libshutdown2.o(c_t.l) to define __rt_lib_shutdown_fp_trap_2.
Running selection script in c_t.l to resolve __rt_lib_shutdown_heap_1.
Selecting member libshutdown2.o(c_t.l) to define __rt_lib_shutdown_heap_1.
Selecting member libshutdown2.o(c_t.l) to define __rt_lib_shutdown_heap_2.
Selecting member libshutdown2.o(c_t.l) to define __rt_lib_shutdown_return.
Running selection script in c_t.l to resolve __rt_lib_shutdown_signal_1.
Selecting member libshutdown2.o(c_t.l) to define __rt_lib_shutdown_signal_1.
Selecting member libshutdown2.o(c_t.l) to define __rt_lib_shutdown_signal_2.
Running selection script in c_t.l to resolve __rt_lib_shutdown_stdio_1.
Selecting member libshutdown2.o(c_t.l) to define __rt_lib_shutdown_stdio_1.
Selecting member libshutdown2.o(c_t.l) to define __rt_lib_shutdown_stdio_2.
Running selection script in c_t.l to resolve __rt_lib_shutdown_user_alloc_1.
Selecting member libshutdown2.o(c_t.l) to define __rt_lib_shutdown_user_alloc_1.
Selecting member libshutdown2.o(c_t.l) to define __rt_lib_shutdown_user_alloc_2.
Loading member sys_command.o from c_t.l.
              definition:  _sys_command_string
              reference :  __I$use$semihosting
Loading member use_no_semi.o from c_t.l.
              definition:  __semihosting$guard
              definition:  __use_no_semihosting_swi
Loading member hrguard.o from c_t.l.
              definition:  __use_no_heap_region
              definition:  __I$use$heap_region
Loading member defsig_rtmem_outer.o from c_t.l.
              definition:  __rt_SIGRTMEM
              reference :  __rt_SIGRTMEM_inner
              reference :  __sig_exit
Loading member defsig_rtmem_formal.o from c_t.l.
              definition:  __rt_SIGRTMEM$formal
              reference :  __rt_raise
Loading member libshutdown2.o from c_t.l.
              definition:  __rt_lib_shutdown_cpp_1
              definition:  __rt_lib_shutdown_stdio_1
              definition:  __rt_lib_shutdown_stdio_2
              definition:  __rt_lib_shutdown_fp_trap_1
              definition:  __rt_lib_shutdown_fp_trap_1$b
              definition:  __rt_lib_shutdown_fp_trap_2
              definition:  __rt_lib_shutdown_signal_1
              definition:  __rt_lib_shutdown_signal_1$b
              definition:  __rt_lib_shutdown_signal_2
              definition:  __rt_lib_shutdown_user_alloc_1
              definition:  __rt_lib_shutdown_user_alloc_2
              definition:  __rt_lib_shutdown_heap_1
              definition:  __rt_lib_shutdown_heap_1$b
              definition:  __rt_lib_shutdown_heap_2
              definition:  __rt_lib_shutdown_return
              weak ref  :  __cxa_finalize
              weak ref  :  _fp_trap_shutdown
              weak ref  :  _signal_finish
              weak ref  :  _terminate_alloc
              weak ref  :  _terminate_user_alloc
              weak ref  :  _terminateio
Running selection script in c_t.l to resolve __I$use$semihosting.
Running selection script in c_t.l to resolve __rt_SIGRTMEM_inner.
Selecting member defsig_rtmem_inner.o(c_t.l) to define __rt_SIGRTMEM_inner.
Selecting member defsig_exit.o(c_t.l) to define __sig_exit.
Running selection script in c_t.l to resolve __rt_raise.
Selecting member rt_raise.o(c_t.l) to define __rt_raise.
Loading member rt_raise.o from c_t.l.
              definition:  __rt_raise
              reference :  __raise
              reference :  _sys_exit
Loading member defsig_exit.o from c_t.l.
              definition:  __sig_exit
              reference :  _sys_exit
Loading member defsig_rtmem_inner.o from c_t.l.
              definition:  __rt_SIGRTMEM_inner
              reference :  __default_signal_display
Selecting member __raise.o(c_t.l) to define __raise.
Selecting member defsig_general.o(c_t.l) to define __default_signal_display.
Loading member __raise.o from c_t.l.
              definition:  __ARM_grp_.debug_frame$i.__ARM_common_call_via_r2
              definition:  __raise
              definition:  __ARM_common_call_via_r2
              reference :  __default_signal_handler
              weak ref  :  __sigvec_lookup
Loading member defsig_general.o from c_t.l.
              definition:  __default_signal_display
              reference :  _ttywrch
Selecting member defsig.o(c_t.l) to define __default_signal_handler.
Selecting member sys_wrch.o(c_t.l) to define _ttywrch.
Loading member sys_wrch.o from c_t.l.
              definition:  _ttywrch
              reference :  __I$use$semihosting
Loading member defsig.o from c_t.l.
              definition:  __default_signal_handler
              definition:  __rt_SIGABRT_inner$null
              definition:  __rt_SIGCPPL_inner$null
              definition:  __rt_SIGFPE_inner$null
              definition:  __rt_SIGILL_inner$null
              definition:  __rt_SIGINT_inner$null
              definition:  __rt_SIGPVFN_inner$null
              definition:  __rt_SIGRTMEM_inner$null
              definition:  __rt_SIGRTRED_inner$null
              definition:  __rt_SIGSEGV_inner$null
              definition:  __rt_SIGSTAK_inner$null
              definition:  __rt_SIGTERM_inner$null
              definition:  __rt_SIGUSR1_inner$null
              definition:  __rt_SIGUSR2_inner$null
              definition:  __rt_sigother_inner$null
              reference :  __rt_SIGABRT_inner
              reference :  __rt_SIGCPPL_inner
              reference :  __rt_SIGFPE_inner
              reference :  __rt_SIGILL_inner
              reference :  __rt_SIGINT_inner
              reference :  __rt_SIGPVFN_inner
              reference :  __rt_SIGRTMEM_inner
              reference :  __rt_SIGRTRED_inner
              reference :  __rt_SIGSEGV_inner
              reference :  __rt_SIGSTAK_inner
              reference :  __rt_SIGTERM_inner
              reference :  __rt_SIGUSR1_inner
              reference :  __rt_SIGUSR2_inner
              reference :  __rt_sigother_inner
Running selection script in c_t.l to resolve __I$use$semihosting.
Running selection script in c_t.l to resolve __rt_SIGRTMEM_inner.
Running selection script in c_t.l to resolve __rt_SIGABRT_inner.
Selecting member defsig_abrt_inner.o(c_t.l) to define __rt_SIGABRT_inner.
Running selection script in c_t.l to resolve __rt_SIGCPPL_inner.
Selecting member defsig_cppl_inner.o(c_t.l) to define __rt_SIGCPPL_inner.
Running selection script in c_t.l to resolve __rt_SIGFPE_inner.
Selecting member defsig_fpe_inner.o(c_t.l) to define __rt_SIGFPE_inner.
Running selection script in c_t.l to resolve __rt_SIGILL_inner.
Selecting member defsig_other.o(c_t.l) to define __rt_SIGILL_inner.
Running selection script in c_t.l to resolve __rt_SIGINT_inner.
Selecting member defsig_other.o(c_t.l) to define __rt_SIGINT_inner.
Running selection script in c_t.l to resolve __rt_SIGPVFN_inner.
Selecting member defsig_pvfn_inner.o(c_t.l) to define __rt_SIGPVFN_inner.
Running selection script in c_t.l to resolve __rt_SIGRTRED_inner.
Selecting member defsig_rtred_inner.o(c_t.l) to define __rt_SIGRTRED_inner.
Running selection script in c_t.l to resolve __rt_SIGSEGV_inner.
Selecting member defsig_segv_inner.o(c_t.l) to define __rt_SIGSEGV_inner.
Running selection script in c_t.l to resolve __rt_SIGSTAK_inner.
Selecting member defsig_stak_inner.o(c_t.l) to define __rt_SIGSTAK_inner.
Running selection script in c_t.l to resolve __rt_SIGTERM_inner.
Selecting member defsig_other.o(c_t.l) to define __rt_SIGTERM_inner.
Running selection script in c_t.l to resolve __rt_SIGUSR1_inner.
Selecting member defsig_other.o(c_t.l) to define __rt_SIGUSR1_inner.
Running selection script in c_t.l to resolve __rt_SIGUSR2_inner.
Selecting member defsig_other.o(c_t.l) to define __rt_SIGUSR2_inner.
Running selection script in c_t.l to resolve __rt_sigother_inner.
Selecting member defsig_other.o(c_t.l) to define __rt_sigother_inner.
Loading member defsig_abrt_inner.o from c_t.l.
              definition:  __rt_SIGABRT_inner
              reference :  __default_signal_display
Loading member defsig_fpe_inner.o from c_t.l.
              definition:  __rt_SIGFPE_inner
              reference :  __default_signal_display
Loading member defsig_rtred_inner.o from c_t.l.
              definition:  __rt_SIGRTRED_inner
              reference :  __default_signal_display
Loading member defsig_stak_inner.o from c_t.l.
              definition:  __rt_SIGSTAK_inner
              reference :  __default_signal_display
Loading member defsig_pvfn_inner.o from c_t.l.
              definition:  __rt_SIGPVFN_inner
              reference :  __default_signal_display
Loading member defsig_cppl_inner.o from c_t.l.
              definition:  __rt_SIGCPPL_inner
              reference :  __default_signal_display
Loading member defsig_segv_inner.o from c_t.l.
              definition:  __rt_SIGSEGV_inner
              reference :  __default_signal_display
Loading member defsig_other.o from c_t.l.
              definition:  __rt_SIGILL_inner
              definition:  __rt_SIGINT_inner
              definition:  __rt_SIGTERM_inner
              definition:  __rt_SIGUSR1_inner
              definition:  __rt_SIGUSR2_inner
              definition:  __rt_sigother_inner
              reference :  __default_signal_display
Renaming symbol __ARM_get_argv to __ARM_get_argv$full.
Renaming symbol __ARM_get_argv$stub to __ARM_get_argv.
Renaming symbol __semihosting$guard to __I$use$semihosting.
Renaming symbol __I$use$heap_region to __heap_region$guard.
Renaming symbol __rt_lib_shutdown_fp_trap_1 to __rt_lib_shutdown_fp_trap_1$old.
Renaming symbol __rt_lib_shutdown_fp_trap_2 to __rt_lib_shutdown_fp_trap_1.
Renaming symbol __rt_lib_shutdown_fp_trap_1$b to __rt_lib_shutdown_fp_trap_2.
Renaming symbol __rt_lib_shutdown_heap_1 to __rt_lib_shutdown_heap_1$old.
Renaming symbol __rt_lib_shutdown_heap_2 to __rt_lib_shutdown_heap_1.
Renaming symbol __rt_lib_shutdown_heap_1$b to __rt_lib_shutdown_heap_2.
Renaming symbol __rt_lib_shutdown_signal_1 to __rt_lib_shutdown_signal_1$old.
Renaming symbol __rt_lib_shutdown_signal_2 to __rt_lib_shutdown_signal_1.
Renaming symbol __rt_lib_shutdown_signal_1$b to __rt_lib_shutdown_signal_2.
Renaming symbol __rt_SIGABRT_inner to __rt_SIGABRT_inner$real.
Renaming symbol __rt_SIGABRT_inner$null to __rt_SIGABRT_inner.
Renaming symbol __rt_SIGCPPL_inner to __rt_SIGCPPL_inner$real.
Renaming symbol __rt_SIGCPPL_inner$null to __rt_SIGCPPL_inner.
Renaming symbol __rt_SIGFPE_inner to __rt_SIGFPE_inner$real.
Renaming symbol __rt_SIGFPE_inner$null to __rt_SIGFPE_inner.
Renaming symbol __rt_SIGILL_inner to __rt_SIGILL_inner$real.
Renaming symbol __rt_SIGILL_inner$null to __rt_SIGILL_inner.
Renaming symbol __rt_SIGINT_inner to __rt_SIGINT_inner$real.
Renaming symbol __rt_SIGINT_inner$null to __rt_SIGINT_inner.
Renaming symbol __rt_SIGPVFN_inner to __rt_SIGPVFN_inner$real.
Renaming symbol __rt_SIGPVFN_inner$null to __rt_SIGPVFN_inner.
Renaming symbol __rt_SIGRTRED_inner to __rt_SIGRTRED_inner$real.
Renaming symbol __rt_SIGRTRED_inner$null to __rt_SIGRTRED_inner.
Renaming symbol __rt_SIGSEGV_inner to __rt_SIGSEGV_inner$real.
Renaming symbol __rt_SIGSEGV_inner$null to __rt_SIGSEGV_inner.
Renaming symbol __rt_SIGSTAK_inner to __rt_SIGSTAK_inner$real.
Renaming symbol __rt_SIGSTAK_inner$null to __rt_SIGSTAK_inner.
Renaming symbol __rt_SIGTERM_inner to __rt_SIGTERM_inner$real.
Renaming symbol __rt_SIGTERM_inner$null to __rt_SIGTERM_inner.
Renaming symbol __rt_SIGUSR1_inner to __rt_SIGUSR1_inner$real.
Renaming symbol __rt_SIGUSR1_inner$null to __rt_SIGUSR1_inner.
Renaming symbol __rt_SIGUSR2_inner to __rt_SIGUSR2_inner$real.
Renaming symbol __rt_SIGUSR2_inner$null to __rt_SIGUSR2_inner.
Renaming symbol __rt_sigother_inner to __rt_sigother_inner$real.
Renaming symbol __rt_sigother_inner$null to __rt_sigother_inner.
Renaming symbol __rt_entry_postli_1 to $$Temp.
Renaming symbol __rt_entry_postli_2 to __rt_entry_postli_1.
Renaming symbol $$Temp to __rt_entry_postli_2.
Renaming symbol __rt_entry_postsh_1 to $$Temp.
Renaming symbol __rt_entry_postsh_2 to __rt_entry_postsh_1.
Renaming symbol $$Temp to __rt_entry_postsh_2.
Renaming symbol __rt_entry_presh_1 to $$Temp.
Renaming symbol __rt_entry_presh_2 to __rt_entry_presh_1.
Renaming symbol $$Temp to __rt_entry_presh_2.
Renaming symbol __rt_lib_init_alloca_1 to $$Temp.
Renaming symbol __rt_lib_init_alloca_2 to __rt_lib_init_alloca_1.
Renaming symbol $$Temp to __rt_lib_init_alloca_2.
Renaming symbol __rt_lib_init_argv_1 to $$Temp.
Renaming symbol __rt_lib_init_argv_2 to __rt_lib_init_argv_1.
Renaming symbol $$Temp to __rt_lib_init_argv_2.
Renaming symbol __rt_lib_init_atexit_1 to $$Temp.
Renaming symbol __rt_lib_init_atexit_2 to __rt_lib_init_atexit_1.
Renaming symbol $$Temp to __rt_lib_init_atexit_2.
Renaming symbol __rt_lib_init_clock_1 to $$Temp.
Renaming symbol __rt_lib_init_clock_2 to __rt_lib_init_clock_1.
Renaming symbol $$Temp to __rt_lib_init_clock_2.
Renaming symbol __rt_lib_init_cpp_1 to $$Temp.
Renaming symbol __rt_lib_init_cpp_2 to __rt_lib_init_cpp_1.
Renaming symbol $$Temp to __rt_lib_init_cpp_2.
Renaming symbol __rt_lib_init_exceptions_1 to $$Temp.
Renaming symbol __rt_lib_init_exceptions_2 to __rt_lib_init_exceptions_1.
Renaming symbol $$Temp to __rt_lib_init_exceptions_2.
Renaming symbol __rt_lib_init_fp_trap_1 to $$Temp.
Renaming symbol __rt_lib_init_fp_trap_2 to __rt_lib_init_fp_trap_1.
Renaming symbol $$Temp to __rt_lib_init_fp_trap_2.
Renaming symbol __rt_lib_init_getenv_1 to $$Temp.
Renaming symbol __rt_lib_init_getenv_2 to __rt_lib_init_getenv_1.
Renaming symbol $$Temp to __rt_lib_init_getenv_2.
Renaming symbol __rt_lib_init_heap_1 to $$Temp.
Renaming symbol __rt_lib_init_heap_2 to __rt_lib_init_heap_1.
Renaming symbol $$Temp to __rt_lib_init_heap_2.
Renaming symbol __rt_lib_init_lc_collate_1 to $$Temp.
Renaming symbol __rt_lib_init_lc_collate_2 to __rt_lib_init_lc_collate_1.
Renaming symbol $$Temp to __rt_lib_init_lc_collate_2.
Renaming symbol __rt_lib_init_lc_ctype_1 to $$Temp.
Renaming symbol __rt_lib_init_lc_ctype_2 to __rt_lib_init_lc_ctype_1.
Renaming symbol $$Temp to __rt_lib_init_lc_ctype_2.
Renaming symbol __rt_lib_init_lc_monetary_1 to $$Temp.
Renaming symbol __rt_lib_init_lc_monetary_2 to __rt_lib_init_lc_monetary_1.
Renaming symbol $$Temp to __rt_lib_init_lc_monetary_2.
Renaming symbol __rt_lib_init_lc_numeric_1 to $$Temp.
Renaming symbol __rt_lib_init_lc_numeric_2 to __rt_lib_init_lc_numeric_1.
Renaming symbol $$Temp to __rt_lib_init_lc_numeric_2.
Renaming symbol __rt_lib_init_lc_time_1 to $$Temp.
Renaming symbol __rt_lib_init_lc_time_2 to __rt_lib_init_lc_time_1.
Renaming symbol $$Temp to __rt_lib_init_lc_time_2.
Renaming symbol __rt_lib_init_rand_1 to $$Temp.
Renaming symbol __rt_lib_init_rand_2 to __rt_lib_init_rand_1.
Renaming symbol $$Temp to __rt_lib_init_rand_2.
Renaming symbol __rt_lib_init_signal_1 to $$Temp.
Renaming symbol __rt_lib_init_signal_2 to __rt_lib_init_signal_1.
Renaming symbol $$Temp to __rt_lib_init_signal_2.
Renaming symbol __rt_lib_init_stdio_1 to $$Temp.
Renaming symbol __rt_lib_init_stdio_2 to __rt_lib_init_stdio_1.
Renaming symbol $$Temp to __rt_lib_init_stdio_2.
Renaming symbol __rt_lib_init_user_alloc_1 to $$Temp.
Renaming symbol __rt_lib_init_user_alloc_2 to __rt_lib_init_user_alloc_1.
Renaming symbol $$Temp to __rt_lib_init_user_alloc_2.
Renaming symbol __rt_exit_prels_1 to $$Temp.
Renaming symbol __rt_exit_prels_2 to __rt_exit_prels_1.
Renaming symbol $$Temp to __rt_exit_prels_2.
Renaming symbol __rt_lib_shutdown_stdio_1 to $$Temp.
Renaming symbol __rt_lib_shutdown_stdio_2 to __rt_lib_shutdown_stdio_1.
Renaming symbol $$Temp to __rt_lib_shutdown_stdio_2.
Renaming symbol __rt_lib_shutdown_user_alloc_1 to $$Temp.
Renaming symbol __rt_lib_shutdown_user_alloc_2 to __rt_lib_shutdown_user_alloc_1.
Renaming symbol $$Temp to __rt_lib_shutdown_user_alloc_2.
              definition:  BuildAttributes$$THM_ISAv1$ARM_ISAv4$S$PE$A:L22$X:L11$S22$IEEE1$IW$USESV6$~STKCKD$USESV7$~SHL$OSPACE$ROPI$EBA8$UX$STANDARDLIB$REQ8$PRES8$EABIv2
Building image.
Cleaning up Comdat Group Sections
Finding section cross-references

==============================================================================

Section Cross References

    startup.o(STACK) refers (Special) to heapauxi.o(.text) for __use_two_region_memory
    startup.o(HEAP) refers (Special) to heapauxi.o(.text) for __use_two_region_memory
    startup.o(RESET) refers (Special) to heapauxi.o(.text) for __use_two_region_memory
    startup.o(RESET) refers to startup.o(STACK) for Stack_Top
    startup.o(RESET) refers to __main.o(!!!main) for __main
    startup.o(.text) refers (Special) to heapauxi.o(.text) for __use_two_region_memory
    startup.o(.text) refers to startup.o(HEAP) for Heap_Mem
    startup.o(.text) refers to startup.o(STACK) for Stack_Mem
    lab12.o(.text) refers to rt_memcpy_w.o(.text) for __aeabi_memcpy4
    __main.o(!!!main) refers to rtentry.o(.ARM.Collect$$rtentry$$00000000) for __rt_entry
    rtentry.o(.ARM.Collect$$rtentry$$00000000) refers (Special) to rtentry2.o(.ARM.Collect$$rtentry$$0000000A) for __rt_entry_li
    rtentry.o(.ARM.Collect$$rtentry$$00000000) refers (Special) to rtentry2.o(.ARM.Collect$$rtentry$$0000000D) for __rt_entry_main
    rtentry.o(.ARM.Collect$$rtentry$$00000000) refers (Special) to rtentry2.o(.ARM.Collect$$rtentry$$0000000C) for __rt_entry_postli_1
    rtentry.o(.ARM.Collect$$rtentry$$00000000) refers (Special) to rtentry2.o(.ARM.Collect$$rtentry$$00000009) for __rt_entry_postsh_1
    rtentry.o(.ARM.Collect$$rtentry$$00000000) refers (Special) to rtentry2.o(.ARM.Collect$$rtentry$$00000002) for __rt_entry_presh_1
    rtentry.o(.ARM.Collect$$rtentry$$00000000) refers (Special) to rtentry4.o(.ARM.Collect$$rtentry$$00000004) for __rt_entry_sh
    rtentry.o(.ARM.exidx) refers (Special) to rtentry2.o(.ARM.Collect$$rtentry$$0000000A) for __rt_entry_li
    rtentry.o(.ARM.exidx) refers (Special) to rtentry2.o(.ARM.Collect$$rtentry$$0000000D) for __rt_entry_main
    rtentry.o(.ARM.exidx) refers (Special) to rtentry2.o(.ARM.Collect$$rtentry$$0000000C) for __rt_entry_postli_1
    rtentry.o(.ARM.exidx) refers (Special) to rtentry2.o(.ARM.Collect$$rtentry$$00000009) for __rt_entry_postsh_1
    rtentry.o(.ARM.exidx) refers (Special) to rtentry2.o(.ARM.Collect$$rtentry$$00000002) for __rt_entry_presh_1
    rtentry.o(.ARM.exidx) refers (Special) to rtentry4.o(.ARM.Collect$$rtentry$$00000004) for __rt_entry_sh
    rtentry.o(.ARM.exidx) refers to rtentry.o(.ARM.Collect$$rtentry$$00000000) for .ARM.Collect$$rtentry$$00000000
    rtentry2.o(.ARM.Collect$$rtentry$$00000008) refers to boardinit2.o(.text) for _platform_post_stackheap_init
    rtentry2.o(.ARM.Collect$$rtentry$$0000000A) refers to libinit.o(.ARM.Collect$$libinit$$00000000) for __rt_lib_init
    rtentry2.o(.ARM.Collect$$rtentry$$0000000B) refers to boardinit3.o(.text) for _platform_post_lib_init
    rtentry2.o(.ARM.Collect$$rtentry$$0000000D) refers to exit.o(.text) for exit
    rtentry2.o(.ARM.Collect$$rtentry$$0000000D) refers to lab12.o(.text) for main
    rtentry2.o(.ARM.exidx) refers to rtentry2.o(.ARM.Collect$$rtentry$$00000001) for .ARM.Collect$$rtentry$$00000001
    rtentry2.o(.ARM.exidx) refers to rtentry2.o(.ARM.Collect$$rtentry$$00000002) for .ARM.Collect$$rtentry$$00000002
    rtentry2.o(.ARM.exidx) refers to rtentry2.o(.ARM.Collect$$rtentry$$00000008) for .ARM.Collect$$rtentry$$00000008
    rtentry2.o(.ARM.exidx) refers to rtentry2.o(.ARM.Collect$$rtentry$$00000009) for .ARM.Collect$$rtentry$$00000009
    rtentry2.o(.ARM.exidx) refers to rtentry2.o(.ARM.Collect$$rtentry$$0000000A) for .ARM.Collect$$rtentry$$0000000A
    rtentry2.o(.ARM.exidx) refers to rtentry2.o(.ARM.Collect$$rtentry$$0000000B) for .ARM.Collect$$rtentry$$0000000B
    rtentry2.o(.ARM.exidx) refers to rtentry2.o(.ARM.Collect$$rtentry$$0000000C) for .ARM.Collect$$rtentry$$0000000C
    rtentry2.o(.ARM.exidx) refers to rtentry2.o(.ARM.Collect$$rtentry$$0000000D) for .ARM.Collect$$rtentry$$0000000D
    rtentry4.o(.ARM.Collect$$rtentry$$00000004) refers to sys_stackheap_outer.o(.text) for __user_setup_stackheap
    rtentry4.o(.ARM.exidx) refers to rtentry4.o(.ARM.Collect$$rtentry$$00000004) for .ARM.Collect$$rtentry$$00000004
    sys_stackheap_outer.o(.text) refers to libspace.o(.text) for __user_perproc_libspace
    sys_stackheap_outer.o(.text) refers to startup.o(.text) for __user_initial_stackheap
    exit.o(.text) refers to rtexit.o(.ARM.Collect$$rtexit$$00000000) for __rt_exit
    libinit.o(.ARM.Collect$$libinit$$00000000) refers (Special) to libinit2.o(.ARM.Collect$$libinit$$0000002A) for __rt_lib_init_alloca_1
    libinit.o(.ARM.Collect$$libinit$$00000000) refers (Special) to libinit2.o(.ARM.Collect$$libinit$$00000028) for __rt_lib_init_argv_1
    libinit.o(.ARM.Collect$$libinit$$00000000) refers (Special) to libinit2.o(.ARM.Collect$$libinit$$00000017) for __rt_lib_init_atexit_1
    libinit.o(.ARM.Collect$$libinit$$00000000) refers (Special) to libinit2.o(.ARM.Collect$$libinit$$0000001D) for __rt_lib_init_clock_1
    libinit.o(.ARM.Collect$$libinit$$00000000) refers (Special) to libinit2.o(.ARM.Collect$$libinit$$0000002E) for __rt_lib_init_cpp_1
    libinit.o(.ARM.Collect$$libinit$$00000000) refers (Special) to libinit2.o(.ARM.Collect$$libinit$$0000002C) for __rt_lib_init_exceptions_1
    libinit.o(.ARM.Collect$$libinit$$00000000) refers (Special) to libinit2.o(.ARM.Collect$$libinit$$0000001B) for __rt_lib_init_fp_trap_1
    libinit.o(.ARM.Collect$$libinit$$00000000) refers (Special) to libinit2.o(.ARM.Collect$$libinit$$0000001F) for __rt_lib_init_getenv_1
    libinit.o(.ARM.Collect$$libinit$$00000000) refers (Special) to libinit2.o(.ARM.Collect$$libinit$$00000006) for __rt_lib_init_heap_1
    libinit.o(.ARM.Collect$$libinit$$00000000) refers (Special) to libinit2.o(.ARM.Collect$$libinit$$0000000D) for __rt_lib_init_lc_collate_1
    libinit.o(.ARM.Collect$$libinit$$00000000) refers (Special) to libinit2.o(.ARM.Collect$$libinit$$0000000F) for __rt_lib_init_lc_ctype_1
    libinit.o(.ARM.Collect$$libinit$$00000000) refers (Special) to libinit2.o(.ARM.Collect$$libinit$$00000011) for __rt_lib_init_lc_monetary_1
    libinit.o(.ARM.Collect$$libinit$$00000000) refers (Special) to libinit2.o(.ARM.Collect$$libinit$$00000013) for __rt_lib_init_lc_numeric_1
    libinit.o(.ARM.Collect$$libinit$$00000000) refers (Special) to libinit2.o(.ARM.Collect$$libinit$$00000015) for __rt_lib_init_lc_time_1
    libinit.o(.ARM.Collect$$libinit$$00000000) refers (Special) to libinit2.o(.ARM.Collect$$libinit$$0000000A) for __rt_lib_init_rand_1
    libinit.o(.ARM.Collect$$libinit$$00000000) refers (Special) to libinit2.o(.ARM.Collect$$libinit$$0000002F) for __rt_lib_init_return
    libinit.o(.ARM.Collect$$libinit$$00000000) refers (Special) to libinit2.o(.ARM.Collect$$libinit$$00000019) for __rt_lib_init_signal_1
    libinit.o(.ARM.Collect$$libinit$$00000000) refers (Special) to libinit2.o(.ARM.Collect$$libinit$$00000021) for __rt_lib_init_stdio_1
    libinit.o(.ARM.Collect$$libinit$$00000000) refers (Special) to libinit2.o(.ARM.Collect$$libinit$$00000008) for __rt_lib_init_user_alloc_1
    libinit.o(.ARM.Collect$$libinit$$00000000) refers to fpinit.o(x$fpl$fpinit) for _fp_init
    libspace.o(.text) refers to libspace.o(.bss) for __libspace_start
    rtexit.o(.ARM.Collect$$rtexit$$00000000) refers (Special) to rtexit2.o(.ARM.Collect$$rtexit$$00000004) for __rt_exit_exit
    rtexit.o(.ARM.Collect$$rtexit$$00000000) refers (Special) to rtexit2.o(.ARM.Collect$$rtexit$$00000003) for __rt_exit_ls
    rtexit.o(.ARM.Collect$$rtexit$$00000000) refers (Special) to rtexit2.o(.ARM.Collect$$rtexit$$00000002) for __rt_exit_prels_1
    rtexit.o(.ARM.exidx) refers (Special) to rtexit2.o(.ARM.Collect$$rtexit$$00000004) for __rt_exit_exit
    rtexit.o(.ARM.exidx) refers (Special) to rtexit2.o(.ARM.Collect$$rtexit$$00000003) for __rt_exit_ls
    rtexit.o(.ARM.exidx) refers (Special) to rtexit2.o(.ARM.Collect$$rtexit$$00000002) for __rt_exit_prels_1
    rtexit.o(.ARM.exidx) refers to rtexit.o(.ARM.Collect$$rtexit$$00000000) for .ARM.Collect$$rtexit$$00000000
    libinit2.o(.ARM.Collect$$libinit$$0000000C) refers to libinit2.o(.ARM.Collect$$libinit$$0000000B) for .ARM.Collect$$libinit$$0000000B
    libinit2.o(.ARM.Collect$$libinit$$0000000E) refers to libinit2.o(.ARM.Collect$$libinit$$0000000B) for .ARM.Collect$$libinit$$0000000B
    libinit2.o(.ARM.Collect$$libinit$$00000010) refers to libinit2.o(.ARM.Collect$$libinit$$0000000B) for .ARM.Collect$$libinit$$0000000B
    libinit2.o(.ARM.Collect$$libinit$$00000012) refers to libinit2.o(.ARM.Collect$$libinit$$0000000B) for .ARM.Collect$$libinit$$0000000B
    libinit2.o(.ARM.Collect$$libinit$$00000014) refers to libinit2.o(.ARM.Collect$$libinit$$0000000B) for .ARM.Collect$$libinit$$0000000B
    libinit2.o(.ARM.Collect$$libinit$$00000022) refers to argv_veneer.o(.emb_text) for __ARM_argv_veneer
    libinit2.o(.ARM.Collect$$libinit$$00000023) refers to argv_veneer.o(.emb_text) for __ARM_argv_veneer
    rtexit2.o(.ARM.Collect$$rtexit$$00000003) refers to libshutdown.o(.ARM.Collect$$libshutdown$$00000000) for __rt_lib_shutdown
    rtexit2.o(.ARM.Collect$$rtexit$$00000004) refers to sys_exit.o(.text) for _sys_exit
    rtexit2.o(.ARM.exidx) refers to rtexit2.o(.ARM.Collect$$rtexit$$00000001) for .ARM.Collect$$rtexit$$00000001
    rtexit2.o(.ARM.exidx) refers to rtexit2.o(.ARM.Collect$$rtexit$$00000002) for .ARM.Collect$$rtexit$$00000002
    rtexit2.o(.ARM.exidx) refers to rtexit2.o(.ARM.Collect$$rtexit$$00000003) for .ARM.Collect$$rtexit$$00000003
    rtexit2.o(.ARM.exidx) refers to rtexit2.o(.ARM.Collect$$rtexit$$00000004) for .ARM.Collect$$rtexit$$00000004
    argv_veneer.o(.emb_text) refers to no_argv.o(.text) for __ARM_get_argv
    sys_exit.o(.text) refers to use_no_semi.o(.text) for __I$use$semihosting
    _get_argv_nomalloc.o(.text) refers (Special) to hrguard.o(.text) for __heap_region$guard
    _get_argv_nomalloc.o(.text) refers to defsig_rtmem_outer.o(.text) for __rt_SIGRTMEM
    _get_argv_nomalloc.o(.text) refers to sys_command.o(.text) for _sys_command_string
    libshutdown.o(.ARM.Collect$$libshutdown$$00000000) refers (Special) to libshutdown2.o(.ARM.Collect$$libshutdown$$00000006) for __rt_lib_shutdown_fp_trap_1
    libshutdown.o(.ARM.Collect$$libshutdown$$00000000) refers (Special) to libshutdown2.o(.ARM.Collect$$libshutdown$$0000000E) for __rt_lib_shutdown_heap_1
    libshutdown.o(.ARM.Collect$$libshutdown$$00000000) refers (Special) to libshutdown2.o(.ARM.Collect$$libshutdown$$0000000F) for __rt_lib_shutdown_return
    libshutdown.o(.ARM.Collect$$libshutdown$$00000000) refers (Special) to libshutdown2.o(.ARM.Collect$$libshutdown$$00000009) for __rt_lib_shutdown_signal_1
    libshutdown.o(.ARM.Collect$$libshutdown$$00000000) refers (Special) to libshutdown2.o(.ARM.Collect$$libshutdown$$00000003) for __rt_lib_shutdown_stdio_1
    libshutdown.o(.ARM.Collect$$libshutdown$$00000000) refers (Special) to libshutdown2.o(.ARM.Collect$$libshutdown$$0000000B) for __rt_lib_shutdown_user_alloc_1
    sys_command.o(.text) refers (Special) to use_no_semi.o(.text) for __I$use$semihosting
    defsig_rtmem_outer.o(.text) refers to defsig_rtmem_inner.o(.text) for __rt_SIGRTMEM_inner
    defsig_rtmem_outer.o(.text) refers to defsig_exit.o(.text) for __sig_exit
    defsig_rtmem_formal.o(.text) refers to rt_raise.o(.text) for __rt_raise
    rt_raise.o(.text) refers to __raise.o(.text) for __raise
    rt_raise.o(.text) refers to sys_exit.o(.text) for _sys_exit
    defsig_exit.o(.text) refers to sys_exit.o(.text) for _sys_exit
    defsig_rtmem_inner.o(.text) refers to defsig_general.o(.text) for __default_signal_display
    __raise.o(.text) refers to defsig.o(CL$$defsig) for __default_signal_handler
    __raise.o(.text) refers to __raise.o(i.__ARM_common_call_via_r2) for __ARM_common_call_via_r2
    defsig_general.o(.text) refers to sys_wrch.o(.text) for _ttywrch
    sys_wrch.o(.text) refers (Special) to use_no_semi.o(.text) for __I$use$semihosting
    defsig.o(CL$$defsig) refers to defsig_rtmem_inner.o(.text) for __rt_SIGRTMEM_inner
    defsig_abrt_inner.o(.text) refers to defsig_general.o(.text) for __default_signal_display
    defsig_fpe_inner.o(.text) refers to defsig_general.o(.text) for __default_signal_display
    defsig_rtred_inner.o(.text) refers to defsig_general.o(.text) for __default_signal_display
    defsig_stak_inner.o(.text) refers to defsig_general.o(.text) for __default_signal_display
    defsig_pvfn_inner.o(.text) refers to defsig_general.o(.text) for __default_signal_display
    defsig_cppl_inner.o(.text) refers to defsig_general.o(.text) for __default_signal_display
    defsig_segv_inner.o(.text) refers to defsig_general.o(.text) for __default_signal_display
    defsig_other.o(.text) refers to defsig_general.o(.text) for __default_signal_display

Checking duplicate symbol definitions
              reference :  __scatterload_zeroinit
              reference :  __scatterload_rt2
Choosing data area compressor
Data area too small to benefit from compression.
Selecting member __scatter_zi.o(c_t.l) to define __scatterload_zeroinit.
Selecting member __scatter.o(c_t.l) to define __scatterload_rt2.
Loading member __scatter.o from c_t.l.
              definition:  __scatterload
              definition:  __scatterload_rt2
              definition:  __scatterload_null
              reference :  Region$$Table$$Base
              reference :  Region$$Table$$Limit
              reference :  __rt_entry
Loading member __scatter_zi.o from c_t.l.
              definition:  __scatterload_zeroinit
Patching/Reducing relocations
              definition:  Inline ARM to Thumb Veneer to __rt_lib_init
              definition:  Inline ARM to Thumb Veneer to __rt_lib_shutdown
              definition:  Inline Thumb to ARM Veneer to __rt_exit
              definition:  Inline Thumb to ARM Veneer to _fp_init

==============================================================================

Adding Veneers to the image

    Adding AT veneer (8 bytes, Inline) for call to '__rt_lib_init' from rtentry2.o(.ARM.Collect$$rtentry$$0000000A).
    Adding AT veneer (8 bytes, Inline) for call to '__rt_lib_shutdown' from rtexit2.o(.ARM.Collect$$rtexit$$00000003).
    Adding TA veneer (4 bytes, Inline) for call to '__rt_exit' from exit.o(.text).
    Adding TA veneer (4 bytes, Inline) for call to '_fp_init' from libinit.o(.ARM.Collect$$libinit$$00000000).

4 Veneer(s) (total 24 bytes) added to the image.
Generating Static Call Graph.
Creating output file C:\Users\Guest\Desktop\LCD\lab12\lab12\lab12.axf.

==============================================================================

Image Symbol Table

    Local Symbols

    Symbol Name                              Value     Ov Type        Size  Object(Section)

    RESET                                    0x00000000   Section      220  startup.o(RESET)
    ../../angel/boardlib.s                   0x00000000   Number         0  boardshut.o ABSOLUTE
    ../../angel/boardlib.s                   0x00000000   Number         0  boardinit3.o ABSOLUTE
    ../../angel/boardlib.s                   0x00000000   Number         0  boardinit2.o ABSOLUTE
    ../../angel/boardlib.s                   0x00000000   Number         0  boardinit1.o ABSOLUTE
    ../../angel/handlers.s                   0x00000000   Number         0  __scatter_zi.o ABSOLUTE
    ../../angel/kernel.s                     0x00000000   Number         0  rtentry4.o ABSOLUTE
    ../../angel/kernel.s                     0x00000000   Number         0  rtexit2.o ABSOLUTE
    ../../angel/kernel.s                     0x00000000   Number         0  rtentry.o ABSOLUTE
    ../../angel/kernel.s                     0x00000000   Number         0  rtexit.o ABSOLUTE
    ../../angel/kernel.s                     0x00000000   Number         0  rtentry2.o ABSOLUTE
    ../../angel/rt.s                         0x00000000   Number         0  rt_raise.o ABSOLUTE
    ../../angel/scatter.s                    0x00000000   Number         0  __scatter.o ABSOLUTE
    ../../angel/startup.s                    0x00000000   Number         0  __main.o ABSOLUTE
    ../../angel/sys.s                        0x00000000   Number         0  sys_stackheap_outer.o ABSOLUTE
    ../../angel/sys.s                        0x00000000   Number         0  sys_exit.o ABSOLUTE
    ../../angel/sys.s                        0x00000000   Number         0  use_no_semi.o ABSOLUTE
    ../../angel/sys.s                        0x00000000   Number         0  libspace.o ABSOLUTE
    ../../angel/sysapp.c                     0x00000000   Number         0  sys_wrch.o ABSOLUTE
    ../../angel/sysapp.c                     0x00000000   Number         0  sys_command.o ABSOLUTE
    ../../armsys.c                           0x00000000   Number         0  _get_argv_nomalloc.o ABSOLUTE
    ../../armsys.c                           0x00000000   Number         0  argv_veneer.o ABSOLUTE
    ../../armsys.c                           0x00000000   Number         0  argv_veneer.o ABSOLUTE
    ../../armsys.c                           0x00000000   Number         0  no_argv.o ABSOLUTE
    ../../fpinit.s                           0x00000000   Number         0  fpinit.o ABSOLUTE
    ../../heapalloc.c                        0x00000000   Number         0  hrguard.o ABSOLUTE
    ../../heapaux.c                          0x00000000   Number         0  heapauxi.o ABSOLUTE
    ../../libinit.s                          0x00000000   Number         0  libshutdown2.o ABSOLUTE
    ../../libinit.s                          0x00000000   Number         0  libinit.o ABSOLUTE
    ../../libinit.s                          0x00000000   Number         0  libinit2.o ABSOLUTE
    ../../libinit.s                          0x00000000   Number         0  libshutdown.o ABSOLUTE
    ../../memcpset.s                         0x00000000   Number         0  rt_memcpy_w.o ABSOLUTE
    ../../signal.c                           0x00000000   Number         0  defsig_other.o ABSOLUTE
    ../../signal.c                           0x00000000   Number         0  defsig_abrt_inner.o ABSOLUTE
    ../../signal.c                           0x00000000   Number         0  __raise.o ABSOLUTE
    ../../signal.c                           0x00000000   Number         0  defsig_rtmem_inner.o ABSOLUTE
    ../../signal.c                           0x00000000   Number         0  defsig_exit.o ABSOLUTE
    ../../signal.c                           0x00000000   Number         0  defsig_fpe_inner.o ABSOLUTE
    ../../signal.c                           0x00000000   Number         0  defsig_rtred_inner.o ABSOLUTE
    ../../signal.c                           0x00000000   Number         0  defsig_rtmem_formal.o ABSOLUTE
    ../../signal.c                           0x00000000   Number         0  defsig_stak_inner.o ABSOLUTE
    ../../signal.c                           0x00000000   Number         0  defsig_rtmem_outer.o ABSOLUTE
    ../../signal.c                           0x00000000   Number         0  defsig_pvfn_inner.o ABSOLUTE
    ../../signal.c                           0x00000000   Number         0  defsig_segv_inner.o ABSOLUTE
    ../../signal.c                           0x00000000   Number         0  defsig_general.o ABSOLUTE
    ../../signal.c                           0x00000000   Number         0  defsig_cppl_inner.o ABSOLUTE
    ../../signal.s                           0x00000000   Number         0  defsig.o ABSOLUTE
    ../../stdlib.c                           0x00000000   Number         0  exit.o ABSOLUTE
    Startup.s                                0x00000000   Number         0  startup.o ABSOLUTE
    dc.s                                     0x00000000   Number         0  dc.o ABSOLUTE
    lab12.c                                  0x00000000   Number         0  lab12.o ABSOLUTE
    Undef_Handler                            0x00000040   ARM Code       4  startup.o(RESET)
    SWI_Handler                              0x00000044   ARM Code       4  startup.o(RESET)
    PAbt_Handler                             0x00000048   ARM Code       4  startup.o(RESET)
    DAbt_Handler                             0x0000004c   ARM Code       4  startup.o(RESET)
    IRQ_Handler                              0x00000050   ARM Code       4  startup.o(RESET)
    FIQ_Handler                              0x00000054   ARM Code       4  startup.o(RESET)
    !!!main                                  0x000000dc   Section        8  __main.o(!!!main)
    !!!scatter                               0x000000e4   Section       60  __scatter.o(!!!scatter)
    !!handler_zi                             0x00000120   Section       44  __scatter_zi.o(!!handler_zi)
    .ARM.Collect$$libinit$$00000000          0x00000154   Section        6  libinit.o(.ARM.Collect$$libinit$$00000000)
    .ARM.Collect$$libinit$$00000006          0x0000015a   Section        0  libinit2.o(.ARM.Collect$$libinit$$00000006)
    .ARM.Collect$$libinit$$00000008          0x0000015a   Section        0  libinit2.o(.ARM.Collect$$libinit$$00000008)
    .ARM.Collect$$libinit$$0000000A          0x0000015a   Section        0  libinit2.o(.ARM.Collect$$libinit$$0000000A)
    .ARM.Collect$$libinit$$0000000D          0x0000015a   Section        0  libinit2.o(.ARM.Collect$$libinit$$0000000D)
    .ARM.Collect$$libinit$$0000000F          0x0000015a   Section        0  libinit2.o(.ARM.Collect$$libinit$$0000000F)
    .ARM.Collect$$libinit$$00000011          0x0000015a   Section        0  libinit2.o(.ARM.Collect$$libinit$$00000011)
    .ARM.Collect$$libinit$$00000013          0x0000015a   Section        0  libinit2.o(.ARM.Collect$$libinit$$00000013)
    .ARM.Collect$$libinit$$00000015          0x0000015a   Section        0  libinit2.o(.ARM.Collect$$libinit$$00000015)
    .ARM.Collect$$libinit$$00000017          0x0000015a   Section        0  libinit2.o(.ARM.Collect$$libinit$$00000017)
    .ARM.Collect$$libinit$$00000019          0x0000015a   Section        0  libinit2.o(.ARM.Collect$$libinit$$00000019)
    .ARM.Collect$$libinit$$0000001B          0x0000015a   Section        0  libinit2.o(.ARM.Collect$$libinit$$0000001B)
    .ARM.Collect$$libinit$$0000001D          0x0000015a   Section        0  libinit2.o(.ARM.Collect$$libinit$$0000001D)
    .ARM.Collect$$libinit$$0000001F          0x0000015a   Section        0  libinit2.o(.ARM.Collect$$libinit$$0000001F)
    .ARM.Collect$$libinit$$00000021          0x0000015a   Section        0  libinit2.o(.ARM.Collect$$libinit$$00000021)
    .ARM.Collect$$libinit$$00000028          0x0000015a   Section        0  libinit2.o(.ARM.Collect$$libinit$$00000028)
    .ARM.Collect$$libinit$$0000002A          0x0000015a   Section        0  libinit2.o(.ARM.Collect$$libinit$$0000002A)
    .ARM.Collect$$libinit$$0000002C          0x0000015a   Section        0  libinit2.o(.ARM.Collect$$libinit$$0000002C)
    .ARM.Collect$$libinit$$0000002E          0x0000015a   Section        0  libinit2.o(.ARM.Collect$$libinit$$0000002E)
    .ARM.Collect$$libinit$$0000002F          0x0000015a   Section       12  libinit2.o(.ARM.Collect$$libinit$$0000002F)
    .ARM.Collect$$libshutdown$$00000000      0x00000170   Section        4  libshutdown.o(.ARM.Collect$$libshutdown$$00000000)
    .ARM.Collect$$libshutdown$$00000003      0x00000174   Section        0  libshutdown2.o(.ARM.Collect$$libshutdown$$00000003)
    .ARM.Collect$$libshutdown$$00000006      0x00000174   Section        0  libshutdown2.o(.ARM.Collect$$libshutdown$$00000006)
    .ARM.Collect$$libshutdown$$00000009      0x00000174   Section        0  libshutdown2.o(.ARM.Collect$$libshutdown$$00000009)
    .ARM.Collect$$libshutdown$$0000000B      0x00000174   Section        0  libshutdown2.o(.ARM.Collect$$libshutdown$$0000000B)
    .ARM.Collect$$libshutdown$$0000000E      0x00000174   Section        0  libshutdown2.o(.ARM.Collect$$libshutdown$$0000000E)
    .ARM.Collect$$libshutdown$$0000000F      0x00000174   Section        6  libshutdown2.o(.ARM.Collect$$libshutdown$$0000000F)
    .ARM.Collect$$rtentry$$00000000          0x0000017c   Section        0  rtentry.o(.ARM.Collect$$rtentry$$00000000)
    .ARM.Collect$$rtentry$$00000002          0x0000017c   Section        0  rtentry2.o(.ARM.Collect$$rtentry$$00000002)
    .ARM.Collect$$rtentry$$00000004          0x0000017c   Section        8  rtentry4.o(.ARM.Collect$$rtentry$$00000004)
    .ARM.Collect$$rtentry$$00000009          0x00000184   Section        0  rtentry2.o(.ARM.Collect$$rtentry$$00000009)
    .ARM.Collect$$rtentry$$0000000A          0x00000184   Section        4  rtentry2.o(.ARM.Collect$$rtentry$$0000000A)
    .ARM.Collect$$rtentry$$0000000C          0x00000188   Section        0  rtentry2.o(.ARM.Collect$$rtentry$$0000000C)
    .ARM.Collect$$rtentry$$0000000D          0x00000188   Section       40  rtentry2.o(.ARM.Collect$$rtentry$$0000000D)
    .ARM.Collect$$rtexit$$00000000           0x000001b4   Section        0  rtexit.o(.ARM.Collect$$rtexit$$00000000)
    .ARM.Collect$$rtexit$$00000002           0x000001b4   Section        0  rtexit2.o(.ARM.Collect$$rtexit$$00000002)
    .ARM.Collect$$rtexit$$00000003           0x000001b4   Section        4  rtexit2.o(.ARM.Collect$$rtexit$$00000003)
    .ARM.Collect$$rtexit$$00000004           0x000001b8   Section        4  rtexit2.o(.ARM.Collect$$rtexit$$00000004)
    .text                                    0x000001bc   Section       32  startup.o(.text)
    .text                                    0x000001dc   Section      504  lab12.o(.text)
    .text                                    0x000003d4   Section      100  rt_memcpy_w.o(.text)
    .text                                    0x00000438   Section        6  heapauxi.o(.text)
    .text                                    0x00000440   Section       96  sys_stackheap_outer.o(.text)
    .text                                    0x000004a0   Section       12  exit.o(.text)
    .text                                    0x000004ac   Section       12  libspace.o(.text)
    .text                                    0x000004b8   Section       24  sys_exit.o(.text)
    .text                                    0x000004d0   Section        4  use_no_semi.o(.text)
    x$fpl$fpinit                             0x000004d8   Section        4  fpinit.o(x$fpl$fpinit)
    .bss                                     0x40000000   Section       96  libspace.o(.bss)
    HEAP                                     0x40000060   Section        0  startup.o(HEAP)
    STACK                                    0x40000060   Section     1160  startup.o(STACK)
    Heap_Mem                                 0x40000060   Data           0  startup.o(HEAP)
    Stack_Mem                                0x40000060   Data        1024  startup.o(STACK)
    Stack_Top                                0x400004e8   Data           0  startup.o(STACK)

    Global Symbols

    Symbol Name                              Value     Ov Type        Size  Object(Section)

    BuildAttributes$$THM_ISAv1$ARM_ISAv4$S$PE$A:L22$X:L11$S22$IEEE1$IW$USESV6$~STKCKD$USESV7$~SHL$OSPACE$ROPI$EBA8$UX$STANDARDLIB$REQ8$PRES8$EABIv2 0x00000000   Number         0  anon$$obj.o ABSOLUTE
    __ARM_use_no_argv                        0x00000000   Number         0  lab12.o ABSOLUTE
    __ARM_exceptions_init                     - Undefined Weak Reference
    __alloca_initialize                       - Undefined Weak Reference
    __cpp_initialize__aeabi_                  - Undefined Weak Reference
    __cxa_finalize                            - Undefined Weak Reference
    __rt_locale                               - Undefined Weak Reference
    __sigvec_lookup                           - Undefined Weak Reference
    _atexit_init                              - Undefined Weak Reference
    _call_atexit_fns                          - Undefined Weak Reference
    _clock_init                               - Undefined Weak Reference
    _fp_trap_init                             - Undefined Weak Reference
    _fp_trap_shutdown                         - Undefined Weak Reference
    _get_lc_collate                           - Undefined Weak Reference
    _get_lc_ctype                             - Undefined Weak Reference
    _get_lc_monetary                          - Undefined Weak Reference
    _get_lc_numeric                           - Undefined Weak Reference
    _get_lc_time                              - Undefined Weak Reference
    _getenv_init                              - Undefined Weak Reference
    _handle_redirection                       - Undefined Weak Reference
    _init_alloc                               - Undefined Weak Reference
    _init_user_alloc                          - Undefined Weak Reference
    _initio                                   - Undefined Weak Reference
    _rand_init                                - Undefined Weak Reference
    _signal_finish                            - Undefined Weak Reference
    _signal_init                              - Undefined Weak Reference
    _terminate_alloc                          - Undefined Weak Reference
    _terminate_user_alloc                     - Undefined Weak Reference
    _terminateio                              - Undefined Weak Reference
    Reset_Handler                            0x00000058   ARM Code       0  startup.o(RESET)
    __main                                   0x000000dc   ARM Code       8  __main.o(!!!main)
    __scatterload                            0x000000e4   ARM Code       0  __scatter.o(!!!scatter)
    __scatterload_rt2                        0x000000e4   ARM Code      52  __scatter.o(!!!scatter)
    __scatterload_null                       0x000000f8   ARM Code       0  __scatter.o(!!!scatter)
    __scatterload_zeroinit                   0x00000120   ARM Code      44  __scatter_zi.o(!!handler_zi)
    Inline ARM to Thumb Veneer to __rt_lib_init 0x0000014c   ARM Code       8  libinit.o(.ARM.Collect$$libinit$$00000000)
    __rt_lib_init                            0x00000155   Thumb Code     0  libinit.o(.ARM.Collect$$libinit$$00000000)
    __rt_lib_init_alloca_1                   0x0000015b   Thumb Code     0  libinit2.o(.ARM.Collect$$libinit$$0000002A)
    __rt_lib_init_argv_1                     0x0000015b   Thumb Code     0  libinit2.o(.ARM.Collect$$libinit$$00000028)
    __rt_lib_init_atexit_1                   0x0000015b   Thumb Code     0  libinit2.o(.ARM.Collect$$libinit$$00000017)
    __rt_lib_init_clock_1                    0x0000015b   Thumb Code     0  libinit2.o(.ARM.Collect$$libinit$$0000001D)
    __rt_lib_init_cpp_1                      0x0000015b   Thumb Code     0  libinit2.o(.ARM.Collect$$libinit$$0000002E)
    __rt_lib_init_exceptions_1               0x0000015b   Thumb Code     0  libinit2.o(.ARM.Collect$$libinit$$0000002C)
    __rt_lib_init_fp_trap_1                  0x0000015b   Thumb Code     0  libinit2.o(.ARM.Collect$$libinit$$0000001B)
    __rt_lib_init_getenv_1                   0x0000015b   Thumb Code     0  libinit2.o(.ARM.Collect$$libinit$$0000001F)
    __rt_lib_init_heap_1                     0x0000015b   Thumb Code     0  libinit2.o(.ARM.Collect$$libinit$$00000006)
    __rt_lib_init_lc_collate_1               0x0000015b   Thumb Code     0  libinit2.o(.ARM.Collect$$libinit$$0000000D)
    __rt_lib_init_lc_ctype_1                 0x0000015b   Thumb Code     0  libinit2.o(.ARM.Collect$$libinit$$0000000F)
    __rt_lib_init_lc_monetary_1              0x0000015b   Thumb Code     0  libinit2.o(.ARM.Collect$$libinit$$00000011)
    __rt_lib_init_lc_numeric_1               0x0000015b   Thumb Code     0  libinit2.o(.ARM.Collect$$libinit$$00000013)
    __rt_lib_init_lc_time_1                  0x0000015b   Thumb Code     0  libinit2.o(.ARM.Collect$$libinit$$00000015)
    __rt_lib_init_rand_1                     0x0000015b   Thumb Code     0  libinit2.o(.ARM.Collect$$libinit$$0000000A)
    __rt_lib_init_return                     0x0000015b   Thumb Code     0  libinit2.o(.ARM.Collect$$libinit$$0000002F)
    __rt_lib_init_signal_1                   0x0000015b   Thumb Code     0  libinit2.o(.ARM.Collect$$libinit$$00000019)
    __rt_lib_init_stdio_1                    0x0000015b   Thumb Code     0  libinit2.o(.ARM.Collect$$libinit$$00000021)
    __rt_lib_init_user_alloc_1               0x0000015b   Thumb Code     0  libinit2.o(.ARM.Collect$$libinit$$00000008)
    Inline ARM to Thumb Veneer to __rt_lib_shutdown 0x00000168   ARM Code       8  libshutdown.o(.ARM.Collect$$libshutdown$$00000000)
    __rt_lib_shutdown                        0x00000171   Thumb Code     0  libshutdown.o(.ARM.Collect$$libshutdown$$00000000)
    __rt_lib_shutdown_fp_trap_1              0x00000175   Thumb Code     0  libshutdown2.o(.ARM.Collect$$libshutdown$$00000006)
    __rt_lib_shutdown_heap_1                 0x00000175   Thumb Code     0  libshutdown2.o(.ARM.Collect$$libshutdown$$0000000E)
    __rt_lib_shutdown_return                 0x00000175   Thumb Code     0  libshutdown2.o(.ARM.Collect$$libshutdown$$0000000F)
    __rt_lib_shutdown_signal_1               0x00000175   Thumb Code     0  libshutdown2.o(.ARM.Collect$$libshutdown$$00000009)
    __rt_lib_shutdown_stdio_1                0x00000175   Thumb Code     0  libshutdown2.o(.ARM.Collect$$libshutdown$$00000003)
    __rt_lib_shutdown_user_alloc_1           0x00000175   Thumb Code     0  libshutdown2.o(.ARM.Collect$$libshutdown$$0000000B)
    __rt_entry                               0x0000017c   ARM Code       0  rtentry.o(.ARM.Collect$$rtentry$$00000000)
    __rt_entry_presh_1                       0x0000017c   ARM Code       0  rtentry2.o(.ARM.Collect$$rtentry$$00000002)
    __rt_entry_sh                            0x0000017c   ARM Code       0  rtentry4.o(.ARM.Collect$$rtentry$$00000004)
    __rt_entry_li                            0x00000184   ARM Code       0  rtentry2.o(.ARM.Collect$$rtentry$$0000000A)
    __rt_entry_postsh_1                      0x00000184   ARM Code       0  rtentry2.o(.ARM.Collect$$rtentry$$00000009)
    __rt_entry_main                          0x00000188   ARM Code       0  rtentry2.o(.ARM.Collect$$rtentry$$0000000D)
    __rt_entry_postli_1                      0x00000188   ARM Code       0  rtentry2.o(.ARM.Collect$$rtentry$$0000000C)
    Inline Thumb to ARM Veneer to __rt_exit  0x000001b1   Thumb Code     4  rtexit.o(.ARM.Collect$$rtexit$$00000000)
    __rt_exit                                0x000001b4   ARM Code       0  rtexit.o(.ARM.Collect$$rtexit$$00000000)
    __rt_exit_ls                             0x000001b4   ARM Code       0  rtexit2.o(.ARM.Collect$$rtexit$$00000003)
    __rt_exit_prels_1                        0x000001b4   ARM Code       0  rtexit2.o(.ARM.Collect$$rtexit$$00000002)
    __rt_exit_exit                           0x000001b8   ARM Code       0  rtexit2.o(.ARM.Collect$$rtexit$$00000004)
    __user_initial_stackheap                 0x000001bc   ARM Code       0  startup.o(.text)
    delay                                    0x000001dc   ARM Code      36  lab12.o(.text)
    enable                                   0x00000200   ARM Code      44  lab12.o(.text)
    LCD_CMD                                  0x0000022c   ARM Code      52  lab12.o(.text)
    LCD_DATA                                 0x00000260   ARM Code      52  lab12.o(.text)
    init_LCD                                 0x00000294   ARM Code      68  lab12.o(.text)
    change_Adress                            0x000002d8   ARM Code      28  lab12.o(.text)
    send_Text                                0x000002f4   ARM Code      80  lab12.o(.text)
    main                                     0x00000344   ARM Code      72  lab12.o(.text)
    __aeabi_memcpy4                          0x000003d4   ARM Code       0  rt_memcpy_w.o(.text)
    __aeabi_memcpy8                          0x000003d4   ARM Code       0  rt_memcpy_w.o(.text)
    __rt_memcpy_w                            0x000003d4   ARM Code     100  rt_memcpy_w.o(.text)
    _memcpy_lastbytes_aligned                0x00000420   ARM Code       0  rt_memcpy_w.o(.text)
    __use_two_region_memory                  0x00000439   Thumb Code     2  heapauxi.o(.text)
    __rt_heap_escrow$2region                 0x0000043b   Thumb Code     2  heapauxi.o(.text)
    __rt_heap_expand$2region                 0x0000043d   Thumb Code     2  heapauxi.o(.text)
    __user_setup_stackheap                   0x00000440   ARM Code      96  sys_stackheap_outer.o(.text)
    exit                                     0x000004a1   Thumb Code    12  exit.o(.text)
    __user_libspace                          0x000004ac   ARM Code      12  libspace.o(.text)
    __user_perproc_libspace                  0x000004ac   ARM Code       0  libspace.o(.text)
    __user_perthread_libspace                0x000004ac   ARM Code       0  libspace.o(.text)
    _sys_exit                                0x000004b8   ARM Code      20  sys_exit.o(.text)
    __I$use$semihosting                      0x000004d0   ARM Code       0  use_no_semi.o(.text)
    __use_no_semihosting_swi                 0x000004d0   ARM Code       4  use_no_semi.o(.text)
    Inline Thumb to ARM Veneer to _fp_init   0x000004d5   Thumb Code     4  fpinit.o(x$fpl$fpinit)
    __fplib_config_pureend_doubles           0x000004d8   ARM Code       0  fpinit.o(x$fpl$fpinit)
    _fp_init                                 0x000004d8   ARM Code       4  fpinit.o(x$fpl$fpinit)
    Region$$Table$$Base                      0x000004dc   Number         0  anon$$obj.o(Region$$Table)
    Region$$Table$$Limit                     0x000004ec   Number         0  anon$$obj.o(Region$$Table)
    __libspace_start                         0x40000000   Data          96  libspace.o(.bss)
    __temporary_stack_top$libspace           0x40000060   Data           0  libspace.o(.bss)



==============================================================================

Memory Map of the image

  Image Entry point : 0x000000dc

  Load Region LR_IROM1 (Base: 0x00000000, Size: 0x000004ec, Max: 0x00080000, ABSOLUTE)

    Execution Region ER_IROM1 (Base: 0x00000000, Size: 0x000004ec, Max: 0x00080000, ABSOLUTE)

    Base Addr    Size         Type   Attr      Idx    E Section Name        Object

    0x00000000   0x000000dc   Code   RO            3    RESET               startup.o
    0x000000dc   0x00000008   Code   RO           37  * !!!main             __main.o(c_t.l)
    0x000000e4   0x0000003c   Code   RO          196    !!!scatter          __scatter.o(c_t.l)
    0x00000120   0x0000002c   Code   RO          198    !!handler_zi        __scatter_zi.o(c_t.l)
    0x0000014c   0x00000008   Ven    RO           69    .ARM.Collect$$libinit$$00000000  libinit.o(c_t.l)
    0x00000154   0x00000006   Code   RO           69    .ARM.Collect$$libinit$$00000000  libinit.o(c_t.l)
    0x0000015a   0x00000000   Code   RO           77    .ARM.Collect$$libinit$$00000006  libinit2.o(c_t.l)
    0x0000015a   0x00000000   Code   RO           79    .ARM.Collect$$libinit$$00000008  libinit2.o(c_t.l)
    0x0000015a   0x00000000   Code   RO           81    .ARM.Collect$$libinit$$0000000A  libinit2.o(c_t.l)
    0x0000015a   0x00000000   Code   RO           84    .ARM.Collect$$libinit$$0000000D  libinit2.o(c_t.l)
    0x0000015a   0x00000000   Code   RO           86    .ARM.Collect$$libinit$$0000000F  libinit2.o(c_t.l)
    0x0000015a   0x00000000   Code   RO           88    .ARM.Collect$$libinit$$00000011  libinit2.o(c_t.l)
    0x0000015a   0x00000000   Code   RO           90    .ARM.Collect$$libinit$$00000013  libinit2.o(c_t.l)
    0x0000015a   0x00000000   Code   RO           92    .ARM.Collect$$libinit$$00000015  libinit2.o(c_t.l)
    0x0000015a   0x00000000   Code   RO           94    .ARM.Collect$$libinit$$00000017  libinit2.o(c_t.l)
    0x0000015a   0x00000000   Code   RO           96    .ARM.Collect$$libinit$$00000019  libinit2.o(c_t.l)
    0x0000015a   0x00000000   Code   RO           98    .ARM.Collect$$libinit$$0000001B  libinit2.o(c_t.l)
    0x0000015a   0x00000000   Code   RO          100    .ARM.Collect$$libinit$$0000001D  libinit2.o(c_t.l)
    0x0000015a   0x00000000   Code   RO          102    .ARM.Collect$$libinit$$0000001F  libinit2.o(c_t.l)
    0x0000015a   0x00000000   Code   RO          104    .ARM.Collect$$libinit$$00000021  libinit2.o(c_t.l)
    0x0000015a   0x00000000   Code   RO          108    .ARM.Collect$$libinit$$00000028  libinit2.o(c_t.l)
    0x0000015a   0x00000000   Code   RO          110    .ARM.Collect$$libinit$$0000002A  libinit2.o(c_t.l)
    0x0000015a   0x00000000   Code   RO          112    .ARM.Collect$$libinit$$0000002C  libinit2.o(c_t.l)
    0x0000015a   0x00000000   Code   RO          114    .ARM.Collect$$libinit$$0000002E  libinit2.o(c_t.l)
    0x0000015a   0x0000000c   Code   RO          115    .ARM.Collect$$libinit$$0000002F  libinit2.o(c_t.l)
    0x00000166   0x00000002   PAD
    0x00000168   0x00000008   Ven    RO          136    .ARM.Collect$$libshutdown$$00000000  libshutdown.o(c_t.l)
    0x00000170   0x00000004   Code   RO          136    .ARM.Collect$$libshutdown$$00000000  libshutdown.o(c_t.l)
    0x00000174   0x00000000   Code   RO          149    .ARM.Collect$$libshutdown$$00000003  libshutdown2.o(c_t.l)
    0x00000174   0x00000000   Code   RO          152    .ARM.Collect$$libshutdown$$00000006  libshutdown2.o(c_t.l)
    0x00000174   0x00000000   Code   RO          155    .ARM.Collect$$libshutdown$$00000009  libshutdown2.o(c_t.l)
    0x00000174   0x00000000   Code   RO          157    .ARM.Collect$$libshutdown$$0000000B  libshutdown2.o(c_t.l)
    0x00000174   0x00000000   Code   RO          160    .ARM.Collect$$libshutdown$$0000000E  libshutdown2.o(c_t.l)
    0x00000174   0x00000006   Code   RO          161    .ARM.Collect$$libshutdown$$0000000F  libshutdown2.o(c_t.l)
    0x0000017a   0x00000002   PAD
    0x0000017c   0x00000000   Code   RO           39    .ARM.Collect$$rtentry$$00000000  rtentry.o(c_t.l)
    0x0000017c   0x00000000   Code   RO           42    .ARM.Collect$$rtentry$$00000002  rtentry2.o(c_t.l)
    0x0000017c   0x00000008   Code   RO           57    .ARM.Collect$$rtentry$$00000004  rtentry4.o(c_t.l)
    0x00000184   0x00000000   Code   RO           44    .ARM.Collect$$rtentry$$00000009  rtentry2.o(c_t.l)
    0x00000184   0x00000004   Code   RO           45    .ARM.Collect$$rtentry$$0000000A  rtentry2.o(c_t.l)
    0x00000188   0x00000000   Code   RO           47    .ARM.Collect$$rtentry$$0000000C  rtentry2.o(c_t.l)
    0x00000188   0x00000028   Code   RO           48    .ARM.Collect$$rtentry$$0000000D  rtentry2.o(c_t.l)
    0x000001b0   0x00000004   Ven    RO           73    .ARM.Collect$$rtexit$$00000000  rtexit.o(c_t.l)
    0x000001b4   0x00000000   Code   RO           73    .ARM.Collect$$rtexit$$00000000  rtexit.o(c_t.l)
    0x000001b4   0x00000000   Code   RO          119    .ARM.Collect$$rtexit$$00000002  rtexit2.o(c_t.l)
    0x000001b4   0x00000004   Code   RO          120    .ARM.Collect$$rtexit$$00000003  rtexit2.o(c_t.l)
    0x000001b8   0x00000004   Code   RO          121    .ARM.Collect$$rtexit$$00000004  rtexit2.o(c_t.l)
    0x000001bc   0x00000020   Code   RO            4    .text               startup.o
    0x000001dc   0x000001f8   Code   RO           11    .text               lab12.o
    0x000003d4   0x00000064   Code   RO           33    .text               rt_memcpy_w.o(c_t.l)
    0x00000438   0x00000006   Code   RO           35    .text               heapauxi.o(c_t.l)
    0x0000043e   0x00000002   PAD
    0x00000440   0x00000060   Code   RO           59    .text               sys_stackheap_outer.o(c_t.l)
    0x000004a0   0x0000000c   Code   RO           61    .text               exit.o(c_t.l)
    0x000004ac   0x0000000c   Code   RO           70    .text               libspace.o(c_t.l)
    0x000004b8   0x00000018   Code   RO          128    .text               sys_exit.o(c_t.l)
    0x000004d0   0x00000004   Code   RO          139    .text               use_no_semi.o(c_t.l)
    0x000004d4   0x00000004   Ven    RO          116    x$fpl$fpinit        fpinit.o(fz_ts.l)
    0x000004d8   0x00000004   Code   RO          116    x$fpl$fpinit        fpinit.o(fz_ts.l)
    0x000004dc   0x00000010   Data   RO          194    Region$$Table       anon$$obj.o


    Execution Region RW_IRAM1 (Base: 0x40000000, Size: 0x000004e8, Max: 0x00008000, ABSOLUTE)

    Base Addr    Size         Type   Attr      Idx    E Section Name        Object

    0x40000000   0x00000060   Zero   RW           71    .bss                libspace.o(c_t.l)
    0x40000060   0x00000000   Zero   RW            2    HEAP                startup.o
    0x40000060   0x00000488   Zero   RW            1    STACK               startup.o


==============================================================================

Image component sizes


      Code (inc. data)   RO Data    RW Data    ZI Data      Debug   Object Name

       504         72          0          0          0       3714   lab12.o
       252         60          0          0       1160        492   startup.o

    ----------------------------------------------------------------------
       756        132         16          0       1160       4206   Object Totals
         0          0         16          0          0          0   (incl. Generated)
         0          0          0          0          0          0   (incl. Padding)

    ----------------------------------------------------------------------

      Code (inc. data)   RO Data    RW Data    ZI Data      Debug   Library Member Name

         8          0          0          0          0         68   __main.o
        60          8          0          0          0          0   __scatter.o
        44          0          0          0          0          0   __scatter_zi.o
        12          0          0          0          0         60   exit.o
         8          0          0          0          0         68   fpinit.o
         6          0          0          0          0        132   heapauxi.o
        14          0          0          0          0          0   libinit.o
        12          0          0          0          0          0   libinit2.o
        12          0          0          0          0          0   libshutdown.o
         6          0          0          0          0          0   libshutdown2.o
        12          4          0          0         96         68   libspace.o
       100          0          0          0          0         80   rt_memcpy_w.o
         0          0          0          0          0          0   rtentry.o
        44          4          0          0          0          0   rtentry2.o
         8          0          0          0          0          0   rtentry4.o
         4          0          0          0          0          0   rtexit.o
         8          0          0          0          0          0   rtexit2.o
        24          8          0          0          0         68   sys_exit.o
        96          0          0          0          0         80   sys_stackheap_outer.o
         4          0          0          0          0         68   use_no_semi.o

    ----------------------------------------------------------------------
       488         24          0          0         96        692   Library Totals
         6          0          0          0          0          0   (incl. Padding)

    ----------------------------------------------------------------------

      Code (inc. data)   RO Data    RW Data    ZI Data      Debug   Library Name

       474         24          0          0         96        624   c_t.l
         8          0          0          0          0         68   fz_ts.l

    ----------------------------------------------------------------------
       488         24          0          0         96        692   Library Totals

    ----------------------------------------------------------------------

==============================================================================


      Code (inc. data)   RO Data    RW Data    ZI Data      Debug   

      1244        156         16          0       1256       4556   Grand Totals
      1244        156         16          0       1256       4556   ELF Image Totals
      1244        156         16          0          0          0   ROM Totals

==============================================================================

    Total RO  Size (Code + RO Data)                 1260 (   1.23kB)
    Total RW  Size (RW Data + ZI Data)              1256 (   1.23kB)
    Total ROM Size (Code + RO Data + RW Data)       1260 (   1.23kB)

==============================================================================

