<html>
<body>
<pre>
<h1>µVision Build Log</h1>
<h2>Project:</h2>
C:\Users\Guest\Desktop\LCD\lab12\lab12\lab12.uvproj
Project File Date:  05/17/2016

<h2>Output:</h2>
Build target 'EA LPC2148'
compiling lab12.c...
lab12.c(27): error:  #20: identifier "I2C0CONSET" is undefined
Target not created
Build target 'EA LPC2148'
compiling lab12.c...
linking...
Program Size: Code=648 RO-data=16 RW-data=0 ZI-data=1256  
FromELF: creating hex file...
"lab12.axf" - 0 Error(s), 0 Warning(s).
Build target 'EA LPC2148'
compiling lab12.c...
linking...
Program Size: Code=648 RO-data=16 RW-data=0 ZI-data=1256  
FromELF: creating hex file...
"lab12.axf" - 0 Error(s), 0 Warning(s).
Build target 'EA LPC2148'
compiling lab12.c...
linking...
Program Size: Code=648 RO-data=16 RW-data=0 ZI-data=1256  
FromELF: creating hex file...
"lab12.axf" - 0 Error(s), 0 Warning(s).
Build target 'EA LPC2148'
compiling lab12.c...
lab12.c(13): error:  #20: identifier "IO1DIR" is undefined
lab12.c(14): error:  #20: identifier "IO0DIR" is undefined
Target not created
Build target 'EA LPC2148'
compiling lab12.c...
linking...
Program Size: Code=672 RO-data=16 RW-data=0 ZI-data=1256  
FromELF: creating hex file...
"lab12.axf" - 0 Error(s), 0 Warning(s).
Build target 'EA LPC2148'
compiling lab12.c...
linking...
Program Size: Code=672 RO-data=16 RW-data=0 ZI-data=1256  
FromELF: creating hex file...
"lab12.axf" - 0 Error(s), 0 Warning(s).
Build target 'EA LPC2148'
compiling lab12.c...
lab12.c(16): warning:  #177-D: variable "cmd32" was declared but never referenced
linking...
Program Size: Code=680 RO-data=16 RW-data=0 ZI-data=1256  
FromELF: creating hex file...
"lab12.axf" - 0 Error(s), 1 Warning(s).
Build target 'EA LPC2148'
compiling lab12.c...
linking...
Program Size: Code=688 RO-data=16 RW-data=0 ZI-data=1256  
FromELF: creating hex file...
"lab12.axf" - 0 Error(s), 0 Warning(s).
Build target 'EA LPC2148'
compiling lab12.c...
lab12.c(25): error:  #29: expected an expression
lab12.c(25): error:  #18: expected a ")"
lab12.c(25): error:  #65: expected a ";"
Target not created
Build target 'EA LPC2148'
compiling lab12.c...
linking...
Program Size: Code=696 RO-data=16 RW-data=0 ZI-data=1256  
FromELF: creating hex file...
"lab12.axf" - 0 Error(s), 0 Warning(s).
Build target 'EA LPC2148'
compiling lab12.c...
linking...
Program Size: Code=708 RO-data=16 RW-data=0 ZI-data=1256  
FromELF: creating hex file...
"lab12.axf" - 0 Error(s), 0 Warning(s).
Build target 'EA LPC2148'
compiling lab12.c...
lab12.c(17): error:  #29: expected an expression
lab12.c(17): error:  #20: identifier "i" is undefined
lab12.c(18): error:  #20: identifier "j" is undefined
Target not created
Build target 'EA LPC2148'
compiling lab12.c...
linking...
Program Size: Code=792 RO-data=16 RW-data=0 ZI-data=1256  
FromELF: creating hex file...
"lab12.axf" - 0 Error(s), 0 Warning(s).
Build target 'EA LPC2148'
compiling lab12.c...
linking...
Program Size: Code=808 RO-data=16 RW-data=0 ZI-data=1256  
FromELF: creating hex file...
"lab12.axf" - 0 Error(s), 0 Warning(s).
Build target 'EA LPC2148'
compiling lab12.c...
linking...
Program Size: Code=860 RO-data=16 RW-data=0 ZI-data=1256  
FromELF: creating hex file...
"lab12.axf" - 0 Error(s), 0 Warning(s).
Build target 'EA LPC2148'
compiling lab12.c...
lab12.c(53): error:  #268: declaration may not appear after executable statement in block
lab12.c(53): warning:  #550-D: variable "a" was set but never used
Target not created
Build target 'EA LPC2148'
compiling lab12.c...
lab12.c(53): error:  #268: declaration may not appear after executable statement in block
lab12.c(53): warning:  #550-D: variable "a" was set but never used
Target not created
Build target 'EA LPC2148'
compiling lab12.c...
lab12.c(53): error:  #268: declaration may not appear after executable statement in block
lab12.c(54): error:  #65: expected a ";"
lab12.c(53): warning:  #177-D: variable "a" was declared but never referenced
Target not created
Build target 'EA LPC2148'
compiling lab12.c...
lab12.c(53): error:  #268: declaration may not appear after executable statement in block
lab12.c(53): warning:  #550-D: variable "a" was set but never used
Target not created
Build target 'EA LPC2148'
compiling lab12.c...
lab12.c(50): warning:  #550-D: variable "a" was set but never used
linking...
Program Size: Code=864 RO-data=16 RW-data=0 ZI-data=1256  
FromELF: creating hex file...
"lab12.axf" - 0 Error(s), 1 Warning(s).
Build target 'EA LPC2148'
compiling lab12.c...
lab12.c(56): error:  #20: identifier "E" is undefined
lab12.c(50): warning:  #550-D: variable "a" was set but never used
Target not created
Build target 'EA LPC2148'
compiling lab12.c...
lab12.c(50): warning:  #550-D: variable "a" was set but never used
linking...
Program Size: Code=868 RO-data=16 RW-data=0 ZI-data=1256  
FromELF: creating hex file...
"lab12.axf" - 0 Error(s), 1 Warning(s).
Build target 'EA LPC2148'
compiling lab12.c...
lab12.c(51): warning:  #550-D: variable "a" was set but never used
linking...
Program Size: Code=868 RO-data=16 RW-data=0 ZI-data=1256  
FromELF: creating hex file...
"lab12.axf" - 0 Error(s), 1 Warning(s).
Build target 'EA LPC2148'
compiling lab12.c...
lab12.c(51): warning:  #550-D: variable "a" was set but never used
linking...
Program Size: Code=872 RO-data=16 RW-data=0 ZI-data=1256  
FromELF: creating hex file...
"lab12.axf" - 0 Error(s), 1 Warning(s).
Build target 'EA LPC2148'
compiling lab12.c...
linking...
Program Size: Code=860 RO-data=16 RW-data=0 ZI-data=1256  
FromELF: creating hex file...
"lab12.axf" - 0 Error(s), 0 Warning(s).
Build target 'EA LPC2148'
linking...
Program Size: Code=860 RO-data=16 RW-data=0 ZI-data=1256  
FromELF: creating hex file...
"lab12.axf" - 0 Error(s), 0 Warning(s).
Build target 'EA LPC2148'
compiling lab12.c...
linking...
Program Size: Code=872 RO-data=16 RW-data=0 ZI-data=1256  
FromELF: creating hex file...
"lab12.axf" - 0 Error(s), 0 Warning(s).
Build target 'EA LPC2148'
compiling lab12.c...
linking...
Program Size: Code=872 RO-data=16 RW-data=0 ZI-data=1256  
FromELF: creating hex file...
"lab12.axf" - 0 Error(s), 0 Warning(s).
Build target 'EA LPC2148'
compiling lab12.c...
linking...
Program Size: Code=872 RO-data=16 RW-data=0 ZI-data=1256  
FromELF: creating hex file...
"lab12.axf" - 0 Error(s), 0 Warning(s).
Build target 'EA LPC2148'
compiling lab12.c...
linking...
Program Size: Code=872 RO-data=16 RW-data=0 ZI-data=1256  
FromELF: creating hex file...
"lab12.axf" - 0 Error(s), 0 Warning(s).
Build target 'EA LPC2148'
compiling lab12.c...
linking...
Program Size: Code=880 RO-data=16 RW-data=0 ZI-data=1256  
FromELF: creating hex file...
"lab12.axf" - 0 Error(s), 0 Warning(s).
Build target 'EA LPC2148'
compiling lab12.c...
lab12.c(36): error:  #65: expected a ";"
lab12.c(46): error:  #65: expected a ";"
Target not created
Build target 'EA LPC2148'
compiling lab12.c...
lab12.c(36): error:  #158: expression must be an lvalue or a function designator
lab12.c(46): error:  #158: expression must be an lvalue or a function designator
Target not created
Build target 'EA LPC2148'
compiling lab12.c...
lab12.c(36): error:  #29: expected an expression
lab12.c(46): error:  #158: expression must be an lvalue or a function designator
Target not created
Build target 'EA LPC2148'
compiling lab12.c...
lab12.c(46): error:  #158: expression must be an lvalue or a function designator
Target not created
Build target 'EA LPC2148'
compiling lab12.c...
linking...
Program Size: Code=996 RO-data=16 RW-data=0 ZI-data=1256  
FromELF: creating hex file...
"lab12.axf" - 0 Error(s), 0 Warning(s).
Build target 'EA LPC2148'
compiling lab12.c...
linking...
Program Size: Code=972 RO-data=16 RW-data=0 ZI-data=1256  
FromELF: creating hex file...
"lab12.axf" - 0 Error(s), 0 Warning(s).
Build target 'EA LPC2148'
compiling lab12.c...
linking...
Program Size: Code=948 RO-data=16 RW-data=0 ZI-data=1256  
FromELF: creating hex file...
"lab12.axf" - 0 Error(s), 0 Warning(s).
Build target 'EA LPC2148'
compiling lab12.c...
linking...
Program Size: Code=956 RO-data=16 RW-data=0 ZI-data=1256  
FromELF: creating hex file...
"lab12.axf" - 0 Error(s), 0 Warning(s).
Build target 'EA LPC2148'
linking...
Program Size: Code=956 RO-data=16 RW-data=0 ZI-data=1256  
FromELF: creating hex file...
"lab12.axf" - 0 Error(s), 0 Warning(s).
Build target 'EA LPC2148'
compiling lab12.c...
linking...
Program Size: Code=960 RO-data=16 RW-data=0 ZI-data=1256  
FromELF: creating hex file...
"lab12.axf" - 0 Error(s), 0 Warning(s).
Build target 'EA LPC2148'
compiling lab12.c...
linking...
Program Size: Code=952 RO-data=16 RW-data=0 ZI-data=1256  
FromELF: creating hex file...
"lab12.axf" - 0 Error(s), 0 Warning(s).
Build target 'EA LPC2148'
compiling lab12.c...
linking...
Program Size: Code=960 RO-data=16 RW-data=0 ZI-data=1256  
FromELF: creating hex file...
"lab12.axf" - 0 Error(s), 0 Warning(s).
Build target 'EA LPC2148'
compiling lab12.c...
lab12.c(69): warning:  #177-D: variable "text" was declared but never referenced
linking...
Program Size: Code=980 RO-data=16 RW-data=0 ZI-data=1256  
FromELF: creating hex file...
"lab12.axf" - 0 Error(s), 1 Warning(s).
Build target 'EA LPC2148'
compiling lab12.c...
lab12.c(71): error:  #142: expression must have pointer-to-object type
lab12.c(76): warning:  #177-D: variable "text" was declared but never referenced
Target not created
Build target 'EA LPC2148'
compiling lab12.c...
lab12.c(76): warning:  #177-D: variable "text" was declared but never referenced
linking...
Program Size: Code=1028 RO-data=16 RW-data=0 ZI-data=1256  
FromELF: creating hex file...
"lab12.axf" - 0 Error(s), 1 Warning(s).
Build target 'EA LPC2148'
compiling lab12.c...
linking...
Program Size: Code=1036 RO-data=16 RW-data=0 ZI-data=1256  
FromELF: creating hex file...
"lab12.axf" - 0 Error(s), 0 Warning(s).
Build target 'EA LPC2148'
compiling lab12.c...
linking...
Program Size: Code=1020 RO-data=16 RW-data=0 ZI-data=1256  
FromELF: creating hex file...
"lab12.axf" - 0 Error(s), 0 Warning(s).
Build target 'EA LPC2148'
compiling lab12.c...
linking...
Program Size: Code=1020 RO-data=16 RW-data=0 ZI-data=1256  
FromELF: creating hex file...
"lab12.axf" - 0 Error(s), 0 Warning(s).
Build target 'EA LPC2148'
compiling lab12.c...
linking...
Program Size: Code=1028 RO-data=16 RW-data=0 ZI-data=1256  
FromELF: creating hex file...
"lab12.axf" - 0 Error(s), 0 Warning(s).
Build target 'EA LPC2148'
compiling lab12.c...
linking...
Program Size: Code=1156 RO-data=16 RW-data=0 ZI-data=1256  
FromELF: creating hex file...
"lab12.axf" - 0 Error(s), 0 Warning(s).
Build target 'EA LPC2148'
compiling lab12.c...
linking...
Program Size: Code=1128 RO-data=88 RW-data=0 ZI-data=1256  
FromELF: creating hex file...
"lab12.axf" - 0 Error(s), 0 Warning(s).
Build target 'EA LPC2148'
compiling lab12.c...
linking...
Program Size: Code=1184 RO-data=16 RW-data=0 ZI-data=1256  
FromELF: creating hex file...
"lab12.axf" - 0 Error(s), 0 Warning(s).
Build target 'EA LPC2148'
compiling lab12.c...
linking...
Program Size: Code=1228 RO-data=16 RW-data=0 ZI-data=1256  
FromELF: creating hex file...
"lab12.axf" - 0 Error(s), 0 Warning(s).
Build target 'EA LPC2148'
linking...
Program Size: Code=1228 RO-data=16 RW-data=0 ZI-data=1256  
FromELF: creating hex file...
"lab12.axf" - 0 Error(s), 0 Warning(s).
Build target 'EA LPC2148'
compiling lab12.c...
linking...
Program Size: Code=1244 RO-data=16 RW-data=0 ZI-data=1256  
FromELF: creating hex file...
"lab12.axf" - 0 Error(s), 0 Warning(s).
Build target 'EA LPC2148'
compiling lab12.c...
linking...
Program Size: Code=1244 RO-data=16 RW-data=0 ZI-data=1256  
FromELF: creating hex file...
"lab12.axf" - 0 Error(s), 0 Warning(s).
Build target 'EA LPC2148'
compiling lab12.c...
linking...
Program Size: Code=1244 RO-data=16 RW-data=0 ZI-data=1256  
FromELF: creating hex file...
"lab12.axf" - 0 Error(s), 0 Warning(s).
