Component: ARM Compiler 5.06 update 6 (build 750) Tool: armlink [4d35ed]

==============================================================================

Loading Objects.

Loading object startup.o.
              definition:  __ARM_asm.debug_abbrev.1
              definition:  __user_initial_stackheap
              definition:  Reset_Handler
              reference :  __main
              reference :  __use_two_region_memory
Loading object serial.o.
              definition:  __ARM_grp..debug_abbrev.group.2_Am0000_lbphKItke$2_000000
              definition:  __ARM_grp..debug_info$LPC214x.H$.2_wd8000_9H8IAshrEif_300000
              definition:  __ARM_grp..debug_info$serial.c$.2_kB0000_pgYoZFECGVc_300000
              definition:  __ARM_grp..debug_info$stdio.h$.2_gL1000_DIDQA0A0jub_f00000
              definition:  __ARM_grp.LPC214x.H.2_wd8000_9H8IAshrEif_300000
              definition:  __ARM_grp.serial.c.2_kB0000_pgYoZFECGVc_300000
              definition:  __ARM_grp.stdio.h.2_gL1000_DIDQA0A0jub_f00000
              definition:  __ARM_grp..debug_line$LPC214x.H$.2_wd8000_9H8IAshrEif_300000
              definition:  __ARM_grp..debug_line$serial.c$.2_kB0000_pgYoZFECGVc_300000
              definition:  __ARM_grp..debug_line$stdio.h$.2_gL1000_DIDQA0A0jub_f00000
              definition:  __ARM_grp..debug_macinfo$LPC214x.H$.2_wd8000_9H8IAshrEif_300000
              definition:  __ARM_grp..debug_macinfo$serial.c$.2_kB0000_pgYoZFECGVc_300000
              definition:  __ARM_grp..debug_macinfo$stdio.h$.2_gL1000_DIDQA0A0jub_f00000
              definition:  __ARM_grp..debug_pubnames$stdio.h$.2_gL1000_DIDQA0A0jub_f00000
              definition:  sendchar
              definition:  fputc
              definition:  init_serial
              definition:  getkey
              definition:  hex2ascii
              definition:  sendascii
              definition:  sendstring
              definition:  delay
              definition:  enable
              definition:  LCD_CMD
              definition:  LCD_DATA
              definition:  init_LCD
              definition:  change_Adress
              definition:  cursor_move
              definition:  send_Text
Loading object i2c_driver.o.
              definition:  i2c_buf
              definition:  cnt
              definition:  old_temp
              definition:  display
              definition:  __ARM_grp..debug_info$i2c_driver.c$.2_H_0000_jS_guO3LL_8_700000
              definition:  __ARM_grp..debug_info$i2c_driver.h$.2_ky0000_cJPi33wJQ4b_300000
              definition:  __ARM_grp..debug_info$lpc214x.h$.2_wd8000_4IGvB$Oalxd_300000
              definition:  __ARM_grp.i2c_driver.c.2_H_0000_jS_guO3LL_8_700000
              definition:  __ARM_grp.i2c_driver.h.2_ky0000_cJPi33wJQ4b_300000
              definition:  __ARM_grp.lpc214x.h.2_wd8000_4IGvB$Oalxd_300000
              definition:  __ARM_grp..debug_line$i2c_driver.c$.2_H_0000_jS_guO3LL_8_700000
              definition:  __ARM_grp..debug_line$i2c_driver.h$.2_ky0000_cJPi33wJQ4b_300000
              definition:  __ARM_grp..debug_line$lpc214x.h$.2_wd8000_4IGvB$Oalxd_300000
              definition:  __ARM_grp..debug_macinfo$i2c_driver.c$.2_H_0000_jS_guO3LL_8_700000
              definition:  __ARM_grp..debug_macinfo$i2c_driver.h$.2_ky0000_cJPi33wJQ4b_300000
              definition:  __ARM_grp..debug_macinfo$lpc214x.h$.2_wd8000_4IGvB$Oalxd_300000
              definition:  __ARM_grp..debug_pubnames$i2c_driver.c$.2_H_0000_jS_guO3LL_8_700000
              definition:  num2char
              definition:  afisare
              definition:  ISR_58
              definition:  ISR_50
              definition:  ISR_48
              definition:  ISR_40
              definition:  ISR_8
              definition:  I2C_ISR
              definition:  i2cInit
              reference :  __aeabi_cdcmple
              reference :  __aeabi_ui2d
              reference :  __aeabi_uidivmod
              reference :  send_Text
              reference :  tempMeas
              reference :  __ARM_grp..debug_abbrev.group.2_Am0000_lbphKItke$2_000000
Loading object lab12.o.
              definition:  __ARM_use_no_argv
              definition:  tempMeas
              definition:  __ARM_grp..debug_info$lab12.c$.2_X01000_TdjA7VgJ0r7_700000
              definition:  __ARM_grp.lab12.c.2_X01000_TdjA7VgJ0r7_700000
              definition:  __ARM_grp..debug_line$lab12.c$.2_X01000_TdjA7VgJ0r7_700000
              definition:  __ARM_grp..debug_macinfo$lab12.c$.2_X01000_TdjA7VgJ0r7_700000
              definition:  __ARM_grp..debug_pubnames$lab12.c$.2_X01000_TdjA7VgJ0r7_700000
              definition:  main
              reference :  cursor_move
              reference :  i2cInit
              reference :  init_LCD
              reference :  send_Text
              reference :  __ARM_grp..debug_abbrev.group.2_Am0000_lbphKItke$2_000000
Loading object delay.o.
              definition:  __ARM_grp..debug_info$delay.c$.2_Ur0000_yV9aMtwo7d6_300000
[...]
              definition:  __rt_entry
              reference :  __rt_entry_li
              reference :  __rt_entry_main
              reference :  __rt_entry_postli_1
              reference :  __rt_entry_postsh_1
              reference :  __rt_entry_presh_1
              reference :  __rt_entry_sh
Loading member aeabi_idiv0.o from c_t.l.
              definition:  __aeabi_idiv0
Loading member aeabi_idiv0_sigfpe.o from c_t.l.
              definition:  __aeabi_idiv0$sigfpe
              reference :  __rt_div0
Loading member dcmpi.o from fz_ts.l.
              definition:  __fpl_dcmp_Inf
              reference :  __I$use$fp
Loading member dnaninf.o from fz_ts.l.
              definition:  __fpl_dnaninf
              reference :  __I$use$fp
Loading member usenofp.o from fz_ts.l.
              definition:  __I$use$fp
Selecting member __rtentry2.o(c_t.l) to define __rt_entry_li.
Selecting member __rtentry2.o(c_t.l) to define __rt_entry_main.
Running selection script in c_t.l to resolve __rt_entry_postli_1.
Selecting member __rtentry2.o(c_t.l) to define __rt_entry_postli_1.
Selecting member __rtentry2.o(c_t.l) to define __rt_entry_postli_2.
Running selection script in c_t.l to resolve __rt_entry_postsh_1.
Selecting member __rtentry2.o(c_t.l) to define __rt_entry_postsh_1.
Selecting member __rtentry2.o(c_t.l) to define __rt_entry_postsh_2.
Running selection script in c_t.l to resolve __rt_entry_presh_1.
Selecting member __rtentry2.o(c_t.l) to define __rt_entry_presh_1.
Selecting member __rtentry2.o(c_t.l) to define __rt_entry_presh_2.
Running selection script in c_t.l to resolve __rt_entry_sh.
Selecting member __rtentry4.o(c_t.l) to define __rt_entry_sh.
Selecting member rt_div0.o(c_t.l) to define __rt_div0.
Loading member __rtentry2.o from c_t.l.
              definition:  __rt_entry_presh_1
              definition:  __rt_entry_presh_2
              definition:  __rt_entry_postsh_1
              definition:  __rt_entry_postsh_2
              definition:  __rt_entry_li
              definition:  __rt_entry_postli_1
              definition:  __rt_entry_postli_2
              definition:  __rt_entry_main
              reference :  __rt_lib_init
              reference :  _platform_post_lib_init
              reference :  _platform_post_stackheap_init
              reference :  _platform_pre_stackheap_init
              reference :  exit
              reference :  main
Loading member __rtentry4.o from c_t.l.
              definition:  __rt_entry_sh
              reference :  __user_setup_stackheap
Loading member rt_div0.o from c_t.l.
              definition:  __rt_div0
              reference :  __rt_SIGFPE
Selecting member libinit.o(c_t.l) to define __rt_lib_init.
Selecting member boardinit3.o(c_t.l) to define _platform_post_lib_init.
Selecting member boardinit2.o(c_t.l) to define _platform_post_stackheap_init.
Selecting member boardinit1.o(c_t.l) to define _platform_pre_stackheap_init.
Selecting member exit.o(c_t.l) to define exit.
Selecting member sys_stackheap_outer.o(c_t.l) to define __user_setup_stackheap.
Running selection script in c_t.l to resolve __rt_SIGFPE.
Selecting member defsig_fpe_outer.o(c_t.l) to define __rt_SIGFPE.
Selecting member defsig_fpe_formal.o(c_t.l) to define __rt_SIGFPE$formal.
Loading member sys_stackheap_outer.o from c_t.l.
              definition:  __user_setup_stackheap
              reference :  __user_initial_stackheap
              reference :  __user_perproc_libspace
Loading member exit.o from c_t.l.
              definition:  exit
              reference :  __rt_exit
              weak ref  :  _call_atexit_fns
Loading member defsig_fpe_outer.o from c_t.l.
              definition:  __rt_SIGFPE
              reference :  __rt_SIGFPE_inner
              reference :  __sig_exit
Loading member defsig_fpe_formal.o from c_t.l.
              definition:  __rt_SIGFPE$formal
              reference :  __rt_raise
Loading member boardinit1.o from c_t.l.
              definition:  _platform_pre_stackheap_init
Loading member boardinit2.o from c_t.l.
              definition:  _platform_post_stackheap_init
Loading member boardinit3.o from c_t.l.
              definition:  _platform_post_lib_init
Loading member libinit.o from c_t.l.
              definition:  __rt_lib_init
              reference :  __rt_lib_init_alloca_1
              reference :  __rt_lib_init_argv_1
              reference :  __rt_lib_init_atexit_1
              reference :  __rt_lib_init_clock_1
              reference :  __rt_lib_init_cpp_1
              reference :  __rt_lib_init_exceptions_1
              reference :  __rt_lib_init_fp_1
              reference :  __rt_lib_init_fp_trap_1
              reference :  __rt_lib_init_getenv_1
              reference :  __rt_lib_init_heap_1
              reference :  __rt_lib_init_lc_collate_1
              reference :  __rt_lib_init_lc_ctype_1
              reference :  __rt_lib_init_lc_monetary_1
              reference :  __rt_lib_init_lc_numeric_1
              reference :  __rt_lib_init_lc_time_1
              reference :  __rt_lib_init_preinit_1
              reference :  __rt_lib_init_rand_1
              reference :  __rt_lib_init_return
              reference :  __rt_lib_init_signal_1
              reference :  __rt_lib_init_stdio_1
              reference :  __rt_lib_init_user_alloc_1
Selecting member libspace.o(c_t.l) to define __user_perproc_libspace.
Selecting member rtexit.o(c_t.l) to define __rt_exit.
Running selection script in c_t.l to resolve __rt_SIGFPE_inner.
Selecting member defsig_fpe_inner.o(c_t.l) to define __rt_SIGFPE_inner.
Selecting member defsig_exit.o(c_t.l) to define __sig_exit.
Running selection script in c_t.l to resolve __rt_raise.
Selecting member rt_raise.o(c_t.l) to define __rt_raise.
Running selection script in c_t.l to resolve __rt_lib_init_alloca_1.
Selecting member libinit2.o(c_t.l) to define __rt_lib_init_alloca_1.
Selecting member libinit2.o(c_t.l) to define __rt_lib_init_alloca_2.
Running selection script in c_t.l to resolve __rt_lib_init_argv_1.
Selecting member libinit2.o(c_t.l) to define __rt_lib_init_argv_1$b.
Selecting member libinit2.o(c_t.l) to define __rt_lib_init_argv_2.
Running selection script in c_t.l to resolve __rt_lib_init_atexit_1.
Selecting member libinit2.o(c_t.l) to define __rt_lib_init_atexit_1.
Selecting member libinit2.o(c_t.l) to define __rt_lib_init_atexit_2.
Running selection script in c_t.l to resolve __rt_lib_init_clock_1.
Selecting member libinit2.o(c_t.l) to define __rt_lib_init_clock_1.
Selecting member libinit2.o(c_t.l) to define __rt_lib_init_clock_2.
Running selection script in c_t.l to resolve __rt_lib_init_cpp_1.
Selecting member libinit2.o(c_t.l) to define __rt_lib_init_cpp_1.
Selecting member libinit2.o(c_t.l) to define __rt_lib_init_cpp_2.
Running selection script in c_t.l to resolve __rt_lib_init_exceptions_1.
Selecting member libinit2.o(c_t.l) to define __rt_lib_init_exceptions_1.
Selecting member libinit2.o(c_t.l) to define __rt_lib_init_exceptions_2.
Running selection script in c_t.l to resolve __rt_lib_init_fp_1.
Selecting member libinit2.o(c_t.l) to define __rt_lib_init_fp_1.
Selecting member libinit2.o(c_t.l) to define __rt_lib_init_fp_2.
Running selection script in c_t.l to resolve __rt_lib_init_fp_trap_1.
Selecting member libinit2.o(c_t.l) to define __rt_lib_init_fp_trap_1.
Selecting member libinit2.o(c_t.l) to define __rt_lib_init_fp_trap_2.
Running selection script in c_t.l to resolve __rt_lib_init_getenv_1.
Selecting member libinit2.o(c_t.l) to define __rt_lib_init_getenv_1.
Selecting member libinit2.o(c_t.l) to define __rt_lib_init_getenv_2.
Running selection script in c_t.l to resolve __rt_lib_init_heap_1.
Selecting member libinit2.o(c_t.l) to define __rt_lib_init_heap_1.
Selecting member libinit2.o(c_t.l) to define __rt_lib_init_heap_2.
Running selection script in c_t.l to resolve __rt_lib_init_lc_collate_1.
Selecting member libinit2.o(c_t.l) to define __rt_lib_init_lc_collate_1.
Selecting member libinit2.o(c_t.l) to define __rt_lib_init_lc_collate_2.
Running selection script in c_t.l to resolve __rt_lib_init_lc_ctype_1.
Selecting member libinit2.o(c_t.l) to define __rt_lib_init_lc_ctype_1.
Selecting member libinit2.o(c_t.l) to define __rt_lib_init_lc_ctype_2.
Running selection script in c_t.l to resolve __rt_lib_init_lc_monetary_1.
Selecting member libinit2.o(c_t.l) to define __rt_lib_init_lc_monetary_1.
Selecting member libinit2.o(c_t.l) to define __rt_lib_init_lc_monetary_2.
Running selection script in c_t.l to resolve __rt_lib_init_lc_numeric_1.
Selecting member libinit2.o(c_t.l) to define __rt_lib_init_lc_numeric_1.
Selecting member libinit2.o(c_t.l) to define __rt_lib_init_lc_numeric_2.
Running selection script in c_t.l to resolve __rt_lib_init_lc_time_1.
Selecting member libinit2.o(c_t.l) to define __rt_lib_init_lc_time_1.
Selecting member libinit2.o(c_t.l) to define __rt_lib_init_lc_time_2.
Running selection script in c_t.l to resolve __rt_lib_init_preinit_1.
Selecting member libinit2.o(c_t.l) to define __rt_lib_init_preinit_1.
Selecting member libinit2.o(c_t.l) to define __rt_lib_init_preinit_2.
Running selection script in c_t.l to resolve __rt_lib_init_rand_1.
Selecting member libinit2.o(c_t.l) to define __rt_lib_init_rand_1.
Selecting member libinit2.o(c_t.l) to define __rt_lib_init_rand_2.
Selecting member libinit2.o(c_t.l) to define __rt_lib_init_return.
Running selection script in c_t.l to resolve __rt_lib_init_signal_1.
Selecting member libinit2.o(c_t.l) to define __rt_lib_init_signal_1.
Selecting member libinit2.o(c_t.l) to define __rt_lib_init_signal_2.
Running selection script in c_t.l to resolve __rt_lib_init_stdio_1.
Selecting member libinit2.o(c_t.l) to define __rt_lib_init_stdio_1.
Selecting member libinit2.o(c_t.l) to define __rt_lib_init_stdio_2.
Running selection script in c_t.l to resolve __rt_lib_init_user_alloc_1.
Selecting member libinit2.o(c_t.l) to define __rt_lib_init_user_alloc_1.
Selecting member libinit2.o(c_t.l) to define __rt_lib_init_user_alloc_2.
Loading member libspace.o from c_t.l.
              definition:  __libspace_start
              definition:  __temporary_stack_top$libspace
              weak defn :  __user_libspace
              weak defn :  __user_perproc_libspace
              weak defn :  __user_perthread_libspace
Loading member rtexit.o from c_t.l.
              definition:  __rt_exit
              reference :  __rt_exit_exit
              reference :  __rt_exit_ls
              reference :  __rt_exit_prels_1
Loading member rt_raise.o from c_t.l.
              definition:  __rt_raise
              reference :  __raise
              reference :  _sys_exit
Loading member defsig_exit.o from c_t.l.
              definition:  __sig_exit
              reference :  _sys_exit
Loading member defsig_fpe_inner.o from c_t.l.
              definition:  __rt_SIGFPE_inner
              reference :  __default_signal_display
Loading member libinit2.o from c_t.l.
              definition:  __rt_lib_init_fp_1
              definition:  __rt_lib_init_fp_2
              definition:  __rt_lib_init_preinit_1
              definition:  __rt_lib_init_preinit_2
              definition:  __rt_lib_init_heap_1
              definition:  __rt_lib_init_heap_1$b$error
              definition:  __rt_lib_init_heap_error
              definition:  __rt_lib_init_heap_2
              definition:  __rt_lib_init_user_alloc_1
              definition:  __rt_lib_init_user_alloc_2
              definition:  __rt_lib_init_rand_1
              definition:  __rt_lib_init_rand_2
              definition:  __rt_lib_init_lc_common
              definition:  __rt_lib_init_lc_collate_1
              definition:  __rt_lib_init_lc_collate_2
              definition:  __rt_lib_init_lc_ctype_1
              definition:  __rt_lib_init_lc_ctype_2
              definition:  __rt_lib_init_lc_monetary_1
              definition:  __rt_lib_init_lc_monetary_2
              definition:  __rt_lib_init_lc_numeric_1
              definition:  __rt_lib_init_lc_numeric_2
              definition:  __rt_lib_init_lc_time_1
              definition:  __rt_lib_init_lc_time_2
              definition:  __rt_lib_init_atexit_1
              definition:  __rt_lib_init_atexit_2
              definition:  __rt_lib_init_signal_1
              definition:  __rt_lib_init_signal_2
              definition:  __rt_lib_init_fp_trap_1
              definition:  __rt_lib_init_fp_trap_2
              definition:  __rt_lib_init_clock_1
              definition:  __rt_lib_init_clock_2
              definition:  __rt_lib_init_getenv_1
              definition:  __rt_lib_init_getenv_2
              definition:  __rt_lib_init_stdio_1
              definition:  __rt_lib_init_stdio_2
              definition:  __rt_lib_init_argv_1
              definition:  __rt_lib_init_argv_1$b
              definition:  __rt_lib_init_heapregion_libspace_used
              definition:  __rt_lib_init_argv_1$b$error
              definition:  __rt_lib_init_heapregion_error
              definition:  __rt_lib_init_argv_2
              definition:  __rt_lib_init_alloca_1
              definition:  __rt_lib_init_alloca_2
              definition:  __rt_lib_init_exceptions_1
              definition:  __rt_lib_init_exceptions_2
              definition:  __rt_lib_init_cpp_1
              definition:  __rt_lib_init_cpp_2
              definition:  __rt_lib_init_return
              reference :  __ARM_argv_veneer
              reference :  _fp_init
              weak ref  :  __ARM_exceptions_init
              weak ref  :  __alloca_initialize
              weak ref  :  __arm_preinit_
              weak ref  :  __cpp_initialize__aeabi_
              weak ref  :  __rt_locale
              weak ref  :  _atexit_init
              weak ref  :  _clock_init
              weak ref  :  _fp_trap_init
              weak ref  :  _get_lc_collate
              weak ref  :  _get_lc_ctype
              weak ref  :  _get_lc_monetary
              weak ref  :  _get_lc_numeric
              weak ref  :  _get_lc_time
              weak ref  :  _getenv_init
              weak ref  :  _init_alloc
              weak ref  :  _init_user_alloc
              weak ref  :  _initio
              weak ref  :  _rand_init
              weak ref  :  _signal_init
Selecting member rtexit2.o(c_t.l) to define __rt_exit_exit.
Selecting member rtexit2.o(c_t.l) to define __rt_exit_ls.
Running selection script in c_t.l to resolve __rt_exit_prels_1.
Selecting member rtexit2.o(c_t.l) to define __rt_exit_prels_1.
Selecting member rtexit2.o(c_t.l) to define __rt_exit_prels_2.
Selecting member __raise.o(c_t.l) to define __raise.
Selecting member sys_exit.o(c_t.l) to define _sys_exit.
Selecting member defsig_general.o(c_t.l) to define __default_signal_display.
Selecting member argv_veneer.o(c_t.l) to define __ARM_argv_veneer.
Selecting member fpinit.o(fz_ts.l) to define _fp_init.
Loading member sys_exit.o from c_t.l.
              definition:  _sys_exit
              reference :  __I$use$semihosting
              reference :  __semihosting_library_function
Loading member rtexit2.o from c_t.l.
              definition:  __rt_exit_prels_1
              definition:  __rt_exit_prels_2
              definition:  __rt_exit_ls
              definition:  __rt_exit_exit
              reference :  __rt_lib_shutdown
              reference :  _platform_pre_lib_shutdown
              reference :  _sys_exit
Loading member __raise.o from c_t.l.
              definition:  __ARM_grp_.debug_frame$__ARM_common_call_via_r2
              definition:  __raise
              definition:  __ARM_common_call_via_r2
              reference :  __default_signal_handler
              weak ref  :  __sigvec_lookup
Loading member defsig_general.o from c_t.l.
              definition:  __default_signal_display
              reference :  _ttywrch
Loading member argv_veneer.o from c_t.l.
              definition:  __ARM_argv_veneer
              reference :  __ARM_get_argv
Loading member fpinit.o from fz_ts.l.
              definition:  __fp_init_empty
              definition:  __fplib_config_pureend_doubles
              definition:  _fp_init
Running selection script in c_t.l to resolve __I$use$semihosting.
Selecting member use_no_semi.o(c_t.l) to define __use_no_semihosting_swi.
Selecting member indicate_semi.o(c_t.l) to define __semihosting_library_function.
Selecting member libshutdown.o(c_t.l) to define __rt_lib_shutdown.
Selecting member boardshut.o(c_t.l) to define _platform_pre_lib_shutdown.
Selecting member defsig.o(c_t.l) to define __default_signal_handler.
Selecting member sys_wrch.o(c_t.l) to define _ttywrch.
Running selection script in c_t.l to resolve __ARM_get_argv.
Selecting member no_argv.o(c_t.l) to define __ARM_get_argv$stub.
Selecting member _get_argv_nomalloc.o(c_t.l) to define __ARM_get_argv$nomalloc.
Loading member sys_wrch.o from c_t.l.
              definition:  _ttywrch
              reference :  __I$use$semihosting
              reference :  __semihosting_library_function
Loading member use_no_semi.o from c_t.l.
              definition:  __semihosting$guard
              definition:  __use_no_semihosting_swi
Loading member indicate_semi.o from c_t.l.
              definition:  __semihosting_library_function
Loading member defsig.o from c_t.l.
              definition:  __default_signal_handler
              definition:  __rt_SIGABRT_inner$null
              definition:  __rt_SIGCPPL_inner$null
              definition:  __rt_SIGFPE_inner$null
              definition:  __rt_SIGILL_inner$null
              definition:  __rt_SIGINT_inner$null
              definition:  __rt_SIGPVFN_inner$null
              definition:  __rt_SIGRTMEM_inner$null
              definition:  __rt_SIGRTRED_inner$null
              definition:  __rt_SIGSEGV_inner$null
              definition:  __rt_SIGSTAK_inner$null
              definition:  __rt_SIGTERM_inner$null
              definition:  __rt_SIGUSR1_inner$null
              definition:  __rt_SIGUSR2_inner$null
              definition:  __rt_sigother_inner$null
              reference :  __rt_SIGABRT_inner
              reference :  __rt_SIGCPPL_inner
              reference :  __rt_SIGFPE_inner
              reference :  __rt_SIGILL_inner
              reference :  __rt_SIGINT_inner
              reference :  __rt_SIGPVFN_inner
              reference :  __rt_SIGRTMEM_inner
              reference :  __rt_SIGRTRED_inner
              reference :  __rt_SIGSEGV_inner
              reference :  __rt_SIGSTAK_inner
              reference :  __rt_SIGTERM_inner
              reference :  __rt_SIGUSR1_inner
              reference :  __rt_SIGUSR2_inner
              reference :  __rt_sigother_inner
Loading member boardshut.o from c_t.l.
              definition:  _platform_pre_lib_shutdown
Loading member _get_argv_nomalloc.o from c_t.l.
              definition:  __argv_alloc
              definition:  __ARM_get_argv$nomalloc
              reference :  __heap_region$guard
              reference :  __rt_SIGRTMEM
              reference :  _sys_command_string
              weak ref  :  _handle_redirection
Loading member no_argv.o from c_t.l.
              definition:  __ARM_get_argv$stub
Loading member libshutdown.o from c_t.l.
              definition:  __rt_lib_shutdown
              reference :  __rt_lib_shutdown_cpp_1
              reference :  __rt_lib_shutdown_fp_trap_1
              reference :  __rt_lib_shutdown_heap_1
              reference :  __rt_lib_shutdown_return
              reference :  __rt_lib_shutdown_signal_1
              reference :  __rt_lib_shutdown_stdio_1
              reference :  __rt_lib_shutdown_user_alloc_1
Running selection script in c_t.l to resolve __rt_SIGFPE_inner.
Running selection script in c_t.l to resolve __I$use$semihosting.
Running selection script in c_t.l to resolve __rt_SIGABRT_inner.
Selecting member defsig_abrt_inner.o(c_t.l) to define __rt_SIGABRT_inner.
Running selection script in c_t.l to resolve __rt_SIGCPPL_inner.
Selecting member defsig_cppl_inner.o(c_t.l) to define __rt_SIGCPPL_inner.
Running selection script in c_t.l to resolve __rt_SIGILL_inner.
Selecting member defsig_other.o(c_t.l) to define __rt_SIGILL_inner.
Running selection script in c_t.l to resolve __rt_SIGINT_inner.
Selecting member defsig_other.o(c_t.l) to define __rt_SIGINT_inner.
Running selection script in c_t.l to resolve __rt_SIGPVFN_inner.
Selecting member defsig_pvfn_inner.o(c_t.l) to define __rt_SIGPVFN_inner.
Running selection script in c_t.l to resolve __rt_SIGRTMEM_inner.
Selecting member defsig_rtmem_inner.o(c_t.l) to define __rt_SIGRTMEM_inner.
Running selection script in c_t.l to resolve __rt_SIGRTRED_inner.
Selecting member defsig_rtred_inner.o(c_t.l) to define __rt_SIGRTRED_inner.
Running selection script in c_t.l to resolve __rt_SIGSEGV_inner.
Selecting member defsig_segv_inner.o(c_t.l) to define __rt_SIGSEGV_inner.
Running selection script in c_t.l to resolve __rt_SIGSTAK_inner.
Selecting member defsig_stak_inner.o(c_t.l) to define __rt_SIGSTAK_inner.
Running selection script in c_t.l to resolve __rt_SIGTERM_inner.
Selecting member defsig_other.o(c_t.l) to define __rt_SIGTERM_inner.
Running selection script in c_t.l to resolve __rt_SIGUSR1_inner.
Selecting member defsig_other.o(c_t.l) to define __rt_SIGUSR1_inner.
Running selection script in c_t.l to resolve __rt_SIGUSR2_inner.
Selecting member defsig_other.o(c_t.l) to define __rt_SIGUSR2_inner.
Running selection script in c_t.l to resolve __rt_sigother_inner.
Selecting member defsig_other.o(c_t.l) to define __rt_sigother_inner.
Running selection script in c_t.l to resolve __heap_region$guard.
Selecting member hrguard.o(c_t.l) to define __use_no_heap_region.
Running selection script in c_t.l to resolve __rt_SIGRTMEM.
Selecting member defsig_rtmem_outer.o(c_t.l) to define __rt_SIGRTMEM.
Selecting member defsig_rtmem_formal.o(c_t.l) to define __rt_SIGRTMEM$formal.
Selecting member sys_command.o(c_t.l) to define _sys_command_string.
Running selection script in c_t.l to resolve __rt_lib_shutdown_cpp_1.
Selecting member libshutdown2.o(c_t.l) to define __rt_lib_shutdown_cpp_1.
Selecting member libshutdown2.o(c_t.l) to define __rt_lib_shutdown_cpp_2.
Running selection script in c_t.l to resolve __rt_lib_shutdown_fp_trap_1.
Selecting member libshutdown2.o(c_t.l) to define __rt_lib_shutdown_fp_trap_1.
Selecting member libshutdown2.o(c_t.l) to define __rt_lib_shutdown_fp_trap_2.
Running selection script in c_t.l to resolve __rt_lib_shutdown_heap_1.
Selecting member libshutdown2.o(c_t.l) to define __rt_lib_shutdown_heap_1.
Selecting member libshutdown2.o(c_t.l) to define __rt_lib_shutdown_heap_2.
Selecting member libshutdown2.o(c_t.l) to define __rt_lib_shutdown_return.
Running selection script in c_t.l to resolve __rt_lib_shutdown_signal_1.
Selecting member libshutdown2.o(c_t.l) to define __rt_lib_shutdown_signal_1.
Selecting member libshutdown2.o(c_t.l) to define __rt_lib_shutdown_signal_2.
Running selection script in c_t.l to resolve __rt_lib_shutdown_stdio_1.
Selecting member libshutdown2.o(c_t.l) to define __rt_lib_shutdown_stdio_1.
Selecting member libshutdown2.o(c_t.l) to define __rt_lib_shutdown_stdio_2.
Running selection script in c_t.l to resolve __rt_lib_shutdown_user_alloc_1.
Selecting member libshutdown2.o(c_t.l) to define __rt_lib_shutdown_user_alloc_1.
Selecting member libshutdown2.o(c_t.l) to define __rt_lib_shutdown_user_alloc_2.
Loading member sys_command.o from c_t.l.
              definition:  _sys_command_string
              reference :  __I$use$semihosting
              reference :  __semihosting_library_function
Loading member hrguard.o from c_t.l.
              definition:  __use_no_heap_region
              definition:  __I$use$heap_region
Loading member defsig_abrt_inner.o from c_t.l.
              definition:  __rt_SIGABRT_inner
              reference :  __default_signal_display
Loading member defsig_rtred_inner.o from c_t.l.
              definition:  __rt_SIGRTRED_inner
              reference :  __default_signal_display
Loading member defsig_rtmem_inner.o from c_t.l.
              definition:  __rt_SIGRTMEM_inner
              reference :  __default_signal_display
Loading member defsig_rtmem_outer.o from c_t.l.
              definition:  __rt_SIGRTMEM
              reference :  __rt_SIGRTMEM_inner
              reference :  __sig_exit
Loading member defsig_rtmem_formal.o from c_t.l.
              definition:  __rt_SIGRTMEM$formal
              reference :  __rt_raise
Loading member defsig_stak_inner.o from c_t.l.
              definition:  __rt_SIGSTAK_inner
              reference :  __default_signal_display
Loading member defsig_pvfn_inner.o from c_t.l.
              definition:  __rt_SIGPVFN_inner
              reference :  __default_signal_display
Loading member defsig_cppl_inner.o from c_t.l.
              definition:  __rt_SIGCPPL_inner
              reference :  __default_signal_display
Loading member defsig_segv_inner.o from c_t.l.
              definition:  __rt_SIGSEGV_inner
              reference :  __default_signal_display
Loading member defsig_other.o from c_t.l.
              definition:  __rt_SIGILL_inner
              definition:  __rt_SIGINT_inner
              definition:  __rt_SIGTERM_inner
              definition:  __rt_SIGUSR1_inner
              definition:  __rt_SIGUSR2_inner
              definition:  __rt_sigother_inner
              reference :  __default_signal_display
Loading member libshutdown2.o from c_t.l.
              definition:  __rt_lib_shutdown_cpp_1
              definition:  __rt_lib_shutdown_cpp_2
              definition:  __rt_lib_shutdown_stdio_1
              definition:  __rt_lib_shutdown_stdio_2
              definition:  __rt_lib_shutdown_fp_trap_1
              definition:  __rt_lib_shutdown_fp_trap_1$b
              definition:  __rt_lib_shutdown_fp_trap_2
              definition:  __rt_lib_shutdown_signal_1
              definition:  __rt_lib_shutdown_signal_1$b
              definition:  __rt_lib_shutdown_signal_2
              definition:  __rt_lib_shutdown_user_alloc_1
              definition:  __rt_lib_shutdown_user_alloc_2
              definition:  __rt_lib_shutdown_heap_1
              definition:  __rt_lib_shutdown_heap_1$b
              definition:  __rt_lib_shutdown_heap_2
              definition:  __rt_lib_shutdown_return
              weak ref  :  __cxa_finalize
              weak ref  :  _fp_trap_shutdown
              weak ref  :  _signal_finish
              weak ref  :  _terminate_alloc
              weak ref  :  _terminate_user_alloc
              weak ref  :  _terminateio
Running selection script in c_t.l to resolve __rt_raise.
Running selection script in c_t.l to resolve __I$use$semihosting.
Running selection script in c_t.l to resolve __rt_SIGRTMEM_inner.
Renaming symbol __semihosting$guard to __I$use$semihosting.
Renaming symbol __ARM_get_argv to __ARM_get_argv$full.
Renaming symbol __ARM_get_argv$stub to __ARM_get_argv.
Renaming symbol __rt_SIGABRT_inner to __rt_SIGABRT_inner$real.
Renaming symbol __rt_SIGABRT_inner$null to __rt_SIGABRT_inner.
Renaming symbol __rt_SIGCPPL_inner to __rt_SIGCPPL_inner$real.
Renaming symbol __rt_SIGCPPL_inner$null to __rt_SIGCPPL_inner.
Renaming symbol __rt_SIGILL_inner to __rt_SIGILL_inner$real.
Renaming symbol __rt_SIGILL_inner$null to __rt_SIGILL_inner.
Renaming symbol __rt_SIGINT_inner to __rt_SIGINT_inner$real.
Renaming symbol __rt_SIGINT_inner$null to __rt_SIGINT_inner.
Renaming symbol __rt_SIGPVFN_inner to __rt_SIGPVFN_inner$real.
Renaming symbol __rt_SIGPVFN_inner$null to __rt_SIGPVFN_inner.
Renaming symbol __rt_SIGRTRED_inner to __rt_SIGRTRED_inner$real.
Renaming symbol __rt_SIGRTRED_inner$null to __rt_SIGRTRED_inner.
Renaming symbol __rt_SIGSEGV_inner to __rt_SIGSEGV_inner$real.
Renaming symbol __rt_SIGSEGV_inner$null to __rt_SIGSEGV_inner.
Renaming symbol __rt_SIGSTAK_inner to __rt_SIGSTAK_inner$real.
Renaming symbol __rt_SIGSTAK_inner$null to __rt_SIGSTAK_inner.
Renaming symbol __rt_SIGTERM_inner to __rt_SIGTERM_inner$real.
Renaming symbol __rt_SIGTERM_inner$null to __rt_SIGTERM_inner.
Renaming symbol __rt_SIGUSR1_inner to __rt_SIGUSR1_inner$real.
Renaming symbol __rt_SIGUSR1_inner$null to __rt_SIGUSR1_inner.
Renaming symbol __rt_SIGUSR2_inner to __rt_SIGUSR2_inner$real.
Renaming symbol __rt_SIGUSR2_inner$null to __rt_SIGUSR2_inner.
Renaming symbol __rt_sigother_inner to __rt_sigother_inner$real.
Renaming symbol __rt_sigother_inner$null to __rt_sigother_inner.
Renaming symbol __I$use$heap_region to __heap_region$guard.
Renaming symbol __rt_lib_shutdown_fp_trap_1 to __rt_lib_shutdown_fp_trap_1$old.
Renaming symbol __rt_lib_shutdown_fp_trap_2 to __rt_lib_shutdown_fp_trap_1.
Renaming symbol __rt_lib_shutdown_fp_trap_1$b to __rt_lib_shutdown_fp_trap_2.
Renaming symbol __rt_lib_shutdown_heap_1 to __rt_lib_shutdown_heap_1$old.
Renaming symbol __rt_lib_shutdown_heap_2 to __rt_lib_shutdown_heap_1.
Renaming symbol __rt_lib_shutdown_heap_1$b to __rt_lib_shutdown_heap_2.
Renaming symbol __rt_lib_shutdown_signal_1 to __rt_lib_shutdown_signal_1$old.
Renaming symbol __rt_lib_shutdown_signal_2 to __rt_lib_shutdown_signal_1.
Renaming symbol __rt_lib_shutdown_signal_1$b to __rt_lib_shutdown_signal_2.
Renaming symbol __rt_entry_postli_1 to $$Temp.
Renaming symbol __rt_entry_postli_2 to __rt_entry_postli_1.
Renaming symbol $$Temp to __rt_entry_postli_2.
Renaming symbol __rt_entry_postsh_1 to $$Temp.
Renaming symbol __rt_entry_postsh_2 to __rt_entry_postsh_1.
Renaming symbol $$Temp to __rt_entry_postsh_2.
Renaming symbol __rt_entry_presh_1 to $$Temp.
Renaming symbol __rt_entry_presh_2 to __rt_entry_presh_1.
Renaming symbol $$Temp to __rt_entry_presh_2.
Renaming symbol __rt_lib_init_alloca_1 to $$Temp.
Renaming symbol __rt_lib_init_alloca_2 to __rt_lib_init_alloca_1.
Renaming symbol $$Temp to __rt_lib_init_alloca_2.
Renaming symbol __rt_lib_init_argv_1 to $$Temp.
Renaming symbol __rt_lib_init_argv_2 to __rt_lib_init_argv_1.
Renaming symbol $$Temp to __rt_lib_init_argv_2.
Renaming symbol __rt_lib_init_atexit_1 to $$Temp.
Renaming symbol __rt_lib_init_atexit_2 to __rt_lib_init_atexit_1.
Renaming symbol $$Temp to __rt_lib_init_atexit_2.
Renaming symbol __rt_lib_init_clock_1 to $$Temp.
Renaming symbol __rt_lib_init_clock_2 to __rt_lib_init_clock_1.
Renaming symbol $$Temp to __rt_lib_init_clock_2.
Renaming symbol __rt_lib_init_cpp_1 to $$Temp.
Renaming symbol __rt_lib_init_cpp_2 to __rt_lib_init_cpp_1.
Renaming symbol $$Temp to __rt_lib_init_cpp_2.
Renaming symbol __rt_lib_init_exceptions_1 to $$Temp.
Renaming symbol __rt_lib_init_exceptions_2 to __rt_lib_init_exceptions_1.
Renaming symbol $$Temp to __rt_lib_init_exceptions_2.
Renaming symbol __rt_lib_init_fp_1 to $$Temp.
Renaming symbol __rt_lib_init_fp_2 to __rt_lib_init_fp_1.
Renaming symbol $$Temp to __rt_lib_init_fp_2.
Renaming symbol __rt_lib_init_fp_trap_1 to $$Temp.
Renaming symbol __rt_lib_init_fp_trap_2 to __rt_lib_init_fp_trap_1.
Renaming symbol $$Temp to __rt_lib_init_fp_trap_2.
Renaming symbol __rt_lib_init_getenv_1 to $$Temp.
Renaming symbol __rt_lib_init_getenv_2 to __rt_lib_init_getenv_1.
Renaming symbol $$Temp to __rt_lib_init_getenv_2.
Renaming symbol __rt_lib_init_heap_1 to $$Temp.
Renaming symbol __rt_lib_init_heap_2 to __rt_lib_init_heap_1.
Renaming symbol $$Temp to __rt_lib_init_heap_2.
Renaming symbol __rt_lib_init_lc_collate_1 to $$Temp.
Renaming symbol __rt_lib_init_lc_collate_2 to __rt_lib_init_lc_collate_1.
Renaming symbol $$Temp to __rt_lib_init_lc_collate_2.
Renaming symbol __rt_lib_init_lc_ctype_1 to $$Temp.
Renaming symbol __rt_lib_init_lc_ctype_2 to __rt_lib_init_lc_ctype_1.
Renaming symbol $$Temp to __rt_lib_init_lc_ctype_2.
Renaming symbol __rt_lib_init_lc_monetary_1 to $$Temp.
Renaming symbol __rt_lib_init_lc_monetary_2 to __rt_lib_init_lc_monetary_1.
Renaming symbol $$Temp to __rt_lib_init_lc_monetary_2.
Renaming symbol __rt_lib_init_lc_numeric_1 to $$Temp.
Renaming symbol __rt_lib_init_lc_numeric_2 to __rt_lib_init_lc_numeric_1.
Renaming symbol $$Temp to __rt_lib_init_lc_numeric_2.
Renaming symbol __rt_lib_init_lc_time_1 to $$Temp.
Renaming symbol __rt_lib_init_lc_time_2 to __rt_lib_init_lc_time_1.
Renaming symbol $$Temp to __rt_lib_init_lc_time_2.
Renaming symbol __rt_lib_init_preinit_1 to $$Temp.
Renaming symbol __rt_lib_init_preinit_2 to __rt_lib_init_preinit_1.
Renaming symbol $$Temp to __rt_lib_init_preinit_2.
Renaming symbol __rt_lib_init_rand_1 to $$Temp.
Renaming symbol __rt_lib_init_rand_2 to __rt_lib_init_rand_1.
Renaming symbol $$Temp to __rt_lib_init_rand_2.
Renaming symbol __rt_lib_init_signal_1 to $$Temp.
Renaming symbol __rt_lib_init_signal_2 to __rt_lib_init_signal_1.
Renaming symbol $$Temp to __rt_lib_init_signal_2.
Renaming symbol __rt_lib_init_stdio_1 to $$Temp.
Renaming symbol __rt_lib_init_stdio_2 to __rt_lib_init_stdio_1.
Renaming symbol $$Temp to __rt_lib_init_stdio_2.
Renaming symbol __rt_lib_init_user_alloc_1 to $$Temp.
Renaming symbol __rt_lib_init_user_alloc_2 to __rt_lib_init_user_alloc_1.
Renaming symbol $$Temp to __rt_lib_init_user_alloc_2.
Renaming symbol __rt_exit_prels_1 to $$Temp.
Renaming symbol __rt_exit_prels_2 to __rt_exit_prels_1.
Renaming symbol $$Temp to __rt_exit_prels_2.
Renaming symbol __rt_lib_shutdown_cpp_1 to $$Temp.
Renaming symbol __rt_lib_shutdown_cpp_2 to __rt_lib_shutdown_cpp_1.
Renaming symbol $$Temp to __rt_lib_shutdown_cpp_2.
Renaming symbol __rt_lib_shutdown_stdio_1 to $$Temp.
Renaming symbol __rt_lib_shutdown_stdio_2 to __rt_lib_shutdown_stdio_1.
Renaming symbol $$Temp to __rt_lib_shutdown_stdio_2.
Renaming symbol __rt_lib_shutdown_user_alloc_1 to $$Temp.
Renaming symbol __rt_lib_shutdown_user_alloc_2 to __rt_lib_shutdown_user_alloc_1.
Renaming symbol $$Temp to __rt_lib_shutdown_user_alloc_2.
              definition:  BuildAttributes$$THM_ISAv1$ARM_ISAv4$S$PE$A:L22$X:L11$S22$IEEE1$IW$USESV6$~STKCKD$USESV7$~SHL$OSPACE$ROPI$EBA8$UX$STANDARDLIB$REQ8$PRES8$EABIv2
Building image.
Cleaning up Comdat Group Sections
Finding section cross-references

==============================================================================

Section Cross References

    startup.o(STACK) refers (Special) to heapauxi.o(.text) for __use_two_region_memory
    startup.o(HEAP) refers (Special) to heapauxi.o(.text) for __use_two_region_memory
    startup.o(RESET) refers (Special) to heapauxi.o(.text) for __use_two_region_memory
    startup.o(RESET) refers to startup.o(STACK) for Stack_Top
    startup.o(RESET) refers to __main.o(!!!main) for __main
    startup.o(.text) refers (Special) to heapauxi.o(.text) for __use_two_region_memory
    startup.o(.text) refers to startup.o(HEAP) for Heap_Mem
    startup.o(.text) refers to startup.o(STACK) for Stack_Mem
    i2c_driver.o(.text) refers to aeabi_sdiv.o(.text_udiv) for __aeabi_uidivmod
    i2c_driver.o(.text) refers to dflt_noclz.o(x$fpl$dfltu) for __aeabi_ui2d
    i2c_driver.o(.text) refers to dleqf.o(x$fpl$dleqf) for __aeabi_cdcmple
    i2c_driver.o(.text) refers to serial.o(.text) for send_Text
    i2c_driver.o(.text) refers to i2c_driver.o(.data) for i2c_buf
    i2c_driver.o(.text) refers to lab12.o(.data) for tempMeas
    lab12.o(.text) refers to serial.o(.text) for init_LCD
    lab12.o(.text) refers to i2c_driver.o(.text) for i2cInit
    lab12.o(.text) refers to lab12.o(.data) for tempMeas
    aeabi_sdiv.o(.text_udiv) refers to aeabi_sdiv.o(.text) for __arm_div2
    aeabi_sdiv_div0.o(.text_udiv) refers to aeabi_sdiv_div0.o(.text) for __arm_div2
    __main.o(!!!main) refers to __rtentry.o(.ARM.Collect$$rtentry$$00000000) for __rt_entry
    dflt_noclz.o(x$fpl$dfltu) refers (Special) to usenofp.o(x$fpl$usenofp) for __I$use$fp
    dflt_noclz.o(x$fpl$dfltu) refers to dflt_noclz.o(x$fpl$dflt) for __dflt_normalise
    dflt_noclz.o(x$fpl$dflt) refers (Special) to usenofp.o(x$fpl$usenofp) for __I$use$fp
    dleqf.o(x$fpl$dleqf) refers (Special) to usenofp.o(x$fpl$usenofp) for __I$use$fp
    dleqf.o(x$fpl$dleqf) refers to dnaninf.o(x$fpl$dnaninf) for __fpl_dnaninf
    dleqf.o(x$fpl$dleqf) refers to dcmpi.o(x$fpl$dcmpinf) for __fpl_dcmp_Inf
    __rtentry.o(.ARM.Collect$$rtentry$$00000000) refers (Special) to __rtentry2.o(.ARM.Collect$$rtentry$$0000000A) for __rt_entry_li
    __rtentry.o(.ARM.Collect$$rtentry$$00000000) refers (Special) to __rtentry2.o(.ARM.Collect$$rtentry$$0000000D) for __rt_entry_main
    __rtentry.o(.ARM.Collect$$rtentry$$00000000) refers (Special) to __rtentry2.o(.ARM.Collect$$rtentry$$0000000C) for __rt_entry_postli_1
    __rtentry.o(.ARM.Collect$$rtentry$$00000000) refers (Special) to __rtentry2.o(.ARM.Collect$$rtentry$$00000009) for __rt_entry_postsh_1
    __rtentry.o(.ARM.Collect$$rtentry$$00000000) refers (Special) to __rtentry2.o(.ARM.Collect$$rtentry$$00000002) for __rt_entry_presh_1
    __rtentry.o(.ARM.Collect$$rtentry$$00000000) refers (Special) to __rtentry4.o(.ARM.Collect$$rtentry$$00000004) for __rt_entry_sh
    aeabi_idiv0_sigfpe.o(.text) refers to rt_div0.o(.text) for __rt_div0
    dcmpi.o(x$fpl$dcmpinf) refers (Special) to usenofp.o(x$fpl$usenofp) for __I$use$fp
    dnaninf.o(x$fpl$dnaninf) refers (Special) to usenofp.o(x$fpl$usenofp) for __I$use$fp
    __rtentry2.o(.ARM.Collect$$rtentry$$00000008) refers to boardinit2.o(.text) for _platform_post_stackheap_init
    __rtentry2.o(.ARM.Collect$$rtentry$$0000000A) refers to libinit.o(.ARM.Collect$$libinit$$00000000) for __rt_lib_init
    __rtentry2.o(.ARM.Collect$$rtentry$$0000000B) refers to boardinit3.o(.text) for _platform_post_lib_init
    __rtentry2.o(.ARM.Collect$$rtentry$$0000000D) refers to exit.o(.text) for exit
    __rtentry2.o(.ARM.Collect$$rtentry$$0000000D) refers to lab12.o(.text) for main
    __rtentry2.o(.ARM.exidx) refers to __rtentry2.o(.ARM.Collect$$rtentry$$00000001) for .ARM.Collect$$rtentry$$00000001
    __rtentry2.o(.ARM.exidx) refers to __rtentry2.o(.ARM.Collect$$rtentry$$00000008) for .ARM.Collect$$rtentry$$00000008
    __rtentry2.o(.ARM.exidx) refers to __rtentry2.o(.ARM.Collect$$rtentry$$0000000A) for .ARM.Collect$$rtentry$$0000000A
    __rtentry2.o(.ARM.exidx) refers to __rtentry2.o(.ARM.Collect$$rtentry$$0000000B) for .ARM.Collect$$rtentry$$0000000B
    __rtentry2.o(.ARM.exidx) refers to __rtentry2.o(.ARM.Collect$$rtentry$$0000000D) for .ARM.Collect$$rtentry$$0000000D
    __rtentry4.o(.ARM.Collect$$rtentry$$00000004) refers to sys_stackheap_outer.o(.text) for __user_setup_stackheap
    __rtentry4.o(.ARM.exidx) refers to __rtentry4.o(.ARM.Collect$$rtentry$$00000004) for .ARM.Collect$$rtentry$$00000004
    rt_div0.o(.text) refers to defsig_fpe_outer.o(.text) for __rt_SIGFPE
    sys_stackheap_outer.o(.text) refers to libspace.o(.text) for __user_perproc_libspace
    sys_stackheap_outer.o(.text) refers to startup.o(.text) for __user_initial_stackheap
    exit.o(.text) refers to rtexit.o(.ARM.Collect$$rtexit$$00000000) for __rt_exit
    defsig_fpe_outer.o(.text) refers to defsig_fpe_inner.o(.text) for __rt_SIGFPE_inner
    defsig_fpe_outer.o(.text) refers to defsig_exit.o(.text) for __sig_exit
    defsig_fpe_formal.o(.text) refers to rt_raise.o(.text) for __rt_raise
    libinit.o(.ARM.Collect$$libinit$$00000000) refers (Special) to libinit2.o(.ARM.Collect$$libinit$$0000002E) for __rt_lib_init_alloca_1
    libinit.o(.ARM.Collect$$libinit$$00000000) refers (Special) to libinit2.o(.ARM.Collect$$libinit$$0000002C) for __rt_lib_init_argv_1
    libinit.o(.ARM.Collect$$libinit$$00000000) refers (Special) to libinit2.o(.ARM.Collect$$libinit$$0000001B) for __rt_lib_init_atexit_1
    libinit.o(.ARM.Collect$$libinit$$00000000) refers (Special) to libinit2.o(.ARM.Collect$$libinit$$00000021) for __rt_lib_init_clock_1
    libinit.o(.ARM.Collect$$libinit$$00000000) refers (Special) to libinit2.o(.ARM.Collect$$libinit$$00000032) for __rt_lib_init_cpp_1
    libinit.o(.ARM.Collect$$libinit$$00000000) refers (Special) to libinit2.o(.ARM.Collect$$libinit$$00000030) for __rt_lib_init_exceptions_1
    libinit.o(.ARM.Collect$$libinit$$00000000) refers (Special) to libinit2.o(.ARM.Collect$$libinit$$00000002) for __rt_lib_init_fp_1
    libinit.o(.ARM.Collect$$libinit$$00000000) refers (Special) to libinit2.o(.ARM.Collect$$libinit$$0000001F) for __rt_lib_init_fp_trap_1
    libinit.o(.ARM.Collect$$libinit$$00000000) refers (Special) to libinit2.o(.ARM.Collect$$libinit$$00000023) for __rt_lib_init_getenv_1
    libinit.o(.ARM.Collect$$libinit$$00000000) refers (Special) to libinit2.o(.ARM.Collect$$libinit$$0000000A) for __rt_lib_init_heap_1
    libinit.o(.ARM.Collect$$libinit$$00000000) refers (Special) to libinit2.o(.ARM.Collect$$libinit$$00000011) for __rt_lib_init_lc_collate_1
    libinit.o(.ARM.Collect$$libinit$$00000000) refers (Special) to libinit2.o(.ARM.Collect$$libinit$$00000013) for __rt_lib_init_lc_ctype_1
    libinit.o(.ARM.Collect$$libinit$$00000000) refers (Special) to libinit2.o(.ARM.Collect$$libinit$$00000015) for __rt_lib_init_lc_monetary_1
    libinit.o(.ARM.Collect$$libinit$$00000000) refers (Special) to libinit2.o(.ARM.Collect$$libinit$$00000017) for __rt_lib_init_lc_numeric_1
    libinit.o(.ARM.Collect$$libinit$$00000000) refers (Special) to libinit2.o(.ARM.Collect$$libinit$$00000019) for __rt_lib_init_lc_time_1
    libinit.o(.ARM.Collect$$libinit$$00000000) refers (Special) to libinit2.o(.ARM.Collect$$libinit$$00000004) for __rt_lib_init_preinit_1
    libinit.o(.ARM.Collect$$libinit$$00000000) refers (Special) to libinit2.o(.ARM.Collect$$libinit$$0000000E) for __rt_lib_init_rand_1
    libinit.o(.ARM.Collect$$libinit$$00000000) refers (Special) to libinit2.o(.ARM.Collect$$libinit$$00000033) for __rt_lib_init_return
    libinit.o(.ARM.Collect$$libinit$$00000000) refers (Special) to libinit2.o(.ARM.Collect$$libinit$$0000001D) for __rt_lib_init_signal_1
    libinit.o(.ARM.Collect$$libinit$$00000000) refers (Special) to libinit2.o(.ARM.Collect$$libinit$$00000025) for __rt_lib_init_stdio_1
    libinit.o(.ARM.Collect$$libinit$$00000000) refers (Special) to libinit2.o(.ARM.Collect$$libinit$$0000000C) for __rt_lib_init_user_alloc_1
    libspace.o(.text) refers to libspace.o(.bss) for __libspace_start
    rtexit.o(.ARM.Collect$$rtexit$$00000000) refers (Special) to rtexit2.o(.ARM.Collect$$rtexit$$00000004) for __rt_exit_exit
    rtexit.o(.ARM.Collect$$rtexit$$00000000) refers (Special) to rtexit2.o(.ARM.Collect$$rtexit$$00000003) for __rt_exit_ls
    rtexit.o(.ARM.Collect$$rtexit$$00000000) refers (Special) to rtexit2.o(.ARM.Collect$$rtexit$$00000002) for __rt_exit_prels_1
    rtexit.o(.ARM.exidx) refers (Special) to rtexit2.o(.ARM.Collect$$rtexit$$00000004) for __rt_exit_exit
    rtexit.o(.ARM.exidx) refers (Special) to rtexit2.o(.ARM.Collect$$rtexit$$00000003) for __rt_exit_ls
    rtexit.o(.ARM.exidx) refers (Special) to rtexit2.o(.ARM.Collect$$rtexit$$00000002) for __rt_exit_prels_1
    rtexit.o(.ARM.exidx) refers to rtexit.o(.ARM.Collect$$rtexit$$00000000) for .ARM.Collect$$rtexit$$00000000
    rt_raise.o(.text) refers to __raise.o(.text) for __raise
    rt_raise.o(.text) refers to sys_exit.o(.text) for _sys_exit
    defsig_exit.o(.text) refers to sys_exit.o(.text) for _sys_exit
    defsig_fpe_inner.o(.text) refers to defsig_general.o(.text) for __default_signal_display
    libinit2.o(.ARM.Collect$$libinit$$00000001) refers to fpinit.o(x$fpl$fpinit) for _fp_init
    libinit2.o(.ARM.Collect$$libinit$$00000010) refers to libinit2.o(.ARM.Collect$$libinit$$0000000F) for .ARM.Collect$$libinit$$0000000F
    libinit2.o(.ARM.Collect$$libinit$$00000012) refers to libinit2.o(.ARM.Collect$$libinit$$0000000F) for .ARM.Collect$$libinit$$0000000F
    libinit2.o(.ARM.Collect$$libinit$$00000014) refers to libinit2.o(.ARM.Collect$$libinit$$0000000F) for .ARM.Collect$$libinit$$0000000F
    libinit2.o(.ARM.Collect$$libinit$$00000016) refers to libinit2.o(.ARM.Collect$$libinit$$0000000F) for .ARM.Collect$$libinit$$0000000F
    libinit2.o(.ARM.Collect$$libinit$$00000018) refers to libinit2.o(.ARM.Collect$$libinit$$0000000F) for .ARM.Collect$$libinit$$0000000F
    libinit2.o(.ARM.Collect$$libinit$$00000026) refers to argv_veneer.o(.emb_text) for __ARM_argv_veneer
    libinit2.o(.ARM.Collect$$libinit$$00000027) refers to argv_veneer.o(.emb_text) for __ARM_argv_veneer
    sys_exit.o(.text) refers (Special) to use_no_semi.o(.text) for __I$use$semihosting
    sys_exit.o(.text) refers (Special) to indicate_semi.o(.text) for __semihosting_library_function
    rtexit2.o(.ARM.Collect$$rtexit$$00000003) refers to libshutdown.o(.ARM.Collect$$libshutdown$$00000000) for __rt_lib_shutdown
    rtexit2.o(.ARM.Collect$$rtexit$$00000004) refers to sys_exit.o(.text) for _sys_exit
    rtexit2.o(.ARM.exidx) refers to rtexit2.o(.ARM.Collect$$rtexit$$00000001) for .ARM.Collect$$rtexit$$00000001
    rtexit2.o(.ARM.exidx) refers to rtexit2.o(.ARM.Collect$$rtexit$$00000003) for .ARM.Collect$$rtexit$$00000003
    rtexit2.o(.ARM.exidx) refers to rtexit2.o(.ARM.Collect$$rtexit$$00000004) for .ARM.Collect$$rtexit$$00000004
    __raise.o(.text) refers to __raise.o(i.__ARM_common_call_via_r2) for __ARM_common_call_via_r2
    __raise.o(.text) refers to defsig.o(CL$$defsig) for __default_signal_handler
    defsig_general.o(.text) refers to sys_wrch.o(.text) for _ttywrch
    argv_veneer.o(.emb_text) refers to no_argv.o(.text) for __ARM_get_argv
    sys_wrch.o(.text) refers (Special) to use_no_semi.o(.text) for __I$use$semihosting
    sys_wrch.o(.text) refers (Special) to indicate_semi.o(.text) for __semihosting_library_function
    defsig.o(CL$$defsig) refers to defsig_fpe_inner.o(.text) for __rt_SIGFPE_inner
    defsig.o(CL$$defsig) refers to defsig_rtmem_inner.o(.text) for __rt_SIGRTMEM_inner
    _get_argv_nomalloc.o(.text) refers (Special) to hrguard.o(.text) for __heap_region$guard
    _get_argv_nomalloc.o(.text) refers to defsig_rtmem_outer.o(.text) for __rt_SIGRTMEM
    _get_argv_nomalloc.o(.text) refers to sys_command.o(.text) for _sys_command_string
    libshutdown.o(.ARM.Collect$$libshutdown$$00000000) refers (Special) to libshutdown2.o(.ARM.Collect$$libshutdown$$00000002) for __rt_lib_shutdown_cpp_1
    libshutdown.o(.ARM.Collect$$libshutdown$$00000000) refers (Special) to libshutdown2.o(.ARM.Collect$$libshutdown$$00000007) for __rt_lib_shutdown_fp_trap_1
    libshutdown.o(.ARM.Collect$$libshutdown$$00000000) refers (Special) to libshutdown2.o(.ARM.Collect$$libshutdown$$0000000F) for __rt_lib_shutdown_heap_1
    libshutdown.o(.ARM.Collect$$libshutdown$$00000000) refers (Special) to libshutdown2.o(.ARM.Collect$$libshutdown$$00000010) for __rt_lib_shutdown_return
    libshutdown.o(.ARM.Collect$$libshutdown$$00000000) refers (Special) to libshutdown2.o(.ARM.Collect$$libshutdown$$0000000A) for __rt_lib_shutdown_signal_1
    libshutdown.o(.ARM.Collect$$libshutdown$$00000000) refers (Special) to libshutdown2.o(.ARM.Collect$$libshutdown$$00000004) for __rt_lib_shutdown_stdio_1
    libshutdown.o(.ARM.Collect$$libshutdown$$00000000) refers (Special) to libshutdown2.o(.ARM.Collect$$libshutdown$$0000000C) for __rt_lib_shutdown_user_alloc_1
    sys_command.o(.text) refers (Special) to use_no_semi.o(.text) for __I$use$semihosting
    sys_command.o(.text) refers (Special) to indicate_semi.o(.text) for __semihosting_library_function
    defsig_abrt_inner.o(.text) refers to defsig_general.o(.text) for __default_signal_display
    defsig_rtred_inner.o(.text) refers to defsig_general.o(.text) for __default_signal_display
    defsig_rtmem_inner.o(.text) refers to defsig_general.o(.text) for __default_signal_display
    defsig_rtmem_outer.o(.text) refers to defsig_rtmem_inner.o(.text) for __rt_SIGRTMEM_inner
    defsig_rtmem_outer.o(.text) refers to defsig_exit.o(.text) for __sig_exit
    defsig_rtmem_formal.o(.text) refers to rt_raise.o(.text) for __rt_raise
    defsig_stak_inner.o(.text) refers to defsig_general.o(.text) for __default_signal_display
    defsig_pvfn_inner.o(.text) refers to defsig_general.o(.text) for __default_signal_display
    defsig_cppl_inner.o(.text) refers to defsig_general.o(.text) for __default_signal_display
    defsig_segv_inner.o(.text) refers to defsig_general.o(.text) for __default_signal_display
    defsig_other.o(.text) refers to defsig_general.o(.text) for __default_signal_display

Checking duplicate symbol definitions

==============================================================================

Removing Unused input sections from the image.

    Removing delay.o(.text), (60 bytes).

1 unused section(s) (total 60 bytes) removed from the image.
Using Worst Fit .ANY placement algorithm.
              reference :  __scatterload_copy
              reference :  __scatterload_zeroinit
              reference :  __scatterload_null
              reference :  __scatterload_rt2
Choosing data area compressor
Data area too small to benefit from compression.
Selecting member __scatter_copy.o(c_t.l) to define __scatterload_copy.
Selecting member __scatter_zi.o(c_t.l) to define __scatterload_zeroinit.
Selecting member __scatter.o(c_t.l) to define __scatterload_null.
Selecting member __scatter.o(c_t.l) to define __scatterload_rt2.
Loading member __scatter.o from c_t.l.
              definition:  __scatterload
              definition:  __scatterload_rt2
              definition:  __scatterload_null
              reference :  Region$$Table$$Base
              reference :  Region$$Table$$Limit
              reference :  __rt_entry
Loading member __scatter_copy.o from c_t.l.
              definition:  __scatterload_copy
Loading member __scatter_zi.o from c_t.l.
              definition:  __scatterload_zeroinit
Patching/Reducing relocations
              definition:  Inline ARM to Thumb Veneer to __rt_lib_init
              definition:  Inline ARM to Thumb Veneer to __rt_lib_shutdown
              definition:  Inline Thumb to ARM Veneer to __rt_exit
              definition:  Inline ARM to Thumb Veneer to _sys_exit

==============================================================================

Adding Veneers to the image

    Adding AT veneer (8 bytes, Inline) for call to '__rt_lib_init' from __rtentry2.o(.ARM.Collect$$rtentry$$0000000A).
    Adding AT veneer (8 bytes, Inline) for call to '__rt_lib_shutdown' from rtexit2.o(.ARM.Collect$$rtexit$$00000003).
    Adding TA veneer (4 bytes, Inline) for call to '__rt_exit' from exit.o(.text).
    Adding AT veneer (8 bytes, Inline) for call to '_sys_exit' from rtexit2.o(.ARM.Collect$$rtexit$$00000004).

4 Veneer(s) (total 28 bytes) added to the image.
Generating Static Call Graph.
Creating output file .\lab12.axf.

==============================================================================

Image Symbol Table

    Local Symbols

    Symbol Name                              Value     Ov Type        Size  Object(Section)

    RESET                                    0x00000000   Section      220  startup.o(RESET)
    ../clib/angel/boardlib.s                 0x00000000   Number         0  boardinit1.o ABSOLUTE
    ../clib/angel/boardlib.s                 0x00000000   Number         0  boardinit2.o ABSOLUTE
    ../clib/angel/boardlib.s                 0x00000000   Number         0  boardinit3.o ABSOLUTE
    ../clib/angel/boardlib.s                 0x00000000   Number         0  boardshut.o ABSOLUTE
    ../clib/angel/handlers.s                 0x00000000   Number         0  __scatter_zi.o ABSOLUTE
    ../clib/angel/handlers.s                 0x00000000   Number         0  __scatter_copy.o ABSOLUTE
    ../clib/angel/kernel.s                   0x00000000   Number         0  __rtentry2.o ABSOLUTE
    ../clib/angel/kernel.s                   0x00000000   Number         0  __rtentry.o ABSOLUTE
    ../clib/angel/kernel.s                   0x00000000   Number         0  rtexit.o ABSOLUTE
    ../clib/angel/kernel.s                   0x00000000   Number         0  __rtentry4.o ABSOLUTE
    ../clib/angel/kernel.s                   0x00000000   Number         0  rtexit2.o ABSOLUTE
    ../clib/angel/rt.s                       0x00000000   Number         0  aeabi_idiv0_sigfpe.o ABSOLUTE
    ../clib/angel/rt.s                       0x00000000   Number         0  aeabi_idiv0.o ABSOLUTE
    ../clib/angel/rt.s                       0x00000000   Number         0  rt_raise.o ABSOLUTE
    ../clib/angel/rt.s                       0x00000000   Number         0  rt_div0.o ABSOLUTE
    ../clib/angel/scatter.s                  0x00000000   Number         0  __scatter.o ABSOLUTE
    ../clib/angel/startup.s                  0x00000000   Number         0  __main.o ABSOLUTE
    ../clib/angel/sys.s                      0x00000000   Number         0  sys_stackheap_outer.o ABSOLUTE
    ../clib/angel/sys.s                      0x00000000   Number         0  use_no_semi.o ABSOLUTE
    ../clib/angel/sys.s                      0x00000000   Number         0  libspace.o ABSOLUTE
    ../clib/angel/sys.s                      0x00000000   Number         0  indicate_semi.o ABSOLUTE
    ../clib/angel/sysapp.c                   0x00000000   Number         0  sys_wrch.o ABSOLUTE
    ../clib/angel/sysapp.c                   0x00000000   Number         0  sys_exit.o ABSOLUTE
    ../clib/angel/sysapp.c                   0x00000000   Number         0  sys_command.o ABSOLUTE
    ../clib/armsys.c                         0x00000000   Number         0  _get_argv_nomalloc.o ABSOLUTE
    ../clib/armsys.c                         0x00000000   Number         0  argv_veneer.o ABSOLUTE
    ../clib/armsys.c                         0x00000000   Number         0  argv_veneer.o ABSOLUTE
    ../clib/armsys.c                         0x00000000   Number         0  no_argv.o ABSOLUTE
    ../clib/division.s                       0x00000000   Number         0  aeabi_sdiv_div0.o ABSOLUTE
    ../clib/division.s                       0x00000000   Number         0  aeabi_sdiv.o ABSOLUTE
    ../clib/divrt.s                          0x00000000   Number         0  divrt_7tdmi_div0.o ABSOLUTE
    ../clib/divrt.s                          0x00000000   Number         0  divrt_7tdmi.o ABSOLUTE
    ../clib/heapalloc.c                      0x00000000   Number         0  hrguard.o ABSOLUTE
    ../clib/heapaux.c                        0x00000000   Number         0  heapauxi.o ABSOLUTE
    ../clib/libinit.s                        0x00000000   Number         0  libinit.o ABSOLUTE
    ../clib/libinit.s                        0x00000000   Number         0  libshutdown2.o ABSOLUTE
    ../clib/libinit.s                        0x00000000   Number         0  libshutdown.o ABSOLUTE
    ../clib/libinit.s                        0x00000000   Number         0  libinit2.o ABSOLUTE
    ../clib/signal.c                         0x00000000   Number         0  defsig_fpe_outer.o ABSOLUTE
    ../clib/signal.c                         0x00000000   Number         0  defsig_fpe_formal.o ABSOLUTE
    ../clib/signal.c                         0x00000000   Number         0  defsig_stak_inner.o ABSOLUTE
    ../clib/signal.c                         0x00000000   Number         0  defsig_abrt_inner.o ABSOLUTE
    ../clib/signal.c                         0x00000000   Number         0  defsig_rtred_inner.o ABSOLUTE
    ../clib/signal.c                         0x00000000   Number         0  defsig_rtmem_inner.o ABSOLUTE
    ../clib/signal.c                         0x00000000   Number         0  defsig_rtmem_outer.o ABSOLUTE
    ../clib/signal.c                         0x00000000   Number         0  defsig_rtmem_formal.o ABSOLUTE
    ../clib/signal.c                         0x00000000   Number         0  defsig_pvfn_inner.o ABSOLUTE
    ../clib/signal.c                         0x00000000   Number         0  __raise.o ABSOLUTE
    ../clib/signal.c                         0x00000000   Number         0  defsig_cppl_inner.o ABSOLUTE
    ../clib/signal.c                         0x00000000   Number         0  defsig_fpe_inner.o ABSOLUTE
    ../clib/signal.c                         0x00000000   Number         0  defsig_segv_inner.o ABSOLUTE
    ../clib/signal.c                         0x00000000   Number         0  defsig_exit.o ABSOLUTE
    ../clib/signal.c                         0x00000000   Number         0  defsig_other.o ABSOLUTE
    ../clib/signal.c                         0x00000000   Number         0  defsig_general.o ABSOLUTE
    ../clib/signal.s                         0x00000000   Number         0  defsig.o ABSOLUTE
    ../clib/stdlib.c                         0x00000000   Number         0  exit.o ABSOLUTE
    ../fplib/dcmpi.s                         0x00000000   Number         0  dcmpi.o ABSOLUTE
    ../fplib/dflt.s                          0x00000000   Number         0  dflt_noclz.o ABSOLUTE
    ../fplib/dleqf.s                         0x00000000   Number         0  dleqf.o ABSOLUTE
    ../fplib/dnaninf.s                       0x00000000   Number         0  dnaninf.o ABSOLUTE
    ../fplib/fpinit.s                        0x00000000   Number         0  fpinit.o ABSOLUTE
    ../fplib/usenofp.s                       0x00000000   Number         0  usenofp.o ABSOLUTE
    Startup.s                                0x00000000   Number         0  startup.o ABSOLUTE
    dc.s                                     0x00000000   Number         0  dc.o ABSOLUTE
    delay.c                                  0x00000000   Number         0  delay.o ABSOLUTE
    i2c_driver.c                             0x00000000   Number         0  i2c_driver.o ABSOLUTE
    lab12.c                                  0x00000000   Number         0  lab12.o ABSOLUTE
    serial.c                                 0x00000000   Number         0  serial.o ABSOLUTE
    Undef_Handler                            0x00000040   ARM Code       4  startup.o(RESET)
    SWI_Handler                              0x00000044   ARM Code       4  startup.o(RESET)
    PAbt_Handler                             0x00000048   ARM Code       4  startup.o(RESET)
    DAbt_Handler                             0x0000004c   ARM Code       4  startup.o(RESET)
    IRQ_Handler                              0x00000050   ARM Code       4  startup.o(RESET)
    FIQ_Handler                              0x00000054   ARM Code       4  startup.o(RESET)
    !!!main                                  0x000000dc   Section        8  __main.o(!!!main)
    !!!scatter                               0x000000e4   Section       60  __scatter.o(!!!scatter)
    !!handler_copy                           0x00000120   Section       40  __scatter_copy.o(!!handler_copy)
    !!handler_zi                             0x00000148   Section       44  __scatter_zi.o(!!handler_zi)
    .ARM.Collect$$libinit$$00000000          0x0000017c   Section        2  libinit.o(.ARM.Collect$$libinit$$00000000)
    .ARM.Collect$$libinit$$00000002          0x0000017e   Section        0  libinit2.o(.ARM.Collect$$libinit$$00000002)
    .ARM.Collect$$libinit$$00000004          0x0000017e   Section        0  libinit2.o(.ARM.Collect$$libinit$$00000004)
    .ARM.Collect$$libinit$$0000000A          0x0000017e   Section        0  libinit2.o(.ARM.Collect$$libinit$$0000000A)
    .ARM.Collect$$libinit$$0000000C          0x0000017e   Section        0  libinit2.o(.ARM.Collect$$libinit$$0000000C)
    .ARM.Collect$$libinit$$0000000E          0x0000017e   Section        0  libinit2.o(.ARM.Collect$$libinit$$0000000E)
    .ARM.Collect$$libinit$$00000011          0x0000017e   Section        0  libinit2.o(.ARM.Collect$$libinit$$00000011)
    .ARM.Collect$$libinit$$00000013          0x0000017e   Section        0  libinit2.o(.ARM.Collect$$libinit$$00000013)
    .ARM.Collect$$libinit$$00000015          0x0000017e   Section        0  libinit2.o(.ARM.Collect$$libinit$$00000015)
    .ARM.Collect$$libinit$$00000017          0x0000017e   Section        0  libinit2.o(.ARM.Collect$$libinit$$00000017)
    .ARM.Collect$$libinit$$00000019          0x0000017e   Section        0  libinit2.o(.ARM.Collect$$libinit$$00000019)
    .ARM.Collect$$libinit$$0000001B          0x0000017e   Section        0  libinit2.o(.ARM.Collect$$libinit$$0000001B)
    .ARM.Collect$$libinit$$0000001D          0x0000017e   Section        0  libinit2.o(.ARM.Collect$$libinit$$0000001D)
    .ARM.Collect$$libinit$$0000001F          0x0000017e   Section        0  libinit2.o(.ARM.Collect$$libinit$$0000001F)
    .ARM.Collect$$libinit$$00000021          0x0000017e   Section        0  libinit2.o(.ARM.Collect$$libinit$$00000021)
    .ARM.Collect$$libinit$$00000023          0x0000017e   Section        0  libinit2.o(.ARM.Collect$$libinit$$00000023)
    .ARM.Collect$$libinit$$00000025          0x0000017e   Section        0  libinit2.o(.ARM.Collect$$libinit$$00000025)
    .ARM.Collect$$libinit$$0000002C          0x0000017e   Section        0  libinit2.o(.ARM.Collect$$libinit$$0000002C)
    .ARM.Collect$$libinit$$0000002E          0x0000017e   Section        0  libinit2.o(.ARM.Collect$$libinit$$0000002E)
    .ARM.Collect$$libinit$$00000030          0x0000017e   Section        0  libinit2.o(.ARM.Collect$$libinit$$00000030)
    .ARM.Collect$$libinit$$00000032          0x0000017e   Section        0  libinit2.o(.ARM.Collect$$libinit$$00000032)
    .ARM.Collect$$libinit$$00000033          0x0000017e   Section       12  libinit2.o(.ARM.Collect$$libinit$$00000033)
    .ARM.Collect$$libshutdown$$00000000      0x00000194   Section        4  libshutdown.o(.ARM.Collect$$libshutdown$$00000000)
    .ARM.Collect$$libshutdown$$00000002      0x00000198   Section        0  libshutdown2.o(.ARM.Collect$$libshutdown$$00000002)
    .ARM.Collect$$libshutdown$$00000004      0x00000198   Section        0  libshutdown2.o(.ARM.Collect$$libshutdown$$00000004)
    .ARM.Collect$$libshutdown$$00000007      0x00000198   Section        0  libshutdown2.o(.ARM.Collect$$libshutdown$$00000007)
    .ARM.Collect$$libshutdown$$0000000A      0x00000198   Section        0  libshutdown2.o(.ARM.Collect$$libshutdown$$0000000A)
    .ARM.Collect$$libshutdown$$0000000C      0x00000198   Section        0  libshutdown2.o(.ARM.Collect$$libshutdown$$0000000C)
    .ARM.Collect$$libshutdown$$0000000F      0x00000198   Section        0  libshutdown2.o(.ARM.Collect$$libshutdown$$0000000F)
    .ARM.Collect$$libshutdown$$00000010      0x00000198   Section        6  libshutdown2.o(.ARM.Collect$$libshutdown$$00000010)
    .ARM.Collect$$rtentry$$00000000          0x000001a0   Section        0  __rtentry.o(.ARM.Collect$$rtentry$$00000000)
    .ARM.Collect$$rtentry$$00000002          0x000001a0   Section        0  __rtentry2.o(.ARM.Collect$$rtentry$$00000002)
    .ARM.Collect$$rtentry$$00000004          0x000001a0   Section        8  __rtentry4.o(.ARM.Collect$$rtentry$$00000004)
    .ARM.Collect$$rtentry$$00000009          0x000001a8   Section        0  __rtentry2.o(.ARM.Collect$$rtentry$$00000009)
    .ARM.Collect$$rtentry$$0000000A          0x000001a8   Section        4  __rtentry2.o(.ARM.Collect$$rtentry$$0000000A)
    .ARM.Collect$$rtentry$$0000000C          0x000001ac   Section        0  __rtentry2.o(.ARM.Collect$$rtentry$$0000000C)
    .ARM.Collect$$rtentry$$0000000D          0x000001ac   Section       40  __rtentry2.o(.ARM.Collect$$rtentry$$0000000D)
    .ARM.Collect$$rtexit$$00000000           0x000001d8   Section        4  rtexit.o(.ARM.Collect$$rtexit$$00000000)
    .ARM.Collect$$rtexit$$00000002           0x000001dc   Section        0  rtexit2.o(.ARM.Collect$$rtexit$$00000002)
    .ARM.Collect$$rtexit$$00000003           0x000001dc   Section        4  rtexit2.o(.ARM.Collect$$rtexit$$00000003)
    .ARM.Collect$$rtexit$$00000004           0x000001e0   Section        8  rtexit2.o(.ARM.Collect$$rtexit$$00000004)
    .text                                    0x000001e8   Section       32  startup.o(.text)
    .text                                    0x00000208   Section        0  serial.o(.text)
    .text                                    0x00000538   Section        0  i2c_driver.o(.text)
    .text                                    0x00000928   Section        0  lab12.o(.text)
    .text                                    0x00000a18   Section      384  aeabi_sdiv.o(.text)
    __arm_div8                               0x00000a44   ARM Code       0  aeabi_sdiv.o(.text)
    __arm_div5                               0x00000a68   ARM Code       0  aeabi_sdiv.o(.text)
    __arm_div2                               0x00000a8c   ARM Code       0  aeabi_sdiv.o(.text)
    __arm_div_large                          0x00000ac8   ARM Code       0  aeabi_sdiv.o(.text)
    .text                                    0x00000b98   Section        0  heapauxi.o(.text)
    .text                                    0x00000ba0   Section       96  sys_stackheap_outer.o(.text)
    .text                                    0x00000c00   Section        0  exit.o(.text)
    .text                                    0x00000c14   Section       12  libspace.o(.text)
    .text                                    0x00000c28   Section        0  sys_exit.o(.text)
    .text                                    0x00000c34   Section        4  use_no_semi.o(.text)
    .text                                    0x00000c38   Section        0  indicate_semi.o(.text)
    .text_udiv                               0x00000c38   Section       36  aeabi_sdiv.o(.text_udiv)
    x$fpl$dcmpinf                            0x00000c5c   Section       28  dcmpi.o(x$fpl$dcmpinf)
    x$fpl$dflt                               0x00000c78   Section       88  dflt_noclz.o(x$fpl$dflt)
    x$fpl$dfltu                              0x00000cd0   Section       12  dflt_noclz.o(x$fpl$dfltu)
    x$fpl$dleqf                              0x00000cdc   Section      148  dleqf.o(x$fpl$dleqf)
    x$fpl$dnaninf                            0x00000d70   Section      192  dnaninf.o(x$fpl$dnaninf)
    x$fpl$usenofp                            0x00000e30   Section        0  usenofp.o(x$fpl$usenofp)
    .data                                    0x40000000   Section       16  i2c_driver.o(.data)
    .data                                    0x40000010   Section        4  lab12.o(.data)
    .bss                                     0x40000014   Section       96  libspace.o(.bss)
    HEAP                                     0x40000078   Section        0  startup.o(HEAP)
    STACK                                    0x40000078   Section     1160  startup.o(STACK)
    Heap_Mem                                 0x40000078   Data           0  startup.o(HEAP)
    Stack_Mem                                0x40000078   Data        1024  startup.o(STACK)
    Stack_Top                                0x40000500   Data           0  startup.o(STACK)

    Global Symbols

    Symbol Name                              Value     Ov Type        Size  Object(Section)

    BuildAttributes$$THM_ISAv1$ARM_ISAv4$S$PE$A:L22$X:L11$S22$IEEE1$IW$USESV6$~STKCKD$USESV7$~SHL$OSPACE$ROPI$EBA8$UX$STANDARDLIB$REQ8$PRES8$EABIv2 0x00000000   Number         0  anon$$obj.o ABSOLUTE
    __ARM_use_no_argv                        0x00000000   Number         0  lab12.o ABSOLUTE
    __ARM_exceptions_init                     - Undefined Weak Reference
    __alloca_initialize                       - Undefined Weak Reference
    __arm_preinit_                            - Undefined Weak Reference
    __cpp_initialize__aeabi_                  - Undefined Weak Reference
    __cxa_finalize                            - Undefined Weak Reference
    __rt_locale                               - Undefined Weak Reference
    __sigvec_lookup                           - Undefined Weak Reference
    _atexit_init                              - Undefined Weak Reference
    _call_atexit_fns                          - Undefined Weak Reference
    _clock_init                               - Undefined Weak Reference
    _fp_trap_init                             - Undefined Weak Reference
    _fp_trap_shutdown                         - Undefined Weak Reference
    _get_lc_collate                           - Undefined Weak Reference
    _get_lc_ctype                             - Undefined Weak Reference
    _get_lc_monetary                          - Undefined Weak Reference
    _get_lc_numeric                           - Undefined Weak Reference
    _get_lc_time                              - Undefined Weak Reference
    _getenv_init                              - Undefined Weak Reference
    _handle_redirection                       - Undefined Weak Reference
    _init_alloc                               - Undefined Weak Reference
    _init_user_alloc                          - Undefined Weak Reference
    _initio                                   - Undefined Weak Reference
    _rand_init                                - Undefined Weak Reference
    _signal_finish                            - Undefined Weak Reference
    _signal_init                              - Undefined Weak Reference
    _terminate_alloc                          - Undefined Weak Reference
    _terminate_user_alloc                     - Undefined Weak Reference
    _terminateio                              - Undefined Weak Reference
    Reset_Handler                            0x00000058   ARM Code       0  startup.o(RESET)
    __main                                   0x000000dc   ARM Code       8  __main.o(!!!main)
    __scatterload                            0x000000e4   ARM Code       0  __scatter.o(!!!scatter)
    __scatterload_rt2                        0x000000e4   ARM Code      52  __scatter.o(!!!scatter)
    __scatterload_null                       0x000000f8   ARM Code       0  __scatter.o(!!!scatter)
    __scatterload_copy                       0x00000120   ARM Code      40  __scatter_copy.o(!!handler_copy)
    __scatterload_zeroinit                   0x00000148   ARM Code      44  __scatter_zi.o(!!handler_zi)
    Inline ARM to Thumb Veneer to __rt_lib_init 0x00000174   ARM Code       8  libinit.o(.ARM.Collect$$libinit$$00000000)
    __rt_lib_init                            0x0000017d   Thumb Code     0  libinit.o(.ARM.Collect$$libinit$$00000000)
    __rt_lib_init_alloca_1                   0x0000017f   Thumb Code     0  libinit2.o(.ARM.Collect$$libinit$$0000002E)
    __rt_lib_init_argv_1                     0x0000017f   Thumb Code     0  libinit2.o(.ARM.Collect$$libinit$$0000002C)
    __rt_lib_init_atexit_1                   0x0000017f   Thumb Code     0  libinit2.o(.ARM.Collect$$libinit$$0000001B)
    __rt_lib_init_clock_1                    0x0000017f   Thumb Code     0  libinit2.o(.ARM.Collect$$libinit$$00000021)
    __rt_lib_init_cpp_1                      0x0000017f   Thumb Code     0  libinit2.o(.ARM.Collect$$libinit$$00000032)
    __rt_lib_init_exceptions_1               0x0000017f   Thumb Code     0  libinit2.o(.ARM.Collect$$libinit$$00000030)
    __rt_lib_init_fp_1                       0x0000017f   Thumb Code     0  libinit2.o(.ARM.Collect$$libinit$$00000002)
    __rt_lib_init_fp_trap_1                  0x0000017f   Thumb Code     0  libinit2.o(.ARM.Collect$$libinit$$0000001F)
    __rt_lib_init_getenv_1                   0x0000017f   Thumb Code     0  libinit2.o(.ARM.Collect$$libinit$$00000023)
    __rt_lib_init_heap_1                     0x0000017f   Thumb Code     0  libinit2.o(.ARM.Collect$$libinit$$0000000A)
    __rt_lib_init_lc_collate_1               0x0000017f   Thumb Code     0  libinit2.o(.ARM.Collect$$libinit$$00000011)
    __rt_lib_init_lc_ctype_1                 0x0000017f   Thumb Code     0  libinit2.o(.ARM.Collect$$libinit$$00000013)
    __rt_lib_init_lc_monetary_1              0x0000017f   Thumb Code     0  libinit2.o(.ARM.Collect$$libinit$$00000015)
    __rt_lib_init_lc_numeric_1               0x0000017f   Thumb Code     0  libinit2.o(.ARM.Collect$$libinit$$00000017)
    __rt_lib_init_lc_time_1                  0x0000017f   Thumb Code     0  libinit2.o(.ARM.Collect$$libinit$$00000019)
    __rt_lib_init_preinit_1                  0x0000017f   Thumb Code     0  libinit2.o(.ARM.Collect$$libinit$$00000004)
    __rt_lib_init_rand_1                     0x0000017f   Thumb Code     0  libinit2.o(.ARM.Collect$$libinit$$0000000E)
    __rt_lib_init_return                     0x0000017f   Thumb Code     0  libinit2.o(.ARM.Collect$$libinit$$00000033)
    __rt_lib_init_signal_1                   0x0000017f   Thumb Code     0  libinit2.o(.ARM.Collect$$libinit$$0000001D)
    __rt_lib_init_stdio_1                    0x0000017f   Thumb Code     0  libinit2.o(.ARM.Collect$$libinit$$00000025)
    __rt_lib_init_user_alloc_1               0x0000017f   Thumb Code     0  libinit2.o(.ARM.Collect$$libinit$$0000000C)
    Inline ARM to Thumb Veneer to __rt_lib_shutdown 0x0000018c   ARM Code       8  libshutdown.o(.ARM.Collect$$libshutdown$$00000000)
    __rt_lib_shutdown                        0x00000195   Thumb Code     0  libshutdown.o(.ARM.Collect$$libshutdown$$00000000)
    __rt_lib_shutdown_cpp_1                  0x00000199   Thumb Code     0  libshutdown2.o(.ARM.Collect$$libshutdown$$00000002)
    __rt_lib_shutdown_fp_trap_1              0x00000199   Thumb Code     0  libshutdown2.o(.ARM.Collect$$libshutdown$$00000007)
    __rt_lib_shutdown_heap_1                 0x00000199   Thumb Code     0  libshutdown2.o(.ARM.Collect$$libshutdown$$0000000F)
    __rt_lib_shutdown_return                 0x00000199   Thumb Code     0  libshutdown2.o(.ARM.Collect$$libshutdown$$00000010)
    __rt_lib_shutdown_signal_1               0x00000199   Thumb Code     0  libshutdown2.o(.ARM.Collect$$libshutdown$$0000000A)
    __rt_lib_shutdown_stdio_1                0x00000199   Thumb Code     0  libshutdown2.o(.ARM.Collect$$libshutdown$$00000004)
    __rt_lib_shutdown_user_alloc_1           0x00000199   Thumb Code     0  libshutdown2.o(.ARM.Collect$$libshutdown$$0000000C)
    __rt_entry                               0x000001a0   ARM Code       0  __rtentry.o(.ARM.Collect$$rtentry$$00000000)
    __rt_entry_presh_1                       0x000001a0   ARM Code       0  __rtentry2.o(.ARM.Collect$$rtentry$$00000002)
    __rt_entry_sh                            0x000001a0   ARM Code       0  __rtentry4.o(.ARM.Collect$$rtentry$$00000004)
    __rt_entry_li                            0x000001a8   ARM Code       0  __rtentry2.o(.ARM.Collect$$rtentry$$0000000A)
    __rt_entry_postsh_1                      0x000001a8   ARM Code       0  __rtentry2.o(.ARM.Collect$$rtentry$$00000009)
    __rt_entry_main                          0x000001ac   ARM Code       0  __rtentry2.o(.ARM.Collect$$rtentry$$0000000D)
    __rt_entry_postli_1                      0x000001ac   ARM Code       0  __rtentry2.o(.ARM.Collect$$rtentry$$0000000C)
    Inline Thumb to ARM Veneer to __rt_exit  0x000001d5   Thumb Code     4  rtexit.o(.ARM.Collect$$rtexit$$00000000)
    __rt_exit                                0x000001d8   ARM Code       0  rtexit.o(.ARM.Collect$$rtexit$$00000000)
    __rt_exit_ls                             0x000001dc   ARM Code       0  rtexit2.o(.ARM.Collect$$rtexit$$00000003)
    __rt_exit_prels_1                        0x000001dc   ARM Code       0  rtexit2.o(.ARM.Collect$$rtexit$$00000002)
    __rt_exit_exit                           0x000001e0   ARM Code       0  rtexit2.o(.ARM.Collect$$rtexit$$00000004)
    __user_initial_stackheap                 0x000001e8   ARM Code       0  startup.o(.text)
    sendchar                                 0x00000208   ARM Code      44  serial.o(.text)
    fputc                                    0x00000234   ARM Code      28  serial.o(.text)
    init_serial                              0x00000250   ARM Code      60  serial.o(.text)
    getkey                                   0x0000028c   ARM Code      36  serial.o(.text)
    hex2ascii                                0x000002b0   ARM Code      40  serial.o(.text)
    sendascii                                0x000002d8   ARM Code      88  serial.o(.text)
    sendstring                               0x00000330   ARM Code      48  serial.o(.text)
    delay                                    0x00000360   ARM Code      36  serial.o(.text)
    enable                                   0x00000384   ARM Code      44  serial.o(.text)
    LCD_CMD                                  0x000003b0   ARM Code      52  serial.o(.text)
    LCD_DATA                                 0x000003e4   ARM Code      52  serial.o(.text)
    init_LCD                                 0x00000418   ARM Code      76  serial.o(.text)
    change_Adress                            0x00000464   ARM Code      28  serial.o(.text)
    cursor_move                              0x00000480   ARM Code      88  serial.o(.text)
    send_Text                                0x000004d8   ARM Code      80  serial.o(.text)
    num2char                                 0x00000538   ARM Code      88  i2c_driver.o(.text)
    afisare                                  0x00000590   ARM Code     292  i2c_driver.o(.text)
    ISR_58                                   0x000006b4   ARM Code      60  i2c_driver.o(.text)
    ISR_50                                   0x000006f0   ARM Code     100  i2c_driver.o(.text)
    ISR_48                                   0x00000754   ARM Code      16  i2c_driver.o(.text)
    ISR_40                                   0x00000764   ARM Code      24  i2c_driver.o(.text)
    ISR_8                                    0x0000077c   ARM Code      24  i2c_driver.o(.text)
    I2C_ISR                                  0x00000794   ARM Code     160  i2c_driver.o(.text)
    i2cInit                                  0x00000834   ARM Code     196  i2c_driver.o(.text)
    main                                     0x00000928   ARM Code     208  lab12.o(.text)
    __aeabi_idiv                             0x00000a18   ARM Code       0  aeabi_sdiv.o(.text)
    __aeabi_idivmod                          0x00000a18   ARM Code     384  aeabi_sdiv.o(.text)
    __use_two_region_memory                  0x00000b99   Thumb Code     2  heapauxi.o(.text)
    __rt_heap_escrow$2region                 0x00000b9b   Thumb Code     2  heapauxi.o(.text)
    __rt_heap_expand$2region                 0x00000b9d   Thumb Code     2  heapauxi.o(.text)
    __user_setup_stackheap                   0x00000ba0   ARM Code      96  sys_stackheap_outer.o(.text)
    exit                                     0x00000c01   Thumb Code    20  exit.o(.text)
    __user_libspace                          0x00000c14   ARM Code      12  libspace.o(.text)
    __user_perproc_libspace                  0x00000c14   ARM Code       0  libspace.o(.text)
    __user_perthread_libspace                0x00000c14   ARM Code       0  libspace.o(.text)
    Inline ARM to Thumb Veneer to _sys_exit  0x00000c20   ARM Code       8  sys_exit.o(.text)
    _sys_exit                                0x00000c29   Thumb Code     8  sys_exit.o(.text)
    __I$use$semihosting                      0x00000c34   ARM Code       0  use_no_semi.o(.text)
    __use_no_semihosting_swi                 0x00000c34   ARM Code       4  use_no_semi.o(.text)
    __aeabi_uidiv                            0x00000c38   ARM Code       0  aeabi_sdiv.o(.text_udiv)
    __aeabi_uidivmod                         0x00000c38   ARM Code      36  aeabi_sdiv.o(.text_udiv)
    __semihosting_library_function           0x00000c38   ARM Code       0  indicate_semi.o(.text)
    __fpl_dcmp_Inf                           0x00000c5c   ARM Code      28  dcmpi.o(x$fpl$dcmpinf)
    __aeabi_i2d                              0x00000c78   ARM Code       0  dflt_noclz.o(x$fpl$dflt)
    _dflt                                    0x00000c78   ARM Code      88  dflt_noclz.o(x$fpl$dflt)
    __dflt_normalise                         0x00000c88   ARM Code       0  dflt_noclz.o(x$fpl$dflt)
    __aeabi_ui2d                             0x00000cd0   ARM Code       0  dflt_noclz.o(x$fpl$dfltu)
    _dfltu                                   0x00000cd0   ARM Code      12  dflt_noclz.o(x$fpl$dfltu)
    __aeabi_cdcmple                          0x00000cdc   ARM Code       0  dleqf.o(x$fpl$dleqf)
    _dcmple                                  0x00000cdc   ARM Code     148  dleqf.o(x$fpl$dleqf)
    __fpl_dcmple_InfNaN                      0x00000d58   ARM Code       0  dleqf.o(x$fpl$dleqf)
    __fpl_dnaninf                            0x00000d70   ARM Code     192  dnaninf.o(x$fpl$dnaninf)
    Region$$Table$$Base                      0x00000e30   Number         0  anon$$obj.o(Region$$Table)
    __I$use$fp                               0x00000e30   Number         0  usenofp.o(x$fpl$usenofp)
    Region$$Table$$Limit                     0x00000e50   Number         0  anon$$obj.o(Region$$Table)
    i2c_buf                                  0x40000000   Data           2  i2c_driver.o(.data)
    cnt                                      0x40000004   Data           4  i2c_driver.o(.data)
    old_temp                                 0x40000008   Data           4  i2c_driver.o(.data)
    display                                  0x4000000c   Data           4  i2c_driver.o(.data)
    tempMeas                                 0x40000010   Data           4  lab12.o(.data)
    __libspace_start                         0x40000014   Data          96  libspace.o(.bss)
    __temporary_stack_top$libspace           0x40000074   Data           0  libspace.o(.bss)



==============================================================================

Memory Map of the image

  Image Entry point : 0x000000dc

  Load Region LR_IROM1 (Base: 0x00000000, Size: 0x00000e64, Max: 0x00080000, ABSOLUTE)

    Execution Region ER_IROM1 (Exec base: 0x00000000, Load base: 0x00000000, Size: 0x00000e50, Max: 0x00080000, ABSOLUTE)

    Exec Addr    Load Addr    Size         Type   Attr      Idx    E Section Name        Object

    0x00000000   0x00000000   0x000000dc   Code   RO            3    RESET               startup.o
    0x000000dc   0x000000dc   0x00000008   Code   RO          101  * !!!main             c_t.l(__main.o)
    0x000000e4   0x000000e4   0x0000003c   Code   RO          281    !!!scatter          c_t.l(__scatter.o)
    0x00000120   0x00000120   0x00000028   Code   RO          283    !!handler_copy      c_t.l(__scatter_copy.o)
    0x00000148   0x00000148   0x0000002c   Code   RO          285    !!handler_zi        c_t.l(__scatter_zi.o)
    0x00000174   0x00000174   0x00000008   Ven    RO          149    .ARM.Collect$$libinit$$00000000  c_t.l(libinit.o)
    0x0000017c   0x0000017c   0x00000002   Code   RO          149    .ARM.Collect$$libinit$$00000000  c_t.l(libinit.o)
    0x0000017e   0x0000017e   0x00000000   Code   RO          162    .ARM.Collect$$libinit$$00000002  c_t.l(libinit2.o)
    0x0000017e   0x0000017e   0x00000000   Code   RO          164    .ARM.Collect$$libinit$$00000004  c_t.l(libinit2.o)
    0x0000017e   0x0000017e   0x00000000   Code   RO          167    .ARM.Collect$$libinit$$0000000A  c_t.l(libinit2.o)
    0x0000017e   0x0000017e   0x00000000   Code   RO          169    .ARM.Collect$$libinit$$0000000C  c_t.l(libinit2.o)
    0x0000017e   0x0000017e   0x00000000   Code   RO          171    .ARM.Collect$$libinit$$0000000E  c_t.l(libinit2.o)
    0x0000017e   0x0000017e   0x00000000   Code   RO          174    .ARM.Collect$$libinit$$00000011  c_t.l(libinit2.o)
    0x0000017e   0x0000017e   0x00000000   Code   RO          176    .ARM.Collect$$libinit$$00000013  c_t.l(libinit2.o)
    0x0000017e   0x0000017e   0x00000000   Code   RO          178    .ARM.Collect$$libinit$$00000015  c_t.l(libinit2.o)
    0x0000017e   0x0000017e   0x00000000   Code   RO          180    .ARM.Collect$$libinit$$00000017  c_t.l(libinit2.o)
    0x0000017e   0x0000017e   0x00000000   Code   RO          182    .ARM.Collect$$libinit$$00000019  c_t.l(libinit2.o)
    0x0000017e   0x0000017e   0x00000000   Code   RO          184    .ARM.Collect$$libinit$$0000001B  c_t.l(libinit2.o)
    0x0000017e   0x0000017e   0x00000000   Code   RO          186    .ARM.Collect$$libinit$$0000001D  c_t.l(libinit2.o)
    0x0000017e   0x0000017e   0x00000000   Code   RO          188    .ARM.Collect$$libinit$$0000001F  c_t.l(libinit2.o)
    0x0000017e   0x0000017e   0x00000000   Code   RO          190    .ARM.Collect$$libinit$$00000021  c_t.l(libinit2.o)
    0x0000017e   0x0000017e   0x00000000   Code   RO          192    .ARM.Collect$$libinit$$00000023  c_t.l(libinit2.o)
    0x0000017e   0x0000017e   0x00000000   Code   RO          194    .ARM.Collect$$libinit$$00000025  c_t.l(libinit2.o)
    0x0000017e   0x0000017e   0x00000000   Code   RO          198    .ARM.Collect$$libinit$$0000002C  c_t.l(libinit2.o)
    0x0000017e   0x0000017e   0x00000000   Code   RO          200    .ARM.Collect$$libinit$$0000002E  c_t.l(libinit2.o)
    0x0000017e   0x0000017e   0x00000000   Code   RO          202    .ARM.Collect$$libinit$$00000030  c_t.l(libinit2.o)
    0x0000017e   0x0000017e   0x00000000   Code   RO          204    .ARM.Collect$$libinit$$00000032  c_t.l(libinit2.o)
    0x0000017e   0x0000017e   0x0000000c   Code   RO          205    .ARM.Collect$$libinit$$00000033  c_t.l(libinit2.o)
    0x0000018a   0x0000018a   0x00000002   PAD
    0x0000018c   0x0000018c   0x00000008   Ven    RO          238    .ARM.Collect$$libshutdown$$00000000  c_t.l(libshutdown.o)
    0x00000194   0x00000194   0x00000004   Code   RO          238    .ARM.Collect$$libshutdown$$00000000  c_t.l(libshutdown.o)
    0x00000198   0x00000198   0x00000000   Code   RO          264    .ARM.Collect$$libshutdown$$00000002  c_t.l(libshutdown2.o)
    0x00000198   0x00000198   0x00000000   Code   RO          266    .ARM.Collect$$libshutdown$$00000004  c_t.l(libshutdown2.o)
    0x00000198   0x00000198   0x00000000   Code   RO          269    .ARM.Collect$$libshutdown$$00000007  c_t.l(libshutdown2.o)
    0x00000198   0x00000198   0x00000000   Code   RO          272    .ARM.Collect$$libshutdown$$0000000A  c_t.l(libshutdown2.o)
    0x00000198   0x00000198   0x00000000   Code   RO          274    .ARM.Collect$$libshutdown$$0000000C  c_t.l(libshutdown2.o)
    0x00000198   0x00000198   0x00000000   Code   RO          277    .ARM.Collect$$libshutdown$$0000000F  c_t.l(libshutdown2.o)
    0x00000198   0x00000198   0x00000006   Code   RO          278    .ARM.Collect$$libshutdown$$00000010  c_t.l(libshutdown2.o)
    0x0000019e   0x0000019e   0x00000002   PAD
    0x000001a0   0x000001a0   0x00000000   Code   RO          109    .ARM.Collect$$rtentry$$00000000  c_t.l(__rtentry.o)
    0x000001a0   0x000001a0   0x00000000   Code   RO          120    .ARM.Collect$$rtentry$$00000002  c_t.l(__rtentry2.o)
    0x000001a0   0x000001a0   0x00000008   Code   RO          132    .ARM.Collect$$rtentry$$00000004  c_t.l(__rtentry4.o)
    0x000001a8   0x000001a8   0x00000000   Code   RO          122    .ARM.Collect$$rtentry$$00000009  c_t.l(__rtentry2.o)
    0x000001a8   0x000001a8   0x00000004   Code   RO          123    .ARM.Collect$$rtentry$$0000000A  c_t.l(__rtentry2.o)
    0x000001ac   0x000001ac   0x00000000   Code   RO          125    .ARM.Collect$$rtentry$$0000000C  c_t.l(__rtentry2.o)
    0x000001ac   0x000001ac   0x00000028   Code   RO          126    .ARM.Collect$$rtentry$$0000000D  c_t.l(__rtentry2.o)
    0x000001d4   0x000001d4   0x00000004   Ven    RO          153    .ARM.Collect$$rtexit$$00000000  c_t.l(rtexit.o)
    0x000001d8   0x000001d8   0x00000004   Code   RO          153    .ARM.Collect$$rtexit$$00000000  c_t.l(rtexit.o)
    0x000001dc   0x000001dc   0x00000000   Code   RO          209    .ARM.Collect$$rtexit$$00000002  c_t.l(rtexit2.o)
    0x000001dc   0x000001dc   0x00000004   Code   RO          210    .ARM.Collect$$rtexit$$00000003  c_t.l(rtexit2.o)
    0x000001e0   0x000001e0   0x00000008   Code   RO          211    .ARM.Collect$$rtexit$$00000004  c_t.l(rtexit2.o)
    0x000001e8   0x000001e8   0x00000020   Code   RO            4    .text               startup.o
    0x00000208   0x00000208   0x00000330   Code   RO           11    .text               serial.o
    0x00000538   0x00000538   0x000003f0   Code   RO           31    .text               i2c_driver.o
    0x00000928   0x00000928   0x000000f0   Code   RO           53    .text               lab12.o
    0x00000a18   0x00000a18   0x00000180   Code   RO           83    .text               c_t.l(aeabi_sdiv.o)
    0x00000b98   0x00000b98   0x00000006   Code   RO           99    .text               c_t.l(heapauxi.o)
    0x00000b9e   0x00000b9e   0x00000002   PAD
    0x00000ba0   0x00000ba0   0x00000060   Code   RO          136    .text               c_t.l(sys_stackheap_outer.o)
    0x00000c00   0x00000c00   0x00000014   Code   RO          138    .text               c_t.l(exit.o)
    0x00000c14   0x00000c14   0x0000000c   Code   RO          150    .text               c_t.l(libspace.o)
    0x00000c20   0x00000c20   0x00000008   Ven    RO          206    .text               c_t.l(sys_exit.o)
    0x00000c28   0x00000c28   0x0000000c   Code   RO          206    .text               c_t.l(sys_exit.o)
    0x00000c34   0x00000c34   0x00000004   Code   RO          227    .text               c_t.l(use_no_semi.o)
    0x00000c38   0x00000c38   0x00000000   Code   RO          229    .text               c_t.l(indicate_semi.o)
    0x00000c38   0x00000c38   0x00000024   Code   RO           84    .text_udiv          c_t.l(aeabi_sdiv.o)
    0x00000c5c   0x00000c5c   0x0000001c   Code   RO          114    x$fpl$dcmpinf       fz_ts.l(dcmpi.o)
    0x00000c78   0x00000c78   0x00000058   Code   RO          104    x$fpl$dflt          fz_ts.l(dflt_noclz.o)
    0x00000cd0   0x00000cd0   0x0000000c   Code   RO          103    x$fpl$dfltu         fz_ts.l(dflt_noclz.o)
    0x00000cdc   0x00000cdc   0x00000094   Code   RO          107    x$fpl$dleqf         fz_ts.l(dleqf.o)
    0x00000d70   0x00000d70   0x000000c0   Code   RO          116    x$fpl$dnaninf       fz_ts.l(dnaninf.o)
    0x00000e30   0x00000e30   0x00000000   Code   RO          118    x$fpl$usenofp       fz_ts.l(usenofp.o)
    0x00000e30   0x00000e30   0x00000020   Data   RO          279    Region$$Table       anon$$obj.o


    Execution Region RW_IRAM1 (Exec base: 0x40000000, Load base: 0x00000e50, Size: 0x00000500, Max: 0x00008000, ABSOLUTE)

    Exec Addr    Load Addr    Size         Type   Attr      Idx    E Section Name        Object

    0x40000000   0x00000e50   0x00000010   Data   RW           32    .data               i2c_driver.o
    0x40000010   0x00000e60   0x00000004   Data   RW           54    .data               lab12.o
    0x40000014        -       0x00000060   Zero   RW          151    .bss                c_t.l(libspace.o)
    0x40000074   0x00000e64   0x00000004   PAD
    0x40000078        -       0x00000000   Zero   RW            2    HEAP                startup.o
    0x40000078        -       0x00000488   Zero   RW            1    STACK               startup.o


==============================================================================

Image component sizes


      Code (inc. data)   RO Data    RW Data    ZI Data      Debug   Object Name

      1008         48          0         16          0       2783   i2c_driver.o
       240         32          0          4          0       1253   lab12.o
       816         16          0          0          0       6458   serial.o
       252         60          0          0       1160        528   startup.o

    ----------------------------------------------------------------------
      2316        156         32         20       1160      11022   Object Totals
         0          0         32          0          0          0   (incl. Generated)
         0          0          0          0          0          0   (incl. Padding)

    ----------------------------------------------------------------------

      Code (inc. data)   RO Data    RW Data    ZI Data      Debug   Library Member Name

         8          0          0          0          0         68   __main.o
         0          0          0          0          0          0   __rtentry.o
        44          4          0          0          0          0   __rtentry2.o
         8          0          0          0          0          0   __rtentry4.o
        60          8          0          0          0          0   __scatter.o
        40          0          0          0          0          0   __scatter_copy.o
        44          0          0          0          0          0   __scatter_zi.o
       420          0          0          0          0        148   aeabi_sdiv.o
        20          0          0          0          0         80   exit.o
         6          0          0          0          0        136   heapauxi.o
         0          0          0          0          0          0   indicate_semi.o
        10          0          0          0          0          0   libinit.o
        12          0          0          0          0          0   libinit2.o
        12          0          0          0          0          0   libshutdown.o
         6          0          0          0          0          0   libshutdown2.o
        12          4          0          0         96         68   libspace.o
         8          0          0          0          0          0   rtexit.o
        12          0          0          0          0          0   rtexit2.o
        20          4          0          0          0         60   sys_exit.o
        96          0          0          0          0         80   sys_stackheap_outer.o
         4          0          0          0          0         68   use_no_semi.o
        28          0          0          0          0         68   dcmpi.o
       100          0          0          0          0        136   dflt_noclz.o
       148          4          0          0          0         92   dleqf.o
       192          0          0          0          0        108   dnaninf.o
         0          0          0          0          0          0   usenofp.o

    ----------------------------------------------------------------------
      1316         24          0          0        100       1112   Library Totals
         6          0          0          0          4          0   (incl. Padding)

    ----------------------------------------------------------------------

      Code (inc. data)   RO Data    RW Data    ZI Data      Debug   Library Name

       842         20          0          0         96        708   c_t.l
       468          4          0          0          0        404   fz_ts.l

    ----------------------------------------------------------------------
      1316         24          0          0        100       1112   Library Totals

    ----------------------------------------------------------------------

==============================================================================


      Code (inc. data)   RO Data    RW Data    ZI Data      Debug   

      3632        180         32         20       1260      11574   Grand Totals
      3632        180         32         20       1260      11574   ELF Image Totals
      3632        180         32         20          0          0   ROM Totals

==============================================================================

    Total RO  Size (Code + RO Data)                 3664 (   3.58kB)
    Total RW  Size (RW Data + ZI Data)              1280 (   1.25kB)
    Total ROM Size (Code + RO Data + RW Data)       3684 (   3.60kB)

==============================================================================

